******************************************************************************
               TMS320C6x Linker PC v8.1.0                      
******************************************************************************
>> Linked Wed Sep 14 14:21:28 2016

OUTPUT FILE NAME:   <OpenMP_parallel.out>
ENTRY POINT SYMBOL: "_c_int00"  address: 0c0c3800


MEMORY CONFIGURATION

         name            origin    length      used     unused   attr    fill
----------------------  --------  ---------  --------  --------  ----  --------
  L2SRAM                00800000   00080000  00034728  0004b8d8  RWIX
  MSMCSRAM              0c000000   003c0000  000c36a6  002fc95a  RWIX
  DDR3                  80000000   20000000  01d2ba3a  1e2d45c6  RWIX
  MSMCSRAM_NOCACHE      a03c0000   00040000  0003996e  00006692  RWIX


SEGMENT ALLOCATION MAP

run origin  load origin   length   init length attrs members
----------  ----------- ---------- ----------- ----- -------
00800000    00800000    00034728   00000000    rw-
  00800000    00800000    00033604   00000000    rw- .localfar
  00833604    00833604    00000004   00000000    rw- .tls_tp
  00833608    00833608    00001000   00000000    rw- .stack
  00834608    00834608    00000120   00000000    rw- .cio
0c080000    0c080000    00042f7c   00042f7c    r-x
  0c080000    0c080000    0003d040   0003d040    r-x .text
  0c0bd040    0c0bd040    00005e12   00005e12    r-- .const
  0c0c2e54    0c0c2e54    00000128   00000128    r-- .switch
0c0c2f7c    0c0c2f7c    00000004   00000000    rw-
  0c0c2f7c    0c0c2f7c    00000004   00000000    rw- .bss
0c0c2f80    0c0c2f80    00000044   00000044    r--
  0c0c2f80    0c0c2f80    00000024   00000024    r-- .TI.tls_init
  0c0c2fa8    0c0c2fa8    0000001c   0000001c    r-- .binit
0c0c3000    0c0c3000    00000200   00000200    r-x
  0c0c3000    0c0c3000    00000200   00000200    r-x .vecs
0c0c3200    0c0c33c0    000001bc   000001bc    rw-
  0c0c3200    0c0c33c0    00000019   00000019    rw- .neardata
  0c0c3220    0c0c33e0    0000019c   0000019c    rw- .fardata
0c0c3580    0c0c3580    000000d0   00000004    rw-
  0c0c3580    0c0c3580    00000004   00000000    rw- .tdata
  0c0c3588    0c0c3588    000000c8   00000000    rw- .tbss
0c0c3800    0c0c3800    000000a0   000000a0    r-x
  0c0c3800    0c0c3800    000000a0   000000a0    r-x .text:_c_int00
80000000    80000000    00c5288e   00000000    rw-
  80000000    80000000    00afd688   00000000    rw- .far
  80afd688    80afd688    00071b56   00000000    rw- .MSMC0
  80b6f1e0    80b6f1e0    00071b56   00000000    rw- .fardata:Left
  80be0d38    80be0d38    00071b56   00000000    rw- .fardata:Right
80c52890    80c52890    000d91b0   000d91b0    r--
  80c52890    80c52890    000d91b0   000d91b0    r-- .cinit
a03e5000    a03e5000    00014772   00000000    rw-
  a03e5000    a03e5000    000120ac   00000000    rw- .qmss.1
  a03f70b0    a03f70b0    00000050   00000000    rw- gomp_data.1
  a03f7100    a03f7100    00002400   00000000    rw- .qmss.2
  a03f9500    a03f9500    00000272   00000000    rw- gomp_data.2
a03f9780    a03f9780    00000200   00000000    rw-
  a03f9780    a03f9780    00000200   00000000    rw- .cppi


SECTION ALLOCATION MAP

 output                                  attributes/
section   page    origin      length       input sections
--------  ----  ----------  ----------   ----------------
.localfar 
*          0    00800000    00033604     UNINITIALIZED
                  00800000    00020000     (.common:ti_sysbios_heaps_HeapMem_Instance_State_0_buf__A)
                  00820000    00008080     (.common:ti_uia_runtime_LoggerCircBuf_Instance_State_1_bufferArray__A)
                  00828080    00008000     (.common:xdc_runtime_SysMin_Module_State_0_outbuf__A)
                  00830080    00001000     omp_config_pe66.oe66 (.far:taskStackSection)
                  00831080    00000480     (.common:ti_uia_runtime_LoggerCircBuf_Instance_State_0_bufferArray__A)
                  00831500    00000280     (.common:ti_uia_runtime_LoggerCircBuf_Instance_State_2_bufferArray__A)
                  00831780    00000020     (.common:ti_sdo_utils_NameServer_Module_State_0_nsRemoteHandle__A)
                  008317a0    0000000c     (.common:ti_sysbios_knl_Task_Instance_State_0_hookEnv__A)
                  008317ac    00000004     --HOLE--
                  008317b0    0000000c     (.common:ti_sysbios_knl_Task_Instance_State_1_hookEnv__A)
                  008317bc    00000004     --HOLE--
                  008317c0    0000015c     (.common:ti_locks)
                  0083191c    00000004     --HOLE--
                  00831920    00000140     (.common:__TI_tmpnams)
                  00831a60    00000050     (.common:file_mutexes)
                  00831ab0    00000024     (.common:resource_mutexes)
                  00831ad4    00000004     --HOLE--
                  00831ad8    00000008     (.common:parmbuf)
                  00831ae0    00000800     omp_config_pe66.oe66 (.fardata:ti_sdo_ipc_GateMP_Module_State_0_remoteCustom1Gates__A)
                  008322e0    00000414     omp_config_pe66.oe66 (.fardata)
                  008326f4    00000004     --HOLE--
                  008326f8    00000180     omp_config_pe66.oe66 (.fardata:ti_sysbios_timers_timer64_Timer_Module_State_0_device__A)
                  00832878    00000114     omp_config_pe66.oe66 (.fardata:ti_uia_runtime_LoggerCircBuf_Object__table__V)
                  0083298c    00000004     --HOLE--
                  00832990    000000e0     omp_config_pe66.oe66 (.fardata:ti_sdo_utils_NameServer_Object__table__V)
                  00832a70    000000a0     omp_config_pe66.oe66 (.fardata:ti_sdo_ipc_Ipc_Module_State_0_procEntry__A)
                  00832b10    000000a0     omp_config_pe66.oe66 (.fardata:ti_sysbios_knl_Task_Object__table__V)
                  00832bb0    00000098     omp_config_pe66.oe66 (.fardata:ti_sysbios_timers_timer64_Timer_Object__table__V)
                  00832c48    00000090     omp_config_pe66.oe66 (.fardata:ti_sdo_ipc_SharedRegion_Module_State_0_regions__A)
                  00832cd8    00000080     omp_config_pe66.oe66 (.fardata:ti_sdo_ipc_GateMP_Module_State_0_remoteSystemGates__A)
                  00832d58    00000080     omp_config_pe66.oe66 (.fardata:ti_sysbios_knl_Swi_Module_State_0_readyQ__A)
                  00832dd8    00000080     omp_config_pe66.oe66 (.fardata:ti_sysbios_knl_Task_Module_State_0_readyQ__A)
                  00832e58    00000080     omp_config_pe66.oe66 (.fardata:ti_sysbios_timers_timer64_Timer_Module_State_0_gctrl__A)
                  00832ed8    00000080     omp_config_pe66.oe66 (.fardata:ti_sysbios_timers_timer64_Timer_Module_State_0_handles__A)
                  00832f58    00000080     omp_config_pe66.oe66 (.fardata:ti_sysbios_timers_timer64_Timer_Module_State_0_intFreqs__A)
                  00832fd8    00000040     omp_config_pe66.oe66 (.fardata:ti_sdo_ipc_MessageQ_Module_State_0_transports__A)
                  00833018    00000040     omp_config_pe66.oe66 (.fardata:ti_sdo_ipc_family_c647x_Interrupt_Module_State_0_fxnTable__A)
                  00833058    00000040     omp_config_pe66.oe66 (.fardata:ti_sysbios_gates_GateMutex_Object__table__V)
                  00833098    00000030     omp_config_pe66.oe66 (.fardata:ti_sysbios_knl_Swi_Object__table__V)
                  008330c8    00000020     omp_config_pe66.oe66 (.fardata:ti_sdo_ipc_MessageQ_Module_State_0_heaps__A)
                  008330e8    00000020     omp_config_pe66.oe66 (.fardata:ti_sdo_ipc_Notify_Module_State_0_notifyHandles__A)
                  00833108    00000020     omp_config_pe66.oe66 (.fardata:ti_sdo_ipc_transports_TransportShmSetup_Module_State_0_handles__A)
                  00833128    00000020     omp_config_pe66.oe66 (.fardata:xdc_runtime_System_Module_State_0_atexitHandlers__A)
                  00833148    00000018     omp_config_pe66.oe66 (.fardata:ti_sysbios_family_c64p_Hwi_Object__table__V)
                  00833160    00000018     omp_config_pe66.oe66 (.fardata:ti_sysbios_gates_GateMutexPri_Object__table__V)
                  00833178    00000018     omp_config_pe66.oe66 (.fardata:ti_sysbios_heaps_HeapMem_Object__table__V)
                  00833190    00000010     omp_config_pe66.oe66 (.fardata:ti_sysbios_gates_GateAll_Object__table__V)
                  008331a0    0000000c     omp_config_pe66.oe66 (.fardata:ti_omp_utils_HeapOMP_Object__table__V)
                  008331ac    00000004     --HOLE--
                  008331b0    0000000c     omp_config_pe66.oe66 (.fardata:ti_sysbios_gates_GateSwi_Object__table__V)
                  008331bc    00000004     --HOLE--
                  008331c0    00000008     omp_config_pe66.oe66 (.fardata:ti_sysbios_hal_Hwi_Object__table__V)
                  008331c8    00000008     omp_config_pe66.oe66 (.fardata:ti_sysbios_hal_Timer_Object__table__V)
                  008331d0    00000004     omp_config_pe66.oe66 (.fardata:ti_sdo_ipc_GateMP_Module_State_0_remoteCustom2Gates__A)
                  008331d4    00000004     --HOLE--
                  008331d8    00000004     omp_config_pe66.oe66 (.fardata:ti_sdo_ipc_Notify_Module_State_0_notifyHandles_0__A)
                  008331dc    00000004     --HOLE--
                  008331e0    00000004     omp_config_pe66.oe66 (.fardata:ti_sdo_ipc_Notify_Module_State_0_notifyHandles_1__A)
                  008331e4    00000004     --HOLE--
                  008331e8    00000004     omp_config_pe66.oe66 (.fardata:ti_sdo_ipc_Notify_Module_State_0_notifyHandles_2__A)
                  008331ec    00000004     --HOLE--
                  008331f0    00000004     omp_config_pe66.oe66 (.fardata:ti_sdo_ipc_Notify_Module_State_0_notifyHandles_3__A)
                  008331f4    00000004     --HOLE--
                  008331f8    00000004     omp_config_pe66.oe66 (.fardata:ti_sdo_ipc_Notify_Module_State_0_notifyHandles_4__A)
                  008331fc    00000004     --HOLE--
                  00833200    00000004     omp_config_pe66.oe66 (.fardata:ti_sdo_ipc_Notify_Module_State_0_notifyHandles_5__A)
                  00833204    00000004     --HOLE--
                  00833208    00000004     omp_config_pe66.oe66 (.fardata:ti_sdo_ipc_Notify_Module_State_0_notifyHandles_6__A)
                  0083320c    00000004     --HOLE--
                  00833210    00000004     omp_config_pe66.oe66 (.fardata:ti_sdo_ipc_Notify_Module_State_0_notifyHandles_7__A)
                  00833214    00000004     --HOLE--
                  00833218    00000004     omp_config_pe66.oe66 (.fardata:ti_sysbios_gates_GateHwi_Object__table__V)
                  0083321c    00000004     --HOLE--
                  00833220    00000004     omp_config_pe66.oe66 (.fardata:ti_sysbios_knl_Task_Module_State_0_idleTask__A)
                  00833224    00000004     --HOLE--
                  00833228    00000004     omp_config_pe66.oe66 (.fardata:ti_sysbios_utils_Load_Module_State_0_runningTask__A)
                  0083322c    00000004     --HOLE--
                  00833230    00000004     omp_config_pe66.oe66 (.fardata:ti_sysbios_utils_Load_Module_State_0_taskStartTime__A)
                  00833234    00000004     --HOLE--
                  00833238    00000004     omp_config_pe66.oe66 (.fardata:xdc_runtime_GateNull_Object__table__V)
                  0083323c    00000004     --HOLE--
                  00833240    000001e0     rts6600_elf_mt.lib : defs.obj (.fardata:_ftable)
                  00833420    000000a0                        : lowlev.obj (.fardata:_stream)
                  008334c0    00000078                        : lowlev.obj (.fardata:_device)
                  00833538    00000040                        : cos.obj (.fardata:R$1)
                  00833578    00000040                        : sin.obj (.fardata:R$1)
                  008335b8    00000018                        : _pthread.obj (.fardata)
                  008335d0    00000010                        : exit.obj (.fardata)
                  008335e0    0000000c                        : _data_synch.obj (.fardata)
                  008335ec    00000008                        : _mutex.obj (.fardata)
                  008335f4    00000004                        : _lock.obj (.fardata:_lock)
                  008335f8    00000004                        : _lock.obj (.fardata:_unlock)
                  008335fc    00000004                        : defs.obj (.fardata)
                  00833600    00000004                        : dtor_list.obj (.fardata)

.stack     0    00833608    00001000     UNINITIALIZED
                  00833608    00000008     boot.ae66 : boot.oe66 (.stack)
                  00833610    00000ff8     --HOLE--

ti.sdo.ipc.SharedRegion_1 
*          0    0c000000    00080000     NOLOAD SECTION
                  0c000000    00080000     --HOLE--

.bss       0    0c0c2f7c    00000004     UNINITIALIZED
                  0c0c2f7c    00000004     (.common:Ipc_sr0MemorySetup)

.TI.tls_init 
*          0    0c0c2f80    00000024     
                  0c0c2f80    00000009     (.TI.tls_init..tdata.load) [load image, compression = rle]
                  0c0c2f89    00000003     --HOLE-- [fill = 0]
                  0c0c2f8c    00000008     (.TI.tls_init..tbss.load) [load image, compression = zero_init]
                  0c0c2f94    00000010     (.ovly:__TI_tls_init_table)

.neardata 
*          0    0c0c2f80    00000000     UNINITIALIZED

.rodata    0    0c0c2f80    00000000     UNINITIALIZED

.binit     0    0c0c2fa8    0000001c     
                  0c0c2fa8    0000001c     (.binit)

.neardata 
*          0    0c0c33c0    00000019     RUN ADDR = 0c0c3200
                  0c0c33c0    00000010     ti.omp.navigatorOsal.C6678.ae66 : Navigatorosal.oe66 (.neardata)
                  0c0c33d0    00000008     ti.uia.runtime.ae66 : QueueDescriptor.oe66 (.neardata)
                  0c0c33d8    00000001     ti.drv.qmss.ae66 : qmss_drv.oe66 (.neardata)

.fardata   0    0c0c33e0    0000019c     RUN ADDR = 0c0c3220
                  0c0c33e0    00000120     ti.omp.navigator.C6678.ae66 : qmss_device.oe66 (.fardata:omp_qmssGblCfgParams)
                  0c0c3500    00000078                                 : cppi_device.oe66 (.fardata:omp_cppiGblCfgParams)
                  0c0c3578    00000004     ti.drv.cppi.ae66 : cppi_drv.oe66 (.fardata)

.init_array 
*          0    00800000    00000000     UNINITIALIZED

.cinit     0    80c52890    000d91b0     
                  80c52890    0006c4ae     (.cinit..fardata:Right.load) [load image, compression = rle]
                  80cbed3e    00000002     --HOLE-- [fill = 0]
                  80cbed40    0006c19c     (.cinit..fardata:Left.load) [load image, compression = rle]
                  80d2aedc    00000a79     (.cinit..localfar.load) [load image, compression = rle]
                  80d2b955    00000003     --HOLE-- [fill = 0]
                  80d2b958    00000026     (.cinit.gomp_data.2.load) [load image, compression = rle]
                  80d2b97e    00000002     --HOLE-- [fill = 0]
                  80d2b980    0000000d     (.cinit..qmss.1.load) [load image, compression = rle]
                  80d2b98d    00000003     --HOLE-- [fill = 0]
                  80d2b990    0000000c     (__TI_handler_table)
                  80d2b99c    0000000b     (.cinit..qmss.2.load) [load image, compression = rle]
                  80d2b9a7    00000001     --HOLE-- [fill = 0]
                  80d2b9a8    00000009     (.cinit.gomp_data.1.load) [load image, compression = rle]
                  80d2b9b1    00000003     --HOLE-- [fill = 0]
                  80d2b9b4    00000008     (.cinit..MSMC0.load) [load image, compression = zero_init]
                  80d2b9bc    00000008     (.cinit..bss.load) [load image, compression = zero_init]
                  80d2b9c4    00000008     (.cinit..cppi.load) [load image, compression = zero_init]
                  80d2b9cc    00000008     (.cinit..far.load) [load image, compression = zero_init]
                  80d2b9d4    00000008     (.cinit..tls_tp.load) [load image, compression = zero_init]
                  80d2b9dc    00000004     --HOLE-- [fill = 0]
                  80d2b9e0    00000060     (__TI_cinit_table)

ti.sdo.ipc.SharedRegion_2 
*          0    90000000    01000000     NOLOAD SECTION
                  90000000    01000000     --HOLE--

ti.sdo.ipc.SharedRegion_0 
*          0    a03c0000    00025000     NOLOAD SECTION
                  a03c0000    00025000     --HOLE--

.init_array 
*          0    0c000000    00000000     UNINITIALIZED

.tls_tp    0    00833604    00000004     UNINITIALIZED
                  00833604    00000004     ti.omp.utils.ae66 : ThreadLocalStorage.oe66 (.tls_tp)

.cio       0    00834608    00000120     UNINITIALIZED
                  00834608    00000120     rts6600_elf_mt.lib : trgmsg.obj (.cio)

.text      0    0c080000    0003d040     
                  0c080000    00003300     main.obj (.text)
                  0c083300    000011c0     ipc.lib : Ipc.obj (.text:ti_sdo_ipc_GateMP_Instance_init__F)
                  0c0844c0    00000a60             : Ipc.obj (.text:ti_sdo_ipc_heaps_HeapMemMP_alloc__E)
                  0c084f20    000009e0             : Ipc.obj (.text:ti_sdo_ipc_heaps_HeapMemMP_free__E)
                  0c085900    000009a0             : Ipc.obj (.text:Ipc_attach)
                  0c0862a0    000009a0     NCC_sa_all.obj (.text)
                  0c086c40    00000920     ipc.lib : Ipc.obj (.text:ti_sdo_ipc_transports_TransportShm_Instance_init__F)
                  0c087560    000008a0             : Ipc.obj (.text:ti_sdo_ipc_ListMP_Instance_init__F)
                  0c087e00    000008a0     sysbios.ae66 : BIOS.obj (.text:ti_sysbios_family_c64p_Exception_handler__I)
                  0c0886a0    000008a0     ti.targets.rts6000.ae66 : System.oe66 (.text:xdc_runtime_System_doPrint__I)
                  0c088f40    00000880     rts6600_elf_mt.lib : _printfi.obj (.text:_pproc_diouxp)
                  0c0897c0    00000860     ipc.lib : Ipc.obj (.text:ti_sdo_ipc_GateMP_Instance_finalize__F)
                  0c08a020    00000840             : Ipc.obj (.text:MessageQ_put)
                  0c08a860    000007e0     ti.drv.qmss.ae66 : qmss_drv.oe66 (.text:Qmss_insertMemoryRegion)
                  0c08b040    00000780     rts6600_elf_mt.lib : _printfi.obj (.text:__TI_printfi)
                  0c08b7c0    00000780     ipc.lib : Ipc.obj (.text:ti_sdo_ipc_heaps_HeapMemMP_Instance_init__F)
                  0c08bf40    000006c0             : Ipc.obj (.text:ti_sdo_ipc_nsremote_NameServerRemoteNotify_Instance_init__F)
                  0c08c600    000006a0             : Ipc.obj (.text:NameServer_add)
                  0c08cca0    00000620             : Ipc.obj (.text:Notify_sendEvent)
                  0c08d2c0    00000620     sysbios.ae66 : BIOS.obj (.text:ti_sysbios_knl_Task_Instance_finalize__F)
                  0c08d8e0    00000600     rts6600_elf_mt.lib : divd.obj (.text:__c6xabi_divd)
                  0c08dee0    00000600     ti.omp.ae66 : team.oe66 (.text:gomp_team_start)
                  0c08e4e0    00000600     sysbios.ae66 : BIOS.obj (.text:ti_sysbios_heaps_HeapMem_alloc__E)
                  0c08eae0    00000600                  : BIOS.obj (.text:ti_sysbios_knl_Semaphore_pend__E)
                  0c08f0e0    000005e0     ipc.lib : Ipc.obj (.text:Notify_registerEventSingle)
                  0c08f6c0    000005e0     sysbios.ae66 : BIOS.obj (.text:ti_sysbios_heaps_HeapMem_free__E)
                  0c08fca0    000005c0     ipc.lib : Ipc.obj (.text:ListMP_getHead)
                  0c090260    000005c0             : Ipc.obj (.text:Notify_unregisterEventSingle)
                  0c090820    000005c0             : Ipc.obj (.text:ti_sdo_ipc_SharedRegion_start__F)
                  0c090de0    000005a0     rts6600_elf_mt.lib : _printfi.obj (.text:_setfield)
                  0c091380    000005a0     sysbios.ae66 : BIOS.obj (.text:ti_sysbios_timers_timer64_Timer_Module_startup__F)
                  0c091920    00000580     ipc.lib : Ipc.obj (.text:ti_sdo_ipc_nsremote_NameServerRemoteNotify_get__F)
                  0c091ea0    00000580             : Ipc.obj (.text:ti_sdo_ipc_transports_TransportShm_put__E)
                  0c092420    00000560     rts6600_elf_mt.lib : _printfi.obj (.text:_pconv_g)
                  0c092980    00000540     ipc.lib : Ipc.obj (.text:ti_sdo_ipc_Ipc_procSyncStart__I)
                  0c092ec0    00000520     omp_config_pe66.oe66 (.text:xdc_runtime_System_printfExtend__I)
                  0c0933e0    00000500     sysbios.ae66 : BIOS.obj (.text:ti_sysbios_utils_Load_update__E)
                  0c0938e0    000004e0     ipc.lib : Ipc.obj (.text:ti_sdo_ipc_notifyDrivers_NotifyDriverShm_Instance_init__F)
                  0c093dc0    000004a0     rts6600_elf_mt.lib : _printfi.obj (.text:_pconv_e)
                  0c094260    000004a0     ipc.lib : Ipc.obj (.text:ti_sdo_ipc_gates_GatePeterson_Instance_init__F)
                  0c094700    00000460             : Ipc.obj (.text:ti_sdo_ipc_GateMP_setRegion0Reserved__F)
                  0c094b60    00000460             : Ipc.obj (.text:ti_sdo_ipc_Ipc_procSyncFinish__I)
                  0c094fc0    00000440             : Ipc.obj (.text:ListMP_putTail)
                  0c095400    00000440     rts6600_elf_mt.lib : _printfi.obj (.text:_pconv_a)
                  0c095840    00000440     ipc.lib : Ipc.obj (.text:ti_sdo_ipc_heaps_HeapMemMP_getStats__E)
                  0c095c80    00000440             : Ipc.obj (.text:ti_sdo_ipc_heaps_HeapMemMP_postInit__I)
                  0c0960c0    00000420     sysbios.ae66 : BIOS.obj (.text:ti_sysbios_gates_GateMutexPri_enter__E)
                  0c0964e0    00000420                  : BIOS.obj (.text:ti_sysbios_utils_Load_logLoads__I)
                  0c096900    00000400     ipc.lib : Ipc.obj (.text:ti_sdo_ipc_Notify_Instance_init__F)
                  0c096d00    00000400     sysbios.ae66 : BIOS.obj (.text:ti_sysbios_knl_Task_Instance_init__F)
                  0c097100    000003e0                  : BIOS.obj (.text:ti_sysbios_knl_Task_setPri__E)
                  0c0974e0    000003c0     ti.drv.cppi.ae66 : cppi_desc.oe66 (.text:Cppi_initDescriptor)
                  0c0978a0    000003c0     ti.omp.navigator.C6678.ae66 : Navigator.oe66 (.text:sysInit)
                  0c097c60    000003c0     ti.omp.utils.ae66 : ThreadLocal.oe66 (.text:ti_omp_utils_ThreadLocal_setspecific__E)
                  0c098020    000003c0     ipc.lib : Ipc.obj (.text:ti_sdo_ipc_SharedRegion_reserveMemory__F)
                  0c0983e0    00000380             : Ipc.obj (.text:HeapMemMP_sharedMemReq)
                  0c098760    00000380     Stereo_Vision_sa.obj (.text)
                  0c098ae0    00000360     rts6600_elf_mt.lib : _printfi.obj (.text:acvt)
                  0c098e40    00000360     ti.omp.ae66 : task.oe66 (.text:gomp_barrier_handle_tasks)
                  0c0991a0    00000360                 : iter.oe66 (.text:gomp_iter_static_next)
                  0c099500    00000340     ipc.lib : Ipc.obj (.text:GateMP_sharedMemReq)
                  0c099840    00000340     ti.drv.qmss.ae66 : qmss_drv.oe66 (.text:Qmss_init)
                  0c099b80    00000340     rts6600_elf_mt.lib : fputs.obj (.text:fputs)
                  0c099ec0    00000340     ipc.lib : Ipc.obj (.text:ti_sdo_ipc_nsremote_NameServerRemoteNotify_swiFxn__I)
                  0c09a200    00000320     rts6600_elf_mt.lib : _printfi.obj (.text:_pproc_fgea)
                  0c09a520    00000320     ti.omp.utils.ae66 : ThreadLocal.oe66 (.text:ti_omp_utils_ThreadLocal_getspecific__E)
                  0c09a840    00000300     ipc.lib : Ipc.obj (.text:GateMP_openByAddr)
                  0c09ab40    00000300     rts6600_elf_mt.lib : strtoul.obj (.text:strtoul)
                  0c09ae40    00000300     ipc.lib : Ipc.obj (.text:ti_sdo_ipc_transports_TransportShm_openByAddr__F)
                  0c09b140    00000300     sysbios.ae66 : BIOS.obj (.text:ti_sysbios_family_c64p_Hwi_dispatchC__I)
                  0c09b440    000002e0     ipc.lib : Ipc.obj (.text:SharedRegion_getEntry)
                  0c09b720    000002e0             : Ipc.obj (.text:SharedRegion_getPtr)
                  0c09ba00    000002e0     rts6600_elf_mt.lib : cos.obj (.text:cos)
                  0c09bce0    000002e0     sysbios.ae66 : BIOS.obj (.text:ti_sysbios_heaps_HeapMem_Instance_init__F)
                  0c09bfc0    000002c0     ti.omp.ae66 : env.oe66 (.text:parse_affinity)
                  0c09c280    000002c0     ipc.lib : Ipc.obj (.text:ti_sdo_ipc_notifyDrivers_NotifyDriverShm_isr__I)
                  0c09c540    000002a0             : Ipc.obj (.text:Ipc_start)
                  0c09c7e0    000002a0             : Ipc.obj (.text:NameServer_getLocal)
                  0c09ca80    000002a0     rts6600_elf_mt.lib : _printfi.obj (.text:_pproc_fwp)
                  0c09cd20    000002a0                        : sin.obj (.text:sin)
                  0c09cfc0    000002a0     sysbios.ae66 : BIOS.obj (.text:ti_sysbios_knl_Clock_workFunc__E)
                  0c09d260    000002a0                  : BIOS.obj (.text:ti_sysbios_timers_timer64_Timer_deviceConfig__I)
                  0c09d500    000002a0     ti.uia.runtime.ae66 : LoggerCircBuf.oe66 (.text:ti_uia_runtime_LoggerCircBuf_write8__E)
                  0c09d7a0    00000280     ipc.lib : Ipc.obj (.text:SharedRegion_getSRPtr)
                  0c09da20    00000280     rts6600_elf_mt.lib : divf.obj (.text:__c6xabi_divf)
                  0c09dca0    00000280                        : _printfi.obj (.text:_pconv_f)
                  0c09df20    00000280                        : _printfi.obj (.text:fcvt)
                  0c09e1a0    00000280     ti.omp.ae66 : env.oe66 (.text:initialize_env)
                  0c09e420    00000280     ipc.lib : Ipc.obj (.text:ti_sdo_ipc_notifyDrivers_NotifyDriverShm_sharedMemReq__F)
                  0c09e6a0    00000280     ti.targets.rts6000.ae66 : Error.oe66 (.text:xdc_runtime_Error_raiseX__F)
                  0c09e920    00000260     ipc.lib : Ipc.obj (.text:ListMP_sharedMemReq)
                  0c09eb80    00000260     NCC_sa_last_line.obj (.text)
                  0c09ede0    00000260     ti.omp.ae66 : env.oe66 (.text:parse_spincount)
                  0c09f040    00000260     ti.omp.utils.ae66 : OpenMP.oe66 (.text:ti_omp_utils_OpenMP_masterTask__I)
                  0c09f2a0    00000260     ipc.lib : Ipc.obj (.text:ti_sdo_ipc_ListMP_Instance_finalize__F)
                  0c09f500    00000260             : Ipc.obj (.text:ti_sdo_ipc_heaps_HeapMemMP_Instance_finalize__F)
                  0c09f760    00000260             : Ipc.obj (.text:ti_sdo_ipc_notifyDrivers_NotifyDriverShm_disableEvent__E)
                  0c09f9c0    00000260     sysbios.ae66 : BIOS.obj (.text:ti_sysbios_family_c64p_Exception_internalHandler__I)
                  0c09fc20    00000260                  : BIOS.obj (.text:ti_sysbios_knl_Semaphore_post__E)
                  0c09fe80    00000260     ti.targets.rts6000.ae66 : Startup.oe66 (.text:xdc_runtime_Startup_startMods__I)
                  0c0a00e0    00000240     ti.drv.cppi.ae66 : cppi_drv.oe66 (.text:Cppi_open)
                  0c0a0320    00000240     rts6600_elf_mt.lib : imath64.obj (.text:__c6xabi_divull)
                  0c0a0560    00000240                        : _printfi.obj (.text:_ltostr)
                  0c0a07a0    00000240                        : fputc.obj (.text:fputc)
                  0c0a09e0    00000240     ti.omp.utils.ae66 : OpenMP.oe66 (.text:ti_omp_utils_OpenMP_createThread__E)
                  0c0a0c20    00000240     sysbios.ae66 : BIOS.obj (.text:ti_sysbios_family_c64p_Hwi_reconfig__E)
                  0c0a0e60    00000240                  : BIOS.obj (.text:ti_sysbios_knl_Task_exit__E)
                  0c0a10a0    00000240     ti.uia.runtime.ae66 : LoggerCircBuf.oe66 (.text:ti_uia_runtime_LoggerCircBuf_write0__E)
                  0c0a12e0    00000240                         : LoggerCircBuf.oe66 (.text:ti_uia_runtime_LoggerCircBuf_write1__E)
                  0c0a1520    00000240                         : LoggerCircBuf.oe66 (.text:ti_uia_runtime_LoggerCircBuf_write2__E)
                  0c0a1760    00000240                         : LoggerCircBuf.oe66 (.text:ti_uia_runtime_LoggerCircBuf_write4__E)
                  0c0a19a0    00000240                         : LoggerCircBuf.oe66 (.text:ti_uia_runtime_LoggerCircBuf_writeMemoryRange__E)
                  0c0a1be0    00000220     ti.omp.ae66 : env.oe66 (.text:parse_schedule)
                  0c0a1e00    00000220     rts6600_elf_mt.lib : setvbuf.obj (.text:setvbuf)
                  0c0a2020    00000220     sysbios.ae66 : BIOS.obj (.text:ti_sysbios_knl_Swi_run__I)
                  0c0a2240    00000220                  : BIOS.obj (.text:ti_sysbios_knl_Task_schedule__I)
                  0c0a2460    00000220                  : BIOS.obj (.text:ti_sysbios_knl_Task_startCore__E)
                  0c0a2680    00000220     ti.targets.rts6000.ae66 : Core-mem.oe66 (.text:xdc_runtime_Core_createObject__I)
                  0c0a28a0    00000200     ipc.lib : Ipc.obj (.text:GateMP_enter)
                  0c0a2aa0    00000200             : Ipc.obj (.text:GateMP_leave)
                  0c0a2ca0    00000200             : Ipc.obj (.text:ListMP_openByAddr)
                  0c0a2ea0    00000200     ti.drv.qmss.ae66 : qmss_drv.oe66 (.text:Qmss_internalQueueOpen)
                  0c0a30a0    00000200     sysbios.ae66 : c64p_Hwi_disp_always.obj (.text:_ti_sysbios_family_c64p_Hwi_dispatchAlways)
                  0c0a32a0    00000200     ti.drv.cppi.ae66 : cppi_heap.oe66 (.text:cppi_internal_heap_add)
                  0c0a34a0    00000200     ti.omp.ae66 : team.oe66 (.text:gomp_thread_start)
                  0c0a36a0    00000200     ipc.lib : Ipc.obj (.text:ti_sdo_ipc_notifyDrivers_NotifyDriverShm_sendEvent__E)
                  0c0a38a0    00000200             : Ipc.obj (.text:ti_sdo_ipc_transports_TransportShm_Instance_finalize__F)
                  0c0a3aa0    00000200     sysbios.ae66 : BIOS.obj (.text:ti_sysbios_utils_Load_taskDeleteHook__E)
                  0c0a3ca0    000001e0     ipc.lib : Ipc.obj (.text:ti_sdo_ipc_GateMP_attach__F)
                  0c0a3e80    000001e0             : Ipc.obj (.text:ti_sdo_ipc_GateMP_getFreeResource__I)
                  0c0a4060    000001e0     sysbios.ae66 : BIOS.obj (.text:ti_sysbios_family_c64p_Exception_externalHandler__I)
                  0c0a4240    000001e0                  : BIOS.obj (.text:ti_sysbios_knl_Swi_Instance_init__F)
                  0c0a4420    000001e0                  : BIOS.obj (.text:ti_sysbios_knl_Task_postInit__I)
                  0c0a4600    000001e0                  : BIOS.obj (.text:ti_sysbios_timers_timer64_Timer_getFreq__E)
                  0c0a47e0    000001e0                  : BIOS.obj (.text:ti_sysbios_utils_Load_idleFxn__E)
                  0c0a49c0    000001c0     ti.drv.cppi.ae66 : cppi_drv.oe66 (.text:Cppi_initCfg)
                  0c0a4b80    000001c0     ipc.lib : Ipc.obj (.text:HeapMemMP_openByAddr)
                  0c0a4d40    000001c0     ti.drv.qmss.ae66 : qmss_drv.oe66 (.text:Qmss_internaldownloadFirmware)
                  0c0a4f00    000001c0     rts6600_elf_mt.lib : imath40.obj (.text:__c6xabi_divul)
                  0c0a50c0    000001c0     ti.omp.navigator.C6678.ae66 : Navigator.oe66 (.text:getsysHandles)
                  0c0a5280    000001c0     ti.omp.ae66 : team.oe66 (.text:gomp_new_team)
                  0c0a5440    000001c0     ti.omp.utils.ae66 : ThreadLocal.oe66 (.text:ti_omp_utils_ThreadLocal_key_delete__E)
                  0c0a5600    000001c0     ipc.lib : Ipc.obj (.text:ti_sdo_ipc_notifyDrivers_NotifyDriverShm_registerEvent__E)
                  0c0a57c0    000001c0     sysbios.ae66 : BIOS.obj (.text:ti_sysbios_family_c64p_Exception_decodeMpfsr__I)
                  0c0a5980    000001c0                  : BIOS.obj (.text:ti_sysbios_gates_GateMutex_enter__E)
                  0c0a5b40    000001c0                  : BIOS.obj (.text:ti_sysbios_timers_timer64_Timer_setPeriodMicroSecs__E)
                  0c0a5d00    000001c0     ti.targets.rts6000.ae66 : Text.oe66 (.text:xdc_runtime_Text_putSite__F)
                  0c0a5ec0    000001a0     Dilation.obj (.text)
                  0c0a6060    000001a0     Edge_Histogram.obj (.text)
                  0c0a6200    000001a0     rts6600_elf_mt.lib : trgdrv.obj (.text:HOSTrename)
                  0c0a63a0    000001a0     ipc.lib : Ipc.obj (.text:SharedRegion_getCacheLineSize)
                  0c0a6540    000001a0             : Ipc.obj (.text:SharedRegion_getHeap)
                  0c0a66e0    000001a0             : Ipc.obj (.text:SharedRegion_isCacheEnabled)
                  0c0a6880    000001a0     rts6600_elf_mt.lib : frexp.obj (.text:frexp)
                  0c0a6a20    000001a0                        : lowlev.obj (.text:getdevice)
                  0c0a6bc0    000001a0     ipc.lib : Ipc.obj (.text:ti_sdo_ipc_GateMP_openRegion0Reserved__F)
                  0c0a6d60    000001a0             : Ipc.obj (.text:ti_sdo_ipc_notifyDrivers_NotifyDriverShm_enableEvent__E)
                  0c0a6f00    000001a0             : Ipc.obj (.text:ti_sdo_ipc_notifyDrivers_NotifyDriverShm_unregisterEvent__E)
                  0c0a70a0    000001a0             : Ipc.obj (.text:ti_sdo_ipc_nsremote_NameServerRemoteNotify_attach__E)
                  0c0a7240    000001a0     sysbios.ae66 : BIOS.obj (.text:ti_sysbios_family_c66_Cache_block__I)
                  0c0a73e0    000001a0                  : BIOS.obj (.text:ti_sysbios_heaps_HeapBuf_Module_startup__F)
                  0c0a7580    000001a0                  : BIOS.obj (.text:ti_sysbios_timers_timer64_Timer_start__E)
                  0c0a7720    00000180     ipc.lib : Ipc.obj (.text:MultiProc_setLocalId)
                  0c0a78a0    00000180             : Ipc.obj (.text:NameServer_getHandle)
                  0c0a7a20    00000180             : Ipc.obj (.text:Notify_intLineRegistered)
                  0c0a7ba0    00000180     ti.omp.ae66 : work.oe66 (.text:alloc_work_share)
                  0c0a7d20    00000180                 : parallel.oe66 (.text:gomp_resolve_num_threads)
                  0c0a7ea0    00000180                 : team.oe66 (.text:gomp_team_end)
                  0c0a8020    00000180                 : env.oe66 (.text:parse_stacksize)
                  0c0a81a0    00000180     rts6600_elf_mt.lib : _pthread.obj (.text:pthread_once)
                  0c0a8320    00000180     sysbios.ae66 : c64p_Exception_asm.obj (.text)
                  0c0a84a0    00000180     ipc.lib : Ipc.obj (.text:ti_sdo_ipc_MessageQ_registerTransport__F)
                  0c0a8620    00000180             : Ipc.obj (.text:ti_sdo_ipc_Notify_Module_startup__F)
                  0c0a87a0    00000180             : Ipc.obj (.text:ti_sdo_ipc_gates_GatePeterson_enter__E)
                  0c0a8920    00000180             : Ipc.obj (.text:ti_sdo_utils_NameServer_Module_startup__F)
                  0c0a8aa0    00000180     sysbios.ae66 : BIOS.obj (.text:ti_sysbios_knl_Swi_schedule__I)
                  0c0a8c20    00000180                  : BIOS.obj (.text:ti_sysbios_knl_Task_unblockI__E)
                  0c0a8da0    00000160     rts6600_elf_mt.lib : _mutex.obj (.text:init_mutexes)
                  0c0a8f00    00000160     ti.omp.utils.C6678.ae66 : OpenMPDnldCore.oe66 (.text:reset_run_core)
                  0c0a9060    00000160     ti.omp.navigator.C6678.ae66 : Navigator.oe66 (.text:sysExit)
                  0c0a91c0    00000160     ti.omp.utils.ae66 : OpenMP.oe66 (.text:ti_omp_utils_OpenMP_mainTaskExit__F)
                  0c0a9320    00000160     ipc.lib : Ipc.obj (.text:ti_sdo_ipc_GateMP_createLocal__F)
                  0c0a9480    00000160             : Ipc.obj (.text:ti_sdo_ipc_MessageQ_unregisterTransport__F)
                  0c0a95e0    00000160             : Ipc.obj (.text:ti_sdo_ipc_gates_GateHWSem_Instance_init__F)
                  0c0a9740    00000160             : Ipc.obj (.text:ti_sdo_ipc_transports_TransportShm_sharedMemReq__F)
                  0c0a98a0    00000160             : Ipc.obj (.text:ti_sdo_utils_NameServer_isRegistered__E)
                  0c0a9a00    00000160             : Ipc.obj (.text:ti_sdo_utils_NameServer_registerRemoteDriver__E)
                  0c0a9b60    00000160             : Ipc.obj (.text:ti_sdo_utils_NameServer_unregisterRemoteDriver__E)
                  0c0a9cc0    00000160     sysbios.ae66 : BIOS.obj (.text:ti_sysbios_utils_Load_taskCreateHook__E)
                  0c0a9e20    00000140     ti.csl.ae66 : csl_chip.oe66 (.text:CSL_chipReadReg)
                  0c0a9f60    00000140     ipc.lib : Ipc.obj (.text:GateMP_close)
                  0c0aa0a0    00000140             : Ipc.obj (.text:Notify_attach)
                  0c0aa1e0    00000140     rts6600_elf_mt.lib : fclose.obj (.text:__TI_closefile)
                  0c0aa320    00000140     boot.ae66 : autoinit.oe66 (.text:_auto_init_elf)
                  0c0aa460    00000140     rts6600_elf_mt.lib : fseek.obj (.text:fseek)
                  0c0aa5a0    00000140     ti.omp.config.sysbios.ae66 : bar.oe66 (.text:gomp_team_barrier_wait_end)
                  0c0aa6e0    00000140     rts6600_elf_mt.lib : ldexp.obj (.text:ldexp)
                  0c0aa820    00000140     ipc.lib : Ipc.obj (.text:ti_sdo_ipc_Notify_exec__F)
                  0c0aa960    00000140     sysbios.ae66 : BIOS.obj (.text:ti_sysbios_family_c64p_Exception_Module_startup__F)
                  0c0aaaa0    00000140                  : BIOS.obj (.text:ti_sysbios_family_c64p_Hwi_Module_startup__F)
                  0c0aabe0    00000140                  : BIOS.obj (.text:ti_sysbios_family_c66_Cache_Module_startup__F)
                  0c0aad20    00000140                  : BIOS.obj (.text:ti_sysbios_gates_GateSwi_enter__E)
                  0c0aae60    00000140                  : BIOS.obj (.text:ti_sysbios_knl_Semaphore_Instance_init__F)
                  0c0aafa0    00000140                  : BIOS.obj (.text:ti_sysbios_knl_Swi_post__E)
                  0c0ab0e0    00000140                  : BIOS.obj (.text:ti_sysbios_knl_Task_Module_startup__F)
                  0c0ab220    00000140                  : BIOS.obj (.text:ti_sysbios_knl_Task_blockI__E)
                  0c0ab360    00000140                  : BIOS.obj (.text:ti_sysbios_knl_Task_yield__E)
                  0c0ab4a0    00000120     ti.omp.config.sysbios.ae66 : preinit.oe66 (.text:CSL_XMC_setXMPAXL)
                  0c0ab5c0    00000120     rts6600_elf_mt.lib : _mutex.obj (.text:__TI_file_lock)
                  0c0ab6e0    00000120     ti.omp.ae66 : team.oe66 (.text:gomp_free_thread)
                  0c0ab800    00000120     ipc.lib : Ipc.obj (.text:ti_sdo_ipc_MessageQ_Module_startup__F)
                  0c0ab920    00000120             : Ipc.obj (.text:ti_sdo_ipc_family_c647x_Interrupt_intRegister__E)
                  0c0aba40    00000120             : Ipc.obj (.text:ti_sdo_ipc_nsremote_NameServerRemoteNotify_Instance_finalize__F)
                  0c0abb60    00000120     sysbios.ae66 : BIOS.obj (.text:ti_sysbios_BIOS_rtsUnlock__I)
                  0c0abc80    00000120                  : BIOS.obj (.text:ti_sysbios_knl_Clock_startI__E)
                  0c0abda0    00000120     ti.uia.runtime.ae66 : LoggerCircBuf.oe66 (.text:ti_uia_runtime_LoggerCircBuf_setFilterLevel__E)
                  0c0abec0    00000120     ti.targets.rts6000.ae66 : Text.oe66 (.text:xdc_runtime_Text_putMod__F)
                  0c0abfe0    00000100     rts6600_elf_mt.lib : trgdrv.obj (.text:HOSTlseek)
                  0c0ac0e0    00000100                        : copy_decompress_rle.obj (.text:__TI_decompress_rle_core)
                  0c0ac1e0    00000100                        : _io_perm.obj (.text:__TI_wrt_ok)
                  0c0ac2e0    00000100                        : atoi.obj (.text:atoi)
                  0c0ac3e0    00000100                        : lowlev.obj (.text:close)
                  0c0ac4e0    00000100                        : cpy_tbl.obj (.text:copy_in)
                  0c0ac5e0    00000100                        : exit.obj (.text:exit)
                  0c0ac6e0    00000100     ti.omp.ae66 : team.oe66 (.text:initialize_team)
                  0c0ac7e0    00000100                 : env.oe66 (.text:parse_boolean)
                  0c0ac8e0    00000100                 : env.oe66 (.text:parse_unsigned_long)
                  0c0ac9e0    00000100                 : env.oe66 (.text:parse_wait_policy)
                  0c0acae0    00000100     ti.omp.utils.C6678.ae66 : OpenMPDnldCore.oe66 (.text:siu_ibl_download_core)
                  0c0acbe0    00000100     ipc.lib : Ipc.obj (.text:ti_sdo_ipc_GateMP_start__F)
                  0c0acce0    00000100             : Ipc.obj (.text:ti_sdo_ipc_Notify_Instance_finalize__F)
                  0c0acde0    00000100             : Ipc.obj (.text:ti_sdo_ipc_SharedRegion_attach__F)
                  0c0acee0    00000100             : Ipc.obj (.text:ti_sdo_ipc_SharedRegion_clearReservedMemory__F)
                  0c0acfe0    00000100             : Ipc.obj (.text:ti_sdo_ipc_family_c647x_Interrupt_Module_startup__F)
                  0c0ad0e0    00000100             : Ipc.obj (.text:ti_sdo_ipc_gates_GateHWSem_Module_startup__F)
                  0c0ad1e0    00000100             : Ipc.obj (.text:ti_sdo_ipc_gates_GateMPSupportNull_enter__E)
                  0c0ad2e0    00000100             : Ipc.obj (.text:ti_sdo_ipc_gates_GateMPSupportNull_leave__E)
                  0c0ad3e0    00000100             : Ipc.obj (.text:ti_sdo_ipc_transports_TransportShmSetup_attach__E)
                  0c0ad4e0    00000100     sysbios.ae66 : BIOS.obj (.text:ti_sysbios_family_c64p_Hwi_Instance_finalize__F)
                  0c0ad5e0    00000100                  : BIOS.obj (.text:ti_sysbios_gates_GateMutexPri_leave__E)
                  0c0ad6e0    00000100                  : BIOS.obj (.text:ti_sysbios_knl_Swi_restoreHwi__E)
                  0c0ad7e0    00000100                  : BIOS.obj (.text:ti_sysbios_timers_timer64_Timer_initDevice__I)
                  0c0ad8e0    00000100                  : BIOS.obj (.text:ti_sysbios_utils_Load_addTask__E)
                  0c0ad9e0    00000100     ti.uia.runtime.ae66 : LoggerCircBuf.oe66 (.text:ti_uia_runtime_LoggerCircBuf_getFilterLevel__E)
                  0c0adae0    00000100     ti.targets.rts6000.ae66 : Core-mem.oe66 (.text:xdc_runtime_Core_deleteObject__I)
                  0c0adbe0    00000100                             : Startup.oe66 (.text:xdc_runtime_Startup_exec__F)
                  0c0adce0    00000100                             : Text.oe66 (.text:xdc_runtime_Text_visitRope2__I)
                  0c0adde0    000000e0     rts6600_elf_mt.lib : trgdrv.obj (.text:HOSTopen)
                  0c0adec0    000000e0                        : _mutex.obj (.text:__TI_resource_lock)
                  0c0adfa0    000000e0                        : divi.obj (.text:__divi)
                  0c0ae080    000000e0                        : _mutex.obj (.text:destroy_resource_mutexes)
                  0c0ae160    000000e0     ti.omp.ae66 : work.oe66 (.text:gomp_init_work_share)
                  0c0ae240    000000e0     rts6600_elf_mt.lib : ltoa.obj (.text:ltoa)
                  0c0ae320    000000e0                        : memset.obj (.text:memset)
                  0c0ae400    000000e0     ti.omp.utils.ae66 : OpenMPMem.oe66 (.text:ompBufferFree)
                  0c0ae4e0    000000e0     rts6600_elf_mt.lib : printf.obj (.text:printf)
                  0c0ae5c0    000000e0     ti.omp.utils.ae66 : ThreadLocal.oe66 (.text:ti_omp_utils_ThreadLocal_key_create__E)
                  0c0ae6a0    000000e0     omp_config_pe66.oe66 (.text:ti_sdo_ipc_Notify_Object__create__S)
                  0c0ae780    000000e0     ipc.lib : Ipc.obj (.text:ti_sdo_ipc_family_c647x_NotifySetup_attach__E)
                  0c0ae860    000000e0             : Ipc.obj (.text:ti_sdo_ipc_gates_GateHWSem_enter__E)
                  0c0ae940    000000e0     omp_config_pe66.oe66 (.text:ti_sdo_ipc_gates_GatePeterson_Object__create__S)
                  0c0aea20    000000e0     omp_config_pe66.oe66 (.text:ti_sdo_ipc_nsremote_NameServerRemoteNotify_Object__create__S)
                  0c0aeb00    000000e0     omp_config_pe66.oe66 (.text:ti_sdo_ipc_transports_TransportShm_Object__create__S)
                  0c0aebe0    000000e0     sysbios.ae66 : BIOS.obj (.text:ti_sysbios_family_c64p_Hwi_Instance_init__F)
                  0c0aecc0    000000e0     omp_config_pe66.oe66 (.text:ti_sysbios_family_c64p_Hwi_Object__create__S)
                  0c0aeda0    000000e0     omp_config_pe66.oe66 (.text:ti_sysbios_knl_Swi_Object__create__S)
                  0c0aee80    000000e0     omp_config_pe66.oe66 (.text:ti_sysbios_knl_Task_Object__create__S)
                  0c0aef60    000000e0     ti.uia.runtime.ae66 : LoggerCircBuf.oe66 (.text:ti_uia_runtime_LoggerCircBuf_getContents__E)
                  0c0af040    000000e0                         : LoggerCircBuf.oe66 (.text:ti_uia_runtime_LoggerCircBuf_writeBlockOfMemory__I)
                  0c0af120    000000e0     ti.targets.rts6000.ae66 : Error.oe66 (.text:xdc_runtime_Error_print__F)
                  0c0af200    000000e0                             : Memory.oe66 (.text:xdc_runtime_Memory_alloc__F)
                  0c0af2e0    000000c0     ti.drv.cppi.ae66 : cppi_drv.oe66 (.text:Cppi_close)
                  0c0af3a0    000000c0                      : cppi_drv.oe66 (.text:Cppi_exit)
                  0c0af460    000000c0     rts6600_elf_mt.lib : trgdrv.obj (.text:HOSTgetenv)
                  0c0af520    000000c0                        : trgdrv.obj (.text:HOSTread)
                  0c0af5e0    000000c0                        : trgdrv.obj (.text:HOSTunlink)
                  0c0af6a0    000000c0                        : trgdrv.obj (.text:HOSTwrite)
                  0c0af760    000000c0     ipc.lib : Ipc.obj (.text:HeapMemMP_create)
                  0c0af820    000000c0             : Ipc.obj (.text:ListMP_create)
                  0c0af8e0    000000c0             : Ipc.obj (.text:SharedRegion_getId)
                  0c0af9a0    000000c0     rts6600_elf_mt.lib : fflush.obj (.text:__TI_doflush)
                  0c0afa60    000000c0                        : _mutex.obj (.text:__TI_resource_unlock)
                  0c0afb20    000000c0                        : dtor_list.obj (.text:__cxa_finalize)
                  0c0afbe0    000000c0                        : divu.obj (.text:__divu)
                  0c0afca0    000000c0                        : dtor_list.obj (.text:atexit)
                  0c0afd60    000000c0     ti.drv.cppi.ae66 : cppi_heap.oe66 (.text:cppi_internal_heap_release)
                  0c0afe20    000000c0     ti.omp.ae66 : iter.oe66 (.text:gomp_iter_dynamic_next_locked)
                  0c0afee0    000000c0     ti.omp.config.sysbios.ae66 : bar.oe66 (.text:gomp_sem_wait_concat)
                  0c0affa0    000000c0     ti.omp.ae66 : work.oe66 (.text:gomp_work_share_start)
                  0c0b0060    000000c0     ti.omp.config.sysbios.ae66 : preinit.oe66 (.text:initMPAX)
                  0c0b0120    000000c0     rts6600_elf_mt.lib : lowlev.obj (.text:lseek)
                  0c0b01e0    000000c0                        : _pthread.obj (.text:pthread_mutex_lock)
                  0c0b02a0    000000c0                        : _pthread.obj (.text:pthread_mutex_unlock)
                  0c0b0360    000000c0     ti.omp.utils.C6678.ae66 : OpenMPDnldCore.oe66 (.text:reset_core)
                  0c0b0420    000000c0     ti.omp.utils.ae66 : OpenMP.oe66 (.text:ti_omp_utils_OpenMP_threadSpawnLoop__I)
                  0c0b04e0    000000c0                       : ThreadLocal.oe66 (.text:ti_omp_utils_ThreadLocal_exitFxn__F)
                  0c0b05a0    000000c0     omp_config_pe66.oe66 (.text:ti_sdo_ipc_GateMP_Object__create__S)
                  0c0b0660    000000c0     ipc.lib : Ipc.obj (.text:ti_sdo_ipc_GateMP_getRegion0ReservedSize__F)
                  0c0b0720    000000c0     omp_config_pe66.oe66 (.text:ti_sdo_ipc_ListMP_Object__create__S)
                  0c0b07e0    000000c0     ipc.lib : Ipc.obj (.text:ti_sdo_ipc_family_c647x_Interrupt_intShmStub__I)
                  0c0b08a0    000000c0     omp_config_pe66.oe66 (.text:ti_sdo_ipc_heaps_HeapMemMP_Object__create__S)
                  0c0b0960    000000c0     omp_config_pe66.oe66 (.text:ti_sdo_ipc_notifyDrivers_NotifyDriverShm_Object__create__S)
                  0c0b0a20    000000c0     sysbios.ae66 : BIOS.obj (.text:ti_sysbios_BIOS_errorRaiseHook__I)
                  0c0b0ae0    000000c0                  : BIOS.obj (.text:ti_sysbios_gates_GateAll_leave__E)
                  0c0b0ba0    000000c0                  : BIOS.obj (.text:ti_sysbios_heaps_HeapMem_getStats__E)
                  0c0b0c60    000000c0                  : BIOS.obj (.text:ti_sysbios_knl_Clock_logTick__E)
                  0c0b0d20    000000c0                  : BIOS.obj (.text:ti_sysbios_knl_Swi_Instance_finalize__F)
                  0c0b0de0    000000c0                  : BIOS.obj (.text:ti_sysbios_knl_Task_allBlockedFunction__I)
                  0c0b0ea0    000000c0                  : BIOS.obj (.text:ti_sysbios_timers_timer64_Timer_startup__E)
                  0c0b0f60    000000c0                  : BIOS.obj (.text:ti_sysbios_utils_Load_taskSwitchHook__E)
                  0c0b1020    000000c0     ti.uia.runtime.ae66 : LoggerCircBuf.oe66 (.text:ti_uia_runtime_LoggerCircBuf_Instance_init__F)
                  0c0b10e0    000000c0                         : LoggerCircBuf.oe66 (.text:ti_uia_runtime_LoggerCircBuf_Module_startup__F)
                  0c0b11a0    000000c0     omp_config_pe66.oe66 (.text:ti_uia_runtime_LoggerCircBuf_Object__create__S)
                  0c0b1260    000000c0     ti.uia.runtime.ae66 : QueueDescriptor.oe66 (.text:ti_uia_runtime_QueueDescriptor_addToList__E)
                  0c0b1320    000000c0     rts6600_elf_mt.lib : tls.obj (.text:tls:init:__TI_tls_init)
                  0c0b13e0    000000c0                        : vfprintf.obj (.text:vfprintf)
                  0c0b14a0    000000c0                        : lowlev.obj (.text:write)
                  0c0b1560    000000c0     ti.targets.rts6000.ae66 : System.oe66 (.text:xdc_runtime_System_formatNum__I)
                  0c0b1620    000000c0     omp_config_pe66.oe66 (.text:xdc_runtime_knl_GateThread_Object__create__S)
                  0c0b16e0    000000a0     ti.omp.config.sysbios.ae66 : preinit.oe66 (.text:CSL_XMC_getXMPAXL)
                  0c0b1780    000000a0     ti.omp.ae66 : parallel.oe66 (.text:GOMP_parallel_end)
                  0c0b1820    000000a0     ti.drv.qmss.ae66 : qmss_drv.oe66 (.text:Qmss_queueClose)
                  0c0b18c0    000000a0                      : qmss_drv.oe66 (.text:Qmss_startCfg)
                  0c0b1960    000000a0     rts6600_elf_mt.lib : fopen.obj (.text:__TI_cleanup)
                  0c0b1a00    000000a0                        : fltulld.obj (.text:__c6xabi_fltulld)
                  0c0b1aa0    000000a0                        : round.obj (.text:__c6xabi_nround)
                  0c0b1b40    000000a0                        : remu.obj (.text:__remu)
                  0c0b1be0    000000a0     sysbios.ae66 : c64p_Hwi_asm.obj (.text:_ti_sysbios_family_c64p_Hwi_plug__E)
                  0c0b1c80    000000a0     ti.drv.cppi.ae66 : cppi_heap.oe66 (.text:cppi_internal_heap_malloc)
                  0c0b1d20    000000a0     ti.omp.config.sysbios.ae66 : bar.oe66 (.text:gomp_barrier_wait_end)
                  0c0b1dc0    000000a0     ti.omp.ae66 : loop.oe66 (.text:gomp_loop_init)
                  0c0b1e60    000000a0                 : parallel.oe66 (.text:gomp_sem_wait)
                  0c0b1f00    000000a0                 : sections.oe66 (.text:gomp_sem_wait)
                  0c0b1fa0    000000a0                 : task.oe66 (.text:gomp_sem_wait)
                  0c0b2040    000000a0                 : team.oe66 (.text:gomp_sem_wait)
                  0c0b20e0    000000a0                 : work.oe66 (.text:gomp_sem_wait)
                  0c0b2180    000000a0     ti.omp.config.sysbios.ae66 : bar.oe66 (.text:gomp_sem_wait)
                  0c0b2220    000000a0     ti.omp.ae66 : work.oe66 (.text:gomp_work_share_end)
                  0c0b22c0    000000a0                 : work.oe66 (.text:gomp_work_share_end_nowait)
                  0c0b2360    000000a0     ti.omp.navigator.C6678.ae66 : Navigator.oe66 (.text:init_Navigator)
                  0c0b2400    000000a0     rts6600_elf_mt.lib : memcpy64.obj (.text:memcpy)
                  0c0b24a0    000000a0                        : modf.obj (.text:modf)
                  0c0b2540    000000a0                        : _mutex.obj (.text:mutex_unlock)
                  0c0b25e0    000000a0     ti.omp.utils.ae66 : OpenMPMem.oe66 (.text:ompBufferMgmtInit)
                  0c0b2680    000000a0     rts6600_elf_mt.lib : _pthread.obj (.text:pthread_mutex_init)
                  0c0b2720    000000a0     omp_config_pe66.oe66 (.text:realloc)
                  0c0b27c0    000000a0     rts6600_elf_mt.lib : strerror.obj (.text:strerror)
                  0c0b2860    000000a0     ti.omp.utils.ae66 : OpenMP.oe66 (.text:ti_omp_utils_OpenMP_exitThread__F)
                  0c0b2900    000000a0     ipc.lib : Ipc.obj (.text:ti_sdo_ipc_family_c647x_Interrupt_intUnregister__E)
                  0c0b29a0    000000a0             : Ipc.obj (.text:ti_sdo_ipc_gates_GatePeterson_leave__E)
                  0c0b2a40    000000a0             : Ipc.obj (.text:ti_sdo_ipc_notifyDrivers_NotifyDriverShm_Instance_finalize__F)
                  0c0b2ae0    000000a0     sysbios.ae66 : BIOS.obj (.text:ti_sysbios_family_c64p_Hwi_eventMap__E)
                  0c0b2b80    000000a0                  : BIOS.obj (.text:ti_sysbios_family_c64p_Hwi_getStackInfo__E)
                  0c0b2c20    000000a0                  : BIOS.obj (.text:ti_sysbios_gates_GateSwi_leave__E)
                  0c0b2cc0    000000a0                  : BIOS.obj (.text:ti_sysbios_heaps_HeapMem_init__I)
                  0c0b2d60    000000a0                  : BIOS.obj (.text:ti_sysbios_knl_Idle_run__E)
                  0c0b2e00    000000a0                  : BIOS.obj (.text:ti_sysbios_knl_Semaphore_pendTimeout__I)
                  0c0b2ea0    000000a0                  : BIOS.obj (.text:ti_sysbios_knl_Task_deleteTerminatedTasksFunc__I)
                  0c0b2f40    000000a0                  : BIOS.obj (.text:ti_sysbios_knl_Task_processVitalTaskFlag__I)
                  0c0b2fe0    000000a0                  : BIOS.obj (.text:ti_sysbios_timers_timer64_Timer_stop__E)
                  0c0b3080    000000a0     ti.uia.runtime.ae66 : LoggerCircBuf.oe66 (.text:ti_uia_runtime_LoggerCircBuf_readBlockOfMemory__I)
                  0c0b3120    000000a0                         : QueueDescriptor.oe66 (.text:ti_uia_runtime_QueueDescriptor_removeFromList__E)
                  0c0b31c0    000000a0     ti.targets.rts6000.ae66 : Assert.oe66 (.text:xdc_runtime_Assert_raise__I)
                  0c0b3260    000000a0                             : SysMin.oe66 (.text:xdc_runtime_SysMin_abort__F)
                  0c0b3300    000000a0                             : SysMin.oe66 (.text:xdc_runtime_SysMin_flush__F)
                  0c0b33a0    000000a0                             : SysMin.oe66 (.text:xdc_runtime_SysMin_putch__F)
                  0c0b3440    000000a0                             : Text.oe66 (.text:xdc_runtime_Text_xprintf__I)
                  0c0b34e0    00000080     ti.omp.ae66 : sections.oe66 (.text:GOMP_sections_start)
                  0c0b3560    00000080     rts6600_elf_mt.lib : trgdrv.obj (.text:HOSTclose)
                  0c0b35e0    00000080     ti.drv.qmss.ae66 : qmss_drv.oe66 (.text:Qmss_getMemRegQueueHandle)
                  0c0b3660    00000080                      : qmss_drv.oe66 (.text:Qmss_queueOpen)
                  0c0b36e0    00000080     rts6600_elf_mt.lib : _mutex.obj (.text:__TI_file_unlock)
                  0c0b3760    00000080                        : trgmsg.obj (.text:__TI_readmsg)
                  0c0b37e0    00000080                        : trgmsg.obj (.text:__TI_writemsg)
                  0c0b3860    00000080                        : fixdu.obj (.text:__c6xabi_fixdu)
                  0c0b38e0    00000080                        : llshift.obj (.text:__c6xabi_llshl)
                  0c0b3960    00000080     sysbios.ae66 : c62_TaskSupport_asm.obj (.text:_ti_sysbios_family_c62_TaskSupport_swap__E)
                  0c0b39e0    00000080     ti.drv.cppi.ae66 : cppi_listlib.oe66 (.text:cppi_list_remove)
                  0c0b3a60    00000080     ti.omp.ae66 : work.oe66 (.text:free_work_share)
                  0c0b3ae0    00000080     ti.omp.config.sysbios.ae66 : bar.oe66 (.text:gomp_barrier_init)
                  0c0b3b60    00000080     ti.omp.ae66 : task.oe66 (.text:gomp_flush0)
                  0c0b3be0    00000080     ti.omp.config.sysbios.ae66 : bar.oe66 (.text:gomp_flush0)
                  0c0b3c60    00000080     ti.omp.ae66 : task.oe66 (.text:gomp_init_task)
                  0c0b3ce0    00000080                 : loop.oe66 (.text:gomp_parallel_loop_start)
                  0c0b3d60    00000080                 : alloc.oe66 (.text:gomp_realloc)
                  0c0b3de0    00000080     ti.omp.config.sysbios.ae66 : bar.oe66 (.text:gomp_sem_post_num)
                  0c0b3e60    00000080     ti.omp.utils.ae66 : OpenMPMem.oe66 (.text:ompBufferAlloc)
                  0c0b3ee0    00000080     ti.omp.navigator.C6678.ae66 : Navigator.oe66 (.text:queue_pop_elem_wait)
                  0c0b3f60    00000080     omp_config_pe66.oe66 (.text:ti_omp_utils_HeapOMP_Object__create__S)
                  0c0b3fe0    00000080     ti.omp.utils.ae66 : OpenMP.oe66 (.text:ti_omp_utils_OpenMP_mainTask__I)
                  0c0b4060    00000080                       : ThreadLocalStorage.oe66 (.text:ti_omp_utils_ThreadLocalStorage_createFxn__F)
                  0c0b40e0    00000080     omp_config_pe66.oe66 (.text:ti_sdo_ipc_MessageQ_Object__get__S)
                  0c0b4160    00000080     omp_config_pe66.oe66 (.text:ti_sdo_ipc_gates_GateHWSem_Object__create__S)
                  0c0b41e0    00000080     omp_config_pe66.oe66 (.text:ti_sdo_ipc_gates_GateMPSupportNull_Object__create__S)
                  0c0b4260    00000080     ipc.lib : Ipc.obj (.text:ti_sdo_ipc_nsremote_NameServerRemoteNotify_detach__E)
                  0c0b42e0    00000080             : Ipc.obj (.text:ti_sdo_ipc_transports_TransportShm_swiFxn__I)
                  0c0b4360    00000080     omp_config_pe66.oe66 (.text:ti_sdo_utils_List_Object__create__S)
                  0c0b43e0    00000080     omp_config_pe66.oe66 (.text:ti_sdo_utils_NameServer_Object__get__S)
                  0c0b4460    00000080     sysbios.ae66 : BIOS.obj (.text:ti_sysbios_BIOS_exit__E)
                  0c0b44e0    00000080                  : BIOS.obj (.text:ti_sysbios_BIOS_registerRTSLock__I)
                  0c0b4560    00000080                  : BIOS.obj (.text:ti_sysbios_family_c66_Cache_invL1pAll__E)
                  0c0b45e0    00000080                  : BIOS.obj (.text:ti_sysbios_family_c66_Cache_wbInvAll__E)
                  0c0b4660    00000080     omp_config_pe66.oe66 (.text:ti_sysbios_gates_GateAll_Object__create__S)
                  0c0b46e0    00000080     omp_config_pe66.oe66 (.text:ti_sysbios_gates_GateHwi_Object__create__S)
                  0c0b4760    00000080     omp_config_pe66.oe66 (.text:ti_sysbios_gates_GateMutexPri_Object__create__S)
                  0c0b47e0    00000080     omp_config_pe66.oe66 (.text:ti_sysbios_gates_GateMutex_Object__create__S)
                  0c0b4860    00000080     omp_config_pe66.oe66 (.text:ti_sysbios_gates_GateSwi_Object__create__S)
                  0c0b48e0    00000080     sysbios.ae66 : BIOS.obj (.text:ti_sysbios_hal_Hwi_checkStack:ti_sysbios_hal_Hwi_checkStack)
                  0c0b4960    00000080                  : BIOS.obj (.text:ti_sysbios_hal_Hwi_initStack:ti_sysbios_hal_Hwi_initStack)
                  0c0b49e0    00000080     omp_config_pe66.oe66 (.text:ti_sysbios_heaps_HeapBuf_Object__get__S)
                  0c0b4a60    00000080     omp_config_pe66.oe66 (.text:ti_sysbios_heaps_HeapMem_Object__create__S)
                  0c0b4ae0    00000080     omp_config_pe66.oe66 (.text:ti_sysbios_heaps_HeapMem_Object__get__S)
                  0c0b4b60    00000080     sysbios.ae66 : BIOS.obj (.text:ti_sysbios_knl_Clock_Module_startup__F)
                  0c0b4be0    00000080                  : BIOS.obj (.text:ti_sysbios_knl_Clock_getTicks__E)
                  0c0b4c60    00000080     omp_config_pe66.oe66 (.text:ti_sysbios_knl_Queue_Object__create__S)
                  0c0b4ce0    00000080     omp_config_pe66.oe66 (.text:ti_sysbios_knl_Semaphore_Object__create__S)
                  0c0b4d60    00000080     sysbios.ae66 : BIOS.obj (.text:ti_sysbios_knl_Swi_startup__E)
                  0c0b4de0    00000080                  : BIOS.obj (.text:ti_sysbios_knl_Task_restore__E)
                  0c0b4e60    00000080                  : BIOS.obj (.text:ti_sysbios_timers_timer64_Timer_getCount__E)
                  0c0b4ee0    00000080                  : BIOS.obj (.text:ti_sysbios_timers_timer64_Timer_getPeriod__E)
                  0c0b4f60    00000080     omp_config_pe66.oe66 (.text:ti_sysbios_xdcruntime_GateThreadSupport_Object__create__S)
                  0c0b4fe0    00000080     omp_config_pe66.oe66 (.text:ti_uia_runtime_LoggerCircBuf_Object__get__S)
                  0c0b5060    00000080     ti.uia.runtime.ae66 : LoggerCircBuf.oe66 (.text:ti_uia_runtime_LoggerCircBuf_disable__E)
                  0c0b50e0    00000080                         : LoggerCircBuf.oe66 (.text:ti_uia_runtime_LoggerCircBuf_enable__E)
                  0c0b5160    00000080                         : LoggerCircBuf.oe66 (.text:ti_uia_runtime_LoggerCircBuf_filterOutEvent__I)
                  0c0b51e0    00000080                         : LoggerCircBuf.oe66 (.text:ti_uia_runtime_LoggerCircBuf_reset__F)
                  0c0b5260    00000080     ti.targets.rts6000.ae66 : Core-label.oe66 (.text:xdc_runtime_Core_assignLabel__I)
                  0c0b52e0    00000080                             : Core-params.oe66 (.text:xdc_runtime_Core_assignParams__I)
                  0c0b5360    00000080     omp_config_pe66.oe66 (.text:xdc_runtime_GateNull_Object__create__S)
                  0c0b53e0    00000080     ti.targets.rts6000.ae66 : System.oe66 (.text:xdc_runtime_System_atexit__F)
                  0c0b5460    00000080                             : System.oe66 (.text:xdc_runtime_System_putchar__I)
                  0c0b54e0    00000080                             : System.oe66 (.text:xdc_runtime_System_rtsExit__I)
                  0c0b5560    00000080                             : Text.oe66 (.text:xdc_runtime_Text_printVisFxn__I)
                  0c0b55e0    00000060     ti.omp.navigatorOsal.C6678.ae66 : Navigatorosal.oe66 (.text:CACHE_invL1d)
                  0c0b5640    00000060                                     : Navigatorosal.oe66 (.text:CACHE_wbL1d)
                  0c0b56a0    00000060     ti.omp.config.sysbios.ae66 : preinit.oe66 (.text:CSL_XMC_getXMPAXH)
                  0c0b5700    00000060     ti.omp.navigator.C6678.ae66 : Navigator.oe66 (.text:Cppi_setSoftwareInfo0)
                  0c0b5760    00000060                                 : Navigator.oe66 (.text:Create_Queue)
                  0c0b57c0    00000060     ti.omp.ae66 : sections.oe66 (.text:GOMP_parallel_sections_start)
                  0c0b5820    00000060                 : sections.oe66 (.text:GOMP_sections_next)
                  0c0b5880    00000060     ipc.lib : Ipc.obj (.text:GateMP_Params_init)
                  0c0b58e0    00000060             : Ipc.obj (.text:HeapMemMP_Params_init)
                  0c0b5940    00000060     ti.omp.utils.ae66 : HeapOMP.oe66 (.text:HeapOMP_getHeapFromAddr)
                  0c0b59a0    00000060     ipc.lib : Ipc.obj (.text:Notify_numIntLines)
                  0c0b5a00    00000060     rts6600_elf_mt.lib : frcmpyd_div.obj (.text:__TI_frcmpyd_div)
                  0c0b5a60    00000060                        : llshift.obj (.text:__c6xabi_llshru)
                  0c0b5ac0    00000060     ti.drv.cppi.ae66 : cppi_listlib.oe66 (.text:cppi_list_add)
                  0c0b5b20    00000060     ti.omp.config.sysbios.ae66 : bar.oe66 (.text:gomp_barrier_destroy)
                  0c0b5b80    00000060     ti.omp.ae66 : work.oe66 (.text:gomp_barrier_wait_start)
                  0c0b5be0    00000060     ti.omp.config.sysbios.ae66 : bar.oe66 (.text:gomp_barrier_wait_start)
                  0c0b5c40    00000060     ti.omp.ae66 : task.oe66 (.text:gomp_clear_parent)
                  0c0b5ca0    00000060                 : work.oe66 (.text:gomp_fini_work_share)
                  0c0b5d00    00000060                 : parallel.oe66 (.text:gomp_icv)
                  0c0b5d60    00000060                 : alloc.oe66 (.text:gomp_malloc)
                  0c0b5dc0    00000060                 : team.oe66 (.text:gomp_new_icv)
                  0c0b5e20    00000060                 : work.oe66 (.text:gomp_ptrlock_get)
                  0c0b5e80    00000060                 : parallel.oe66 (.text:gomp_sem_post)
                  0c0b5ee0    00000060                 : sections.oe66 (.text:gomp_sem_post)
                  0c0b5f40    00000060                 : task.oe66 (.text:gomp_sem_post)
                  0c0b5fa0    00000060                 : team.oe66 (.text:gomp_sem_post)
                  0c0b6000    00000060                 : work.oe66 (.text:gomp_sem_post)
                  0c0b6060    00000060     ti.omp.config.sysbios.ae66 : bar.oe66 (.text:gomp_sem_post)
                  0c0b60c0    00000060                                : bar.oe66 (.text:gomp_team_barrier_wake)
                  0c0b6120    00000060     ti.omp.ae66 : error.oe66 (.text:gomp_verror)
                  0c0b6180    00000060     omp_config_pe66.oe66 (.text:malloc)
                  0c0b61e0    00000060     rts6600_elf_mt.lib : memccpy.obj (.text:memccpy)
                  0c0b6240    00000060                        : _pthread.obj (.text:pthread_mutex_destroy)
                  0c0b62a0    00000060     ti.omp.navigator.C6678.ae66 : Navigator.oe66 (.text:queue_push_elem)
                  0c0b6300    00000060     rts6600_elf_mt.lib : strncmp.obj (.text:strncmp)
                  0c0b6360    00000060     ti.omp.ae66 : team.oe66 (.text:team_destructor)
                  0c0b63c0    00000060     ti.omp.utils.ae66 : HeapOMP.oe66 (.text:ti_omp_utils_HeapOMP_alloc__E)
                  0c0b6420    00000060                       : OpenMP.oe66 (.text:ti_omp_utils_OpenMP_setProcId__I)
                  0c0b6480    00000060                       : ThreadLocalStorage.oe66 (.text:ti_omp_utils_ThreadLocalStorage_deleteFxn__F)
                  0c0b64e0    00000060     ipc.lib : Ipc.obj (.text:ti_sdo_ipc_family_c647x_NotifySetup_sharedMemReq__E)
                  0c0b6540    00000060             : Ipc.obj (.text:ti_sdo_ipc_gates_GateHWSem_leave__E)
                  0c0b65a0    00000060             : Ipc.obj (.text:ti_sdo_ipc_gates_GatePeterson_Instance_finalize__F)
                  0c0b6600    00000060             : Ipc.obj (.text:ti_sdo_ipc_gates_GatePeterson_sharedMemReq__E)
                  0c0b6660    00000060             : Ipc.obj (.text:ti_sdo_ipc_notifyDrivers_NotifyDriverShm_setNotifyHandle__E)
                  0c0b66c0    00000060             : Ipc.obj (.text:ti_sdo_ipc_transports_TransportShmSetup_sharedMemReq__E)
                  0c0b6720    00000060     omp_config_pe66.oe66 (.text:ti_sdo_utils_List_Object__get__S)
                  0c0b6780    00000060     omp_config_pe66.oe66 (.text:ti_sysbios_BIOS_exitFunc__I)
                  0c0b67e0    00000060     sysbios.ae66 : BIOS.obj (.text:ti_sysbios_BIOS_rtsLock__I)
                  0c0b6840    00000060                  : BIOS.obj (.text:ti_sysbios_family_c62_TaskSupport_start__E)
                  0c0b68a0    00000060                  : BIOS.obj (.text:ti_sysbios_gates_GateAll_enter__E)
                  0c0b6900    00000060                  : BIOS.obj (.text:ti_sysbios_gates_GateMutex_Instance_init__F)
                  0c0b6960    00000060     omp_config_pe66.oe66 (.text:ti_sysbios_knl_Clock_doTick__I)
                  0c0b69c0    00000060     omp_config_pe66.oe66 (.text:ti_sysbios_knl_Queue_Object__get__S)
                  0c0b6a20    00000060     sysbios.ae66 : BIOS.obj (.text:ti_sysbios_knl_Swi_Module_startup__F)
                  0c0b6a80    00000060     omp_config_pe66.oe66 (.text:ti_sysbios_knl_Swi_Object__get__S)
                  0c0b6ae0    00000060     omp_config_pe66.oe66 (.text:ti_sysbios_knl_Task_Object__get__S)
                  0c0b6b40    00000060     sysbios.ae66 : BIOS.obj (.text:ti_sysbios_knl_Task_enter__I)
                  0c0b6ba0    00000060     ti.uia.runtime.ae66 : LogSync.oe66 (.text:ti_uia_runtime_LogSync_Module_startup__F)
                  0c0b6c00    00000060                         : LoggerCircBuf.oe66 (.text:ti_uia_runtime_LoggerCircBuf_Instance_finalize__F)
                  0c0b6c60    00000060     rts6600_elf_mt.lib : lowlev.obj (.text:unlink)
                  0c0b6cc0    00000060     omp_config_pe66.oe66 (.text:xdc_runtime_Error_raiseX__E)
                  0c0b6d20    00000060     ti.targets.rts6000.ae66 : Memory.oe66 (.text:xdc_runtime_Memory_calloc__F)
                  0c0b6d80    00000060                             : Memory.oe66 (.text:xdc_runtime_Memory_valloc__F)
                  0c0b6de0    00000060                             : SysMin.oe66 (.text:xdc_runtime_SysMin_Module_startup__F)
                  0c0b6e40    00000060                             : SysMin.oe66 (.text:xdc_runtime_SysMin_exit__F)
                  0c0b6ea0    00000060     omp_config_pe66.oe66 (.text:xdc_runtime_SysMin_output__I)
                  0c0b6f00    00000060     ti.targets.rts6000.ae66 : System.oe66 (.text:xdc_runtime_System_avprintf__F)
                  0c0b6f60    00000060                             : System.oe66 (.text:xdc_runtime_System_vprintf__F)
                  0c0b6fc0    00000060                             : Text.oe66 (.text:xdc_runtime_Text_cordText__F)
                  0c0b7020    00000040     ti.omp.navigatorOsal.C6678.ae66 : Navigatorosal.oe66 (.text:CACHE_invL1dWait)
                  0c0b7060    00000040     ti.omp.ae66 : task.oe66 (.text:CACHE_wbInvAllL1d)
                  0c0b70a0    00000040     ti.omp.config.sysbios.ae66 : bar.oe66 (.text:CACHE_wbInvAllL1d)
                  0c0b70e0    00000040     ti.omp.ae66 : task.oe66 (.text:CACHE_wbInvAllL1dWait)
                  0c0b7120    00000040     ti.omp.config.sysbios.ae66 : bar.oe66 (.text:CACHE_wbInvAllL1dWait)
                  0c0b7160    00000040     ti.omp.ae66 : task.oe66 (.text:CACHE_wbInvAllL2)
                  0c0b71a0    00000040     ti.omp.config.sysbios.ae66 : bar.oe66 (.text:CACHE_wbInvAllL2)
                  0c0b71e0    00000040     ti.omp.ae66 : task.oe66 (.text:CACHE_wbInvAllL2Wait)
                  0c0b7220    00000040     ti.omp.config.sysbios.ae66 : bar.oe66 (.text:CACHE_wbInvAllL2Wait)
                  0c0b7260    00000040     ti.omp.navigatorOsal.C6678.ae66 : Navigatorosal.oe66 (.text:CACHE_wbL1dWait)
                  0c0b72a0    00000040     ti.omp.config.sysbios.ae66 : preinit.oe66 (.text:CSL_XMC_setXMPAXH)
                  0c0b72e0    00000040     ti.omp.ae66 : parallel.oe66 (.text:CSL_semAcquireDirect)
                  0c0b7320    00000040                 : sections.oe66 (.text:CSL_semAcquireDirect)
                  0c0b7360    00000040                 : task.oe66 (.text:CSL_semAcquireDirect)
                  0c0b73a0    00000040                 : team.oe66 (.text:CSL_semAcquireDirect)
                  0c0b73e0    00000040                 : work.oe66 (.text:CSL_semAcquireDirect)
                  0c0b7420    00000040     ti.omp.config.sysbios.ae66 : bar.oe66 (.text:CSL_semAcquireDirect)
                  0c0b7460    00000040     ti.omp.navigatorOsal.C6678.ae66 : Navigatorosal.oe66 (.text:CSL_semAcquireDirect)
                  0c0b74a0    00000040     ti.omp.utils.ae66 : OpenMPMem.oe66 (.text:CSL_semAcquireDirect)
                  0c0b74e0    00000040     ti.omp.ae66 : parallel.oe66 (.text:CSL_semReleaseSemaphore)
                  0c0b7520    00000040                 : sections.oe66 (.text:CSL_semReleaseSemaphore)
                  0c0b7560    00000040                 : task.oe66 (.text:CSL_semReleaseSemaphore)
                  0c0b75a0    00000040                 : team.oe66 (.text:CSL_semReleaseSemaphore)
                  0c0b75e0    00000040                 : work.oe66 (.text:CSL_semReleaseSemaphore)
                  0c0b7620    00000040     ti.omp.config.sysbios.ae66 : bar.oe66 (.text:CSL_semReleaseSemaphore)
                  0c0b7660    00000040     ti.omp.navigatorOsal.C6678.ae66 : Navigatorosal.oe66 (.text:CSL_semReleaseSemaphore)
                  0c0b76a0    00000040     ti.omp.utils.ae66 : OpenMPMem.oe66 (.text:CSL_semReleaseSemaphore)
                  0c0b76e0    00000040     ti.omp.navigator.C6678.ae66 : Navigator.oe66 (.text:Cppi_getSoftwareInfo0)
                  0c0b7720    00000040     ti.omp.ae66 : loop.oe66 (.text:GOMP_parallel_loop_static_start)
                  0c0b7760    00000040                 : parallel.oe66 (.text:GOMP_parallel_start)
                  0c0b77a0    00000040     ti.omp.navigatorOsal.C6678.ae66 : Navigatorosal.oe66 (.text:Osal_cppiCsEnter)
                  0c0b77e0    00000040                                     : Navigatorosal.oe66 (.text:Osal_cppiFree)
                  0c0b7820    00000040                                     : Navigatorosal.oe66 (.text:Osal_cppiMalloc)
                  0c0b7860    00000040                                     : Navigatorosal.oe66 (.text:Osal_qmssBeginMemAccess)
                  0c0b78a0    00000040                                     : Navigatorosal.oe66 (.text:Osal_qmssCsEnter)
                  0c0b78e0    00000040                                     : Navigatorosal.oe66 (.text:Osal_qmssEndMemAccess)
                  0c0b7920    00000040     ti.drv.qmss.ae66 : qmss_drv.oe66 (.text:Qmss_getMemRegDescSize)
                  0c0b7960    00000040     ti.omp.navigator.C6678.ae66 : Navigator.oe66 (.text:Qmss_getQueueEntryCount)
                  0c0b79a0    00000040                                 : Navigator.oe66 (.text:Qmss_queueEmpty)
                  0c0b79e0    00000040                                 : Navigator.oe66 (.text:Qmss_queuePop)
                  0c0b7a20    00000040                                 : Navigator.oe66 (.text:Qmss_queuePushDesc)
                  0c0b7a60    00000040     rts6600_elf_mt.lib : _data_synch.obj (.text:__TI_data_synch_INV)
                  0c0b7aa0    00000040                        : _data_synch.obj (.text:__TI_data_synch_WBINV)
                  0c0b7ae0    00000040                        : isinf.obj (.text:__c6xabi_isinf)
                  0c0b7b20    00000040                        : _printfi.obj (.text:__c6xabi_isnan)
                  0c0b7b60    00000040                        : args_main.obj (.text:_args_main)
                  0c0b7ba0    00000040                        : imath64.obj (.text:_subcull)
                  0c0b7be0    00000040     ti.omp.config.sysbios.ae66 : preinit.oe66 (.text:_system_pre_init)
                  0c0b7c20    00000040     sysbios.ae66 : c62_TaskSupport_asm.obj (.text:_ti_sysbios_family_c62_TaskSupport_buildTaskStack)
                  0c0b7c60    00000040                  : c64p_Hwi_asm_switch.obj (.text:_ti_sysbios_family_xxx_Hwi_switchToIsrStack)
                  0c0b7ca0    00000040     ti.omp.navigator.C6678.ae66 : Navigator.oe66 (.text:exit_Navigator)
                  0c0b7ce0    00000040     omp_config_pe66.oe66 (.text:free)
                  0c0b7d20    00000040     ti.omp.ae66 : team.oe66 (.text:free_team)
                  0c0b7d60    00000040     ti.omp.config.sysbios.ae66 : bar.oe66 (.text:gomp_barrier_reinit)
                  0c0b7da0    00000040     ti.omp.ae66 : task.oe66 (.text:gomp_end_task)
                  0c0b7de0    00000040                 : error.oe66 (.text:gomp_error)
                  0c0b7e20    00000040                 : error.oe66 (.text:gomp_fatal)
                  0c0b7e60    00000040                 : alloc.oe66 (.text:gomp_free)
                  0c0b7ea0    00000040                 : team.oe66 (.text:gomp_free_pool_helper)
                  0c0b7ee0    00000040                 : critical.oe66 (.text:gomp_mutex_init)
                  0c0b7f20    00000040                 : env.oe66 (.text:gomp_mutex_init)
                  0c0b7f60    00000040                 : team.oe66 (.text:gomp_mutex_init)
                  0c0b7fa0    00000040                 : work.oe66 (.text:gomp_mutex_init)
                  0c0b7fe0    00000040     ti.omp.config.sysbios.ae66 : bar.oe66 (.text:gomp_mutex_init)
                  0c0b8020    00000040     ti.omp.ae66 : team.oe66 (.text:gomp_new_thread_pool)
                  0c0b8060    00000040                 : work.oe66 (.text:gomp_ptrlock_init)
                  0c0b80a0    00000040                 : sections.oe66 (.text:gomp_ptrlock_set)
                  0c0b80e0    00000040                 : sections.oe66 (.text:gomp_sections_init)
                  0c0b8120    00000040                 : critical.oe66 (.text:gomp_sem_init)
                  0c0b8160    00000040                 : env.oe66 (.text:gomp_sem_init)
                  0c0b81a0    00000040                 : task.oe66 (.text:gomp_sem_init)
                  0c0b81e0    00000040                 : team.oe66 (.text:gomp_sem_init)
                  0c0b8220    00000040                 : work.oe66 (.text:gomp_sem_init)
                  0c0b8260    00000040     ti.omp.config.sysbios.ae66 : bar.oe66 (.text:gomp_sem_init)
                  0c0b82a0    00000040     ti.omp.ae66 : task.oe66 (.text:gomp_team_barrier_waiting_for_tasks)
                  0c0b82e0    00000040     ti.omp.config.sysbios.ae66 : thread.oe66 (.text:gomp_thread_create)
                  0c0b8320    00000040     ti.omp.ae66 : sections.oe66 (.text:gomp_work_share_init_done)
                  0c0b8360    00000040                 : critical.oe66 (.text:initialize_critical)
                  0c0b83a0    00000040     ti.omp.utils.ae66 : ThreadLocalStorage.oe66 (.text:isTLSRequired)
                  0c0b83e0    00000040     ti.omp.navigator.C6678.ae66 : Navigator.oe66 (.text:l2_global_address)
                  0c0b8420    00000040     ti.omp.ae66 : env.oe66 (.text:omp_check_defines)
                  0c0b8460    00000040     rts6600_elf_mt.lib : _pthread.obj (.text:pthread_self)
                  0c0b84a0    00000040     omp_config_pe66.oe66 (.text:ti_omp_utils_HeapOMP_Handle__label__S)
                  0c0b84e0    00000040     ti.omp.utils.ae66 : HeapOMP.oe66 (.text:ti_omp_utils_HeapOMP_Instance_init__F)
                  0c0b8520    00000040     omp_config_pe66.oe66 (.text:ti_omp_utils_HeapOMP_Object__delete__S)
                  0c0b8560    00000040     ti.omp.utils.ae66 : HeapOMP.oe66 (.text:ti_omp_utils_HeapOMP_free__E)
                  0c0b85a0    00000040                       : ThreadLocalStorage.oe66 (.text:ti_omp_utils_ThreadLocalStorage_switchFxn__F)
                  0c0b85e0    00000040                       : ThreadLocal.oe66 (.text:ti_omp_utils_ThreadLocal_createFxn__F)
                  0c0b8620    00000040     omp_config_pe66.oe66 (.text:ti_sdo_ipc_GateMP_Object__delete__S)
[...]
0c0c2cb0  ti_sysbios_timers_timer64_Timer_Module__diagsEnabled__C                   
0c0c2cb4  ti_sysbios_timers_timer64_Timer_Module__diagsIncluded__C                  
0c0c2cb8  ti_sysbios_timers_timer64_Timer_Module__diagsMask__C                      
0c0c2cbc  ti_sysbios_timers_timer64_Timer_anyMask__C                                
0c0c2cc0  ti_sysbios_timers_timer64_Timer_freqDivisor__C                            
0c0c2cc4  ti_sysbios_timers_timer64_Timer_numLocalTimers__C                         
0c0c2cc8  ti_sysbios_timers_timer64_Timer_numTimerDevices__C                        
0c0c2ccc  ti_sysbios_utils_Load_LS_cpuLoad__C                                       
0c0c2cd0  ti_sysbios_utils_Load_LS_hwiLoad__C                                       
0c0c2cd4  ti_sysbios_utils_Load_LS_swiLoad__C                                       
0c0c2cd8  ti_sysbios_utils_Load_LS_taskLoad__C                                      
0c0c2cdc  ti_sysbios_utils_Load_Module_State_taskList__O                            
0c0c2ce0  ti_sysbios_utils_Load_Module__diagsEnabled__C                             
0c0c2ce4  ti_sysbios_utils_Load_Module__diagsIncluded__C                            
0c0c2ce8  ti_sysbios_utils_Load_Module__diagsMask__C                                
0c0c2cec  ti_sysbios_utils_Load_Module__loggerFxn1__C                               
0c0c2cf0  ti_sysbios_utils_Load_Module__loggerFxn2__C                               
0c0c2cf4  ti_sysbios_utils_Load_Module__loggerFxn4__C                               
0c0c2cf8  ti_sysbios_utils_Load_Module__loggerObj__C                                
0c0c2cfc  ti_sysbios_utils_Load_postUpdate__C                                       
0c0c2d00  ti_sysbios_utils_Load_windowInMs__C                                       
0c0c2d04  ti_sysbios_xdcruntime_GateThreadSupport_Instance_State_gate__O            
0c0c2d08  ti_uia_family_c66_TimestampC66XGlobal_timerBaseAdrs__C                    
0c0c2d0c  ti_uia_runtime_ILoggerSnapshot_Interface__BASE__C                         
0c0c2d10  ti_uia_runtime_IUIATransfer_Interface__BASE__C                            
0c0c2d14  ti_uia_runtime_LoggerCircBuf_E_badLevel__C                                
0c0c2d18  ti_uia_runtime_LoggerCircBuf_Object__count__C                             
0c0c2d1c  ti_uia_runtime_LoggerCircBuf_Object__table__C                             
0c0c2d20  ti_uia_runtime_LoggerCircBuf_overflowLogger__C                            
0c0c2d24  ti_uia_runtime_LoggerCircBuf_statusLogger__C                              
0c0c2d28  xdc_runtime_Assert_E_assertFailed__C                                      
0c0c2d2c  xdc_runtime_Core_A_initializedParams__C                                   
0c0c2d30  xdc_runtime_Core_Module__diagsEnabled__C                                  
0c0c2d34  xdc_runtime_Core_Module__diagsIncluded__C                                 
0c0c2d38  xdc_runtime_Core_Module__diagsMask__C                                     
0c0c2d3c  xdc_runtime_Error_E_memory__C                                             
0c0c2d40  xdc_runtime_Error_Module__diagsEnabled__C                                 
0c0c2d44  xdc_runtime_Error_Module__diagsIncluded__C                                
0c0c2d48  xdc_runtime_Error_Module__diagsMask__C                                    
0c0c2d4c  xdc_runtime_Error_Module__loggerFxn8__C                                   
0c0c2d50  xdc_runtime_Error_Module__loggerObj__C                                    
0c0c2d54  xdc_runtime_Error_policy__C                                               
0c0c2d58  xdc_runtime_Error_raiseHook__C                                            
0c0c2d5c  xdc_runtime_IFilterLogger_Interface__BASE__C                              
0c0c2d60  xdc_runtime_IGateProvider_Interface__BASE__C                              
0c0c2d64  xdc_runtime_IHeap_Interface__BASE__C                                      
0c0c2d68  xdc_runtime_ILogger_Interface__BASE__C                                    
0c0c2d6c  xdc_runtime_IModule_Interface__BASE__C                                    
0c0c2d70  xdc_runtime_Log_L_error__C                                                
0c0c2d74  xdc_runtime_Main_Module__diagsEnabled__C                                  
0c0c2d78  xdc_runtime_Main_Module__diagsIncluded__C                                 
0c0c2d7c  xdc_runtime_Main_Module__diagsMask__C                                     
0c0c2d80  xdc_runtime_Memory_defaultHeapInstance__C                                 
0c0c2d84  xdc_runtime_Startup_execImpl__C                                           
0c0c2d88  xdc_runtime_Startup_maxPasses__C                                          
0c0c2d8c  xdc_runtime_Startup_sfxnRts__C                                            
0c0c2d90  xdc_runtime_Startup_sfxnTab__C                                            
0c0c2d94  xdc_runtime_Startup_startModsFxn__C                                       
0c0c2d98  xdc_runtime_SysMin_bufSize__C                                             
0c0c2d9c  xdc_runtime_SysMin_outputFunc__C                                          
0c0c2da0  xdc_runtime_System_A_cannotFitIntoArg__C                                  
0c0c2da4  xdc_runtime_System_Module__gateObj__C                                     
0c0c2da8  xdc_runtime_System_extendFxn__C                                           
0c0c2dac  xdc_runtime_System_maxAtexitHandlers__C                                   
0c0c2db0  xdc_runtime_Text_charTab__C                                               
0c0c2db4  xdc_runtime_Text_nameEmpty__C                                             
0c0c2db8  xdc_runtime_Text_nameStatic__C                                            
0c0c2dbc  xdc_runtime_Text_nameUnknown__C                                           
0c0c2dc0  xdc_runtime_Text_nodeTab__C                                               
0c0c2dc4  xdc_runtime_Text_visitRopeFxn__C                                          
0c0c2dc8  ti_sdo_ipc_GateMP_Module__id__C                                           
0c0c2dca  ti_sdo_ipc_GateMP_Module__loggerDefined__C                                
0c0c2dcc  ti_sdo_ipc_Ipc_Module__id__C                                              
0c0c2dce  ti_sdo_ipc_Ipc_generateSlaveDataForHost__C                                
0c0c2dd0  ti_sdo_ipc_ListMP_Module__id__C                                           
0c0c2dd2  ti_sdo_ipc_MessageQ_Module__id__C                                         
0c0c2dd4  ti_sdo_ipc_MessageQ_Module__loggerDefined__C                              
0c0c2dd6  ti_sdo_ipc_Notify_Module__id__C                                           
0c0c2dd8  ti_sdo_ipc_Notify_numLines__C                                             
0c0c2dda  ti_sdo_ipc_Notify_reservedEvents__C                                       
0c0c2ddc  ti_sdo_ipc_SharedRegion_Module__id__C                                     
0c0c2dde  ti_sdo_ipc_SharedRegion_numEntries__C                                     
0c0c2de0  ti_sdo_ipc_SharedRegion_translate__C                                      
0c0c2de2  ti_sdo_ipc_family_c647x_Interrupt_enableKick__C                           
0c0c2de4  ti_sdo_ipc_gates_GateHWSem_Module__id__C                                  
0c0c2de6  ti_sdo_ipc_gates_GateMPSupportNull_Module__id__C                          
0c0c2de8  ti_sdo_ipc_gates_GatePeterson_Module__id__C                               
0c0c2dea  ti_sdo_ipc_heaps_HeapMemMP_Module__id__C                                  
0c0c2dec  ti_sdo_ipc_notifyDrivers_NotifyDriverShm_Module__id__C                    
0c0c2dee  ti_sdo_ipc_nsremote_NameServerRemoteNotify_Module__id__C                  
0c0c2df0  ti_sdo_ipc_transports_TransportShm_Module__id__C                          
0c0c2df2  ti_sdo_ipc_transports_TransportShm_notifyEventId__C                       
0c0c2df4  ti_sdo_utils_MultiProc_Module__id__C                                      
0c0c2df6  ti_sdo_utils_MultiProc_numProcessors__C                                   
0c0c2df8  ti_sdo_utils_MultiProc_numProcsInCluster__C                               
0c0c2dfa  ti_sdo_utils_NameServer_Module__id__C                                     
0c0c2dfc  ti_sysbios_BIOS_Module__id__C                                             
0c0c2dfe  ti_sysbios_family_c64p_Exception_Module__id__C                            
0c0c2e00  ti_sysbios_family_c64p_Exception_enableExternalMPC__C                     
0c0c2e02  ti_sysbios_family_c64p_Exception_enablePrint__C                           
0c0c2e04  ti_sysbios_family_c64p_Exception_useInternalBuffer__C                     
0c0c2e06  ti_sysbios_family_c64p_Hwi_Module__id__C                                  
0c0c2e08  ti_sysbios_family_c64p_Hwi_Module__loggerDefined__C                       
0c0c2e0a  ti_sysbios_gates_GateMutexPri_Module__id__C                               
0c0c2e0c  ti_sysbios_gates_GateMutex_Module__id__C                                  
0c0c2e0e  ti_sysbios_gates_GateSwi_Module__id__C                                    
0c0c2e10  ti_sysbios_hal_Hwi_Module__id__C                                          
0c0c2e12  ti_sysbios_heaps_HeapMem_Module__id__C                                    
0c0c2e14  ti_sysbios_knl_Clock_Module__id__C                                        
0c0c2e16  ti_sysbios_knl_Clock_Module__loggerDefined__C                             
0c0c2e18  ti_sysbios_knl_Semaphore_Module__id__C                                    
0c0c2e1a  ti_sysbios_knl_Semaphore_Module__loggerDefined__C                         
0c0c2e1c  ti_sysbios_knl_Swi_Module__id__C                                          
0c0c2e1e  ti_sysbios_knl_Swi_Module__loggerDefined__C                               
0c0c2e20  ti_sysbios_knl_Task_Module__id__C                                         
0c0c2e22  ti_sysbios_knl_Task_Module__loggerDefined__C                              
0c0c2e24  ti_sysbios_knl_Task_deleteTerminatedTasks__C                              
0c0c2e26  ti_sysbios_knl_Task_initStackFlag__C                                      
0c0c2e28  ti_sysbios_timers_timer64_Timer_Module__id__C                             
0c0c2e2a  ti_sysbios_timers_timer64_Timer_startupNeeded__C                          
0c0c2e2c  ti_sysbios_utils_Load_Module__id__C                                       
0c0c2e2e  ti_sysbios_utils_Load_Module__loggerDefined__C                            
0c0c2e30  ti_sysbios_utils_Load_autoAddTasks__C                                     
0c0c2e32  ti_sysbios_utils_Load_hwiEnabled__C                                       
0c0c2e34  ti_sysbios_utils_Load_swiEnabled__C                                       
0c0c2e36  ti_sysbios_utils_Load_taskEnabled__C                                      
0c0c2e38  ti_sysbios_utils_Load_updateInIdle__C                                     
0c0c2e3a  ti_uia_runtime_LoggerCircBuf_Module__id__C                                
0c0c2e3c  ti_uia_runtime_LoggerCircBuf_filterByLevel__C                             
0c0c2e3e  ti_uia_runtime_LoggerCircBuf_isTimestampEnabled__C                        
0c0c2e40  xdc_runtime_Core_Module__id__C                                            
0c0c2e42  xdc_runtime_Error_Module__loggerDefined__C                                
0c0c2e44  xdc_runtime_Error_maxDepth__C                                             
0c0c2e46  xdc_runtime_Memory_Module__id__C                                          
0c0c2e48  xdc_runtime_SysMin_flushAtExit__C                                         
0c0c2e4a  xdc_runtime_Text_charCnt__C                                               
0c0c2e4c  xdc_runtime_Text_isLoaded__C                                              
0c0c2e4e  xdc_runtime_Text_registryModsLastId__C                                    
0c0c2e50  xdc_runtime_Text_unnamedModsLastId__C                                     
0c0c2f7c  Ipc_sr0MemorySetup                                                        
0c0c2f94  __TI_TLS_INIT_Base                                                        
0c0c2fa4  __TI_TLS_INIT_Limit                                                       
0c0c2fa8  __TI_table_binit                                                          
0c0c2fa8  __binit__                                                                 
0c0c2fa8  binit                                                                     
0c0c3000  ti_sysbios_family_c64p_Hwi0                                               
0c0c3000  ti_sysbios_family_c64p_Hwi_int0                                           
0c0c3020  ti_sysbios_family_c64p_Hwi_int1                                           
0c0c3040  ti_sysbios_family_c64p_Hwi_int2                                           
0c0c3060  ti_sysbios_family_c64p_Hwi_int3                                           
0c0c3080  ti_sysbios_family_c64p_Hwi_int4                                           
0c0c30a0  ti_sysbios_family_c64p_Hwi_int5                                           
0c0c30c0  ti_sysbios_family_c64p_Hwi_int6                                           
0c0c30e0  ti_sysbios_family_c64p_Hwi_int7                                           
0c0c3100  ti_sysbios_family_c64p_Hwi_int8                                           
0c0c3120  ti_sysbios_family_c64p_Hwi_int9                                           
0c0c3140  ti_sysbios_family_c64p_Hwi_int10                                          
0c0c3160  ti_sysbios_family_c64p_Hwi_int11                                          
0c0c3180  ti_sysbios_family_c64p_Hwi_int12                                          
0c0c31a0  ti_sysbios_family_c64p_Hwi_int13                                          
0c0c31c0  ti_sysbios_family_c64p_Hwi_int14                                          
0c0c31e0  ti_sysbios_family_c64p_Hwi_int15                                          
0c0c3200  __TI_STATIC_BASE                                                          
0c0c3200  qmssMallocCounter                                                         
0c0c3204  qmssFreeCounter                                                           
0c0c3208  cppiMallocCounter                                                         
0c0c320c  cppiFreeCounter                                                           
0c0c3210  ti_uia_runtime_QueueDescriptor_gPtrToFirstDescriptor                      
0c0c3214  ti_uia_runtime_QueueDescriptor_gUpdateCount                               
0c0c3218  qmssLObjIsValid                                                           
0c0c3220  omp_qmssGblCfgParams                                                      
0c0c3340  omp_cppiGblCfgParams                                                      
0c0c33b8  cppiLObj                                                                  
0c0c3580  __TI_TLS_MAIN_THREAD_Base                                                 
0c0c3580  errno                                                                     
0c0c3800  _c_int00                                                                  
80000000  Lookup_L                                                                  
8038dab0  Lookup_R                                                                  
8071b560  Coedge                                                                    
808e22b8  Edgeleft                                                                  
80953e10  New_Dis                                                                   
809c5968  dil                                                                       
80a374c0  ero                                                                       
80aa9018  Acu                                                                       
80aecdb8  VDisbin                                                                   
80af5190  VDisbin1                                                                  
80afd568  qmssLObj                                                                  
80afd688  Disparity                                                                 
80b6f1e0  Left                                                                      
80be0d38  Right                                                                     
80d2b990  __TI_Handler_Table_Base                                                   
80d2b99c  __TI_Handler_Table_Limit                                                  
80d2b9e0  __TI_CINIT_Base                                                           
80d2ba40  __TI_CINIT_Limit                                                          
a03e5000  linkingRAM0                                                               
a03f5000  eventDesc                                                                 
a03f7000  cpdmaCfg                                                                  
a03f7018  qmssInitConfig                                                            
a03f7044  memInfo                                                                   
a03f705c  descCfg                                                                   
a03f708c  cppiHnd                                                                   
a03f7090  completionQueHnd                                                          
a03f7094  eventQueHnd                                                               
a03f7098  EventFreeDescHnd                                                          
a03f709c  releaseHnd                                                                
a03f70a0  release                                                                   
a03f70a4  runCount                                                                  
a03f70a8  isQMSSInitialized                                                         
a03f70b0  gomp_thread_attr                                                          
a03f70e8  gomp_thread_destructor                                                    
a03f70ec  gomp_main_exit                                                            
a03f70f0  BufferMgmt                                                                
a03f70fc  gomp_tls_key                                                              
a03f7100  queueFree                                                                 
a03f9100  qmssGObj                                                                  
a03f96d0  ThreadLocal_destructors                                                   
a03f9710  gomp_cpu_affinity                                                         
a03f9714  gomp_cpu_affinity_len                                                     
a03f9718  gomp_remaining_threads_count                                              
a03f971c  gomp_remaining_threads_lock                                               
a03f9728  gomp_spin_count_var                                                       
a03f9730  gomp_throttled_spin_count_var                                             
a03f9738  gomp_global_icv                                                           
a03f9748  gomp_max_active_levels_var                                                
a03f974c  gomp_thread_limit_var                                                     
a03f9750  gomp_available_cpus                                                       
a03f9754  gomp_managed_threads                                                      
a03f9770  ThreadLocal_usedKeys                                                      
a03f9780  cppiObject                                                                
ffffffff  __TI_pprof_out_hndl                                                       
ffffffff  __TI_prof_data_size                                                       
ffffffff  __TI_prof_data_start                                                      
ffffffff  __c_args__                                                                
UNDEFED   __TI_INITARRAY_Base                                                       
UNDEFED   __TI_INITARRAY_Limit                                                      

[1695 symbols]
