******************************************************************************
               TMS320C6x Linker PC v8.1.0                      
******************************************************************************
>> Linked Wed Sep 14 14:17:41 2016

OUTPUT FILE NAME:   <OpenMP_parallel.out>
ENTRY POINT SYMBOL: "_c_int00"  address: 0c0c4800


MEMORY CONFIGURATION

         name            origin    length      used     unused   attr    fill
----------------------  --------  ---------  --------  --------  ----  --------
  L2SRAM                00800000   00080000  00034728  0004b8d8  RWIX
  MSMCSRAM              0c000000   003c0000  000c4526  002fbada  RWIX
  DDR3                  80000000   20000000  01d2ba3a  1e2d45c6  RWIX
  MSMCSRAM_NOCACHE      a03c0000   00040000  0003996e  00006692  RWIX


SEGMENT ALLOCATION MAP

run origin  load origin   length   init length attrs members
----------  ----------- ---------- ----------- ----- -------
00800000    00800000    00034728   00000000    rw-
  00800000    00800000    00033604   00000000    rw- .localfar
  00833604    00833604    00000004   00000000    rw- .tls_tp
  00833608    00833608    00001000   00000000    rw- .stack
  00834608    00834608    00000120   00000000    rw- .cio
0c080000    0c080000    00043cd2   00043cd2    r-x
  0c080000    0c080000    0003dec0   0003dec0    r-x .text
  0c0bdec0    0c0bdec0    00005e12   00005e12    r-- .const
0c0c3cd4    0c0c3cd4    00000004   00000000    rw-
  0c0c3cd4    0c0c3cd4    00000004   00000000    rw- .bss
0c0c3cd8    0c0c4200    000001bc   000001bc    rw-
  0c0c3cd8    0c0c4200    00000019   00000019    rw- .neardata
  0c0c3cf8    0c0c4220    0000019c   0000019c    rw- .fardata
0c0c3e94    0c0c3e94    0000014c   0000014c    r--
  0c0c3e94    0c0c3e94    00000128   00000128    r-- .switch
  0c0c3fbc    0c0c3fbc    00000024   00000024    r-- .TI.tls_init
0c0c3fe0    0c0c3fe0    0000001c   0000001c    r--
  0c0c3fe0    0c0c3fe0    0000001c   0000001c    r-- .binit
0c0c4000    0c0c4000    00000200   00000200    r-x
  0c0c4000    0c0c4000    00000200   00000200    r-x .vecs
0c0c43c0    0c0c43c0    000000d0   00000004    rw-
  0c0c43c0    0c0c43c0    00000004   00000000    rw- .tdata
  0c0c43c8    0c0c43c8    000000c8   00000000    rw- .tbss
0c0c4800    0c0c4800    000000a0   000000a0    r-x
  0c0c4800    0c0c4800    000000a0   000000a0    r-x .text:_c_int00
80000000    80000000    00c5288e   00000000    rw-
  80000000    80000000    00afd688   00000000    rw- .far
  80afd688    80afd688    00071b56   00000000    rw- .MSMC0
  80b6f1e0    80b6f1e0    00071b56   00000000    rw- .fardata:Left
  80be0d38    80be0d38    00071b56   00000000    rw- .fardata:Right
80c52890    80c52890    000d91b0   000d91b0    r--
  80c52890    80c52890    000d91b0   000d91b0    r-- .cinit
a03e5000    a03e5000    00014772   00000000    rw-
  a03e5000    a03e5000    000120ac   00000000    rw- .qmss.1
  a03f70b0    a03f70b0    00000050   00000000    rw- gomp_data.1
  a03f7100    a03f7100    00002400   00000000    rw- .qmss.2
  a03f9500    a03f9500    00000272   00000000    rw- gomp_data.2
a03f9780    a03f9780    00000200   00000000    rw-
  a03f9780    a03f9780    00000200   00000000    rw- .cppi


SECTION ALLOCATION MAP

 output                                  attributes/
section   page    origin      length       input sections
--------  ----  ----------  ----------   ----------------
.localfar 
*          0    00800000    00033604     UNINITIALIZED
                  00800000    00020000     (.common:ti_sysbios_heaps_HeapMem_Instance_State_0_buf__A)
                  00820000    00008080     (.common:ti_uia_runtime_LoggerCircBuf_Instance_State_1_bufferArray__A)
                  00828080    00008000     (.common:xdc_runtime_SysMin_Module_State_0_outbuf__A)
                  00830080    00001000     omp_config_pe66.oe66 (.far:taskStackSection)
                  00831080    00000480     (.common:ti_uia_runtime_LoggerCircBuf_Instance_State_0_bufferArray__A)
                  00831500    00000280     (.common:ti_uia_runtime_LoggerCircBuf_Instance_State_2_bufferArray__A)
                  00831780    00000020     (.common:ti_sdo_utils_NameServer_Module_State_0_nsRemoteHandle__A)
                  008317a0    0000000c     (.common:ti_sysbios_knl_Task_Instance_State_0_hookEnv__A)
                  008317ac    00000004     --HOLE--
                  008317b0    0000000c     (.common:ti_sysbios_knl_Task_Instance_State_1_hookEnv__A)
                  008317bc    00000004     --HOLE--
                  008317c0    0000015c     (.common:ti_locks)
                  0083191c    00000004     --HOLE--
                  00831920    00000140     (.common:__TI_tmpnams)
                  00831a60    00000050     (.common:file_mutexes)
                  00831ab0    00000024     (.common:resource_mutexes)
                  00831ad4    00000004     --HOLE--
                  00831ad8    00000008     (.common:parmbuf)
                  00831ae0    00000800     omp_config_pe66.oe66 (.fardata:ti_sdo_ipc_GateMP_Module_State_0_remoteCustom1Gates__A)
                  008322e0    00000414     omp_config_pe66.oe66 (.fardata)
                  008326f4    00000004     --HOLE--
                  008326f8    00000180     omp_config_pe66.oe66 (.fardata:ti_sysbios_timers_timer64_Timer_Module_State_0_device__A)
                  00832878    00000114     omp_config_pe66.oe66 (.fardata:ti_uia_runtime_LoggerCircBuf_Object__table__V)
                  0083298c    00000004     --HOLE--
                  00832990    000000e0     omp_config_pe66.oe66 (.fardata:ti_sdo_utils_NameServer_Object__table__V)
                  00832a70    000000a0     omp_config_pe66.oe66 (.fardata:ti_sdo_ipc_Ipc_Module_State_0_procEntry__A)
                  00832b10    000000a0     omp_config_pe66.oe66 (.fardata:ti_sysbios_knl_Task_Object__table__V)
                  00832bb0    00000098     omp_config_pe66.oe66 (.fardata:ti_sysbios_timers_timer64_Timer_Object__table__V)
                  00832c48    00000090     omp_config_pe66.oe66 (.fardata:ti_sdo_ipc_SharedRegion_Module_State_0_regions__A)
                  00832cd8    00000080     omp_config_pe66.oe66 (.fardata:ti_sdo_ipc_GateMP_Module_State_0_remoteSystemGates__A)
                  00832d58    00000080     omp_config_pe66.oe66 (.fardata:ti_sysbios_knl_Swi_Module_State_0_readyQ__A)
                  00832dd8    00000080     omp_config_pe66.oe66 (.fardata:ti_sysbios_knl_Task_Module_State_0_readyQ__A)
                  00832e58    00000080     omp_config_pe66.oe66 (.fardata:ti_sysbios_timers_timer64_Timer_Module_State_0_gctrl__A)
                  00832ed8    00000080     omp_config_pe66.oe66 (.fardata:ti_sysbios_timers_timer64_Timer_Module_State_0_handles__A)
                  00832f58    00000080     omp_config_pe66.oe66 (.fardata:ti_sysbios_timers_timer64_Timer_Module_State_0_intFreqs__A)
                  00832fd8    00000040     omp_config_pe66.oe66 (.fardata:ti_sdo_ipc_MessageQ_Module_State_0_transports__A)
                  00833018    00000040     omp_config_pe66.oe66 (.fardata:ti_sdo_ipc_family_c647x_Interrupt_Module_State_0_fxnTable__A)
                  00833058    00000040     omp_config_pe66.oe66 (.fardata:ti_sysbios_gates_GateMutex_Object__table__V)
                  00833098    00000030     omp_config_pe66.oe66 (.fardata:ti_sysbios_knl_Swi_Object__table__V)
                  008330c8    00000020     omp_config_pe66.oe66 (.fardata:ti_sdo_ipc_MessageQ_Module_State_0_heaps__A)
                  008330e8    00000020     omp_config_pe66.oe66 (.fardata:ti_sdo_ipc_Notify_Module_State_0_notifyHandles__A)
                  00833108    00000020     omp_config_pe66.oe66 (.fardata:ti_sdo_ipc_transports_TransportShmSetup_Module_State_0_handles__A)
                  00833128    00000020     omp_config_pe66.oe66 (.fardata:xdc_runtime_System_Module_State_0_atexitHandlers__A)
                  00833148    00000018     omp_config_pe66.oe66 (.fardata:ti_sysbios_family_c64p_Hwi_Object__table__V)
                  00833160    00000018     omp_config_pe66.oe66 (.fardata:ti_sysbios_gates_GateMutexPri_Object__table__V)
                  00833178    00000018     omp_config_pe66.oe66 (.fardata:ti_sysbios_heaps_HeapMem_Object__table__V)
                  00833190    00000010     omp_config_pe66.oe66 (.fardata:ti_sysbios_gates_GateAll_Object__table__V)
                  008331a0    0000000c     omp_config_pe66.oe66 (.fardata:ti_omp_utils_HeapOMP_Object__table__V)
                  008331ac    00000004     --HOLE--
                  008331b0    0000000c     omp_config_pe66.oe66 (.fardata:ti_sysbios_gates_GateSwi_Object__table__V)
                  008331bc    00000004     --HOLE--
                  008331c0    00000008     omp_config_pe66.oe66 (.fardata:ti_sysbios_hal_Hwi_Object__table__V)
                  008331c8    00000008     omp_config_pe66.oe66 (.fardata:ti_sysbios_hal_Timer_Object__table__V)
                  008331d0    00000004     omp_config_pe66.oe66 (.fardata:ti_sdo_ipc_GateMP_Module_State_0_remoteCustom2Gates__A)
                  008331d4    00000004     --HOLE--
                  008331d8    00000004     omp_config_pe66.oe66 (.fardata:ti_sdo_ipc_Notify_Module_State_0_notifyHandles_0__A)
                  008331dc    00000004     --HOLE--
                  008331e0    00000004     omp_config_pe66.oe66 (.fardata:ti_sdo_ipc_Notify_Module_State_0_notifyHandles_1__A)
                  008331e4    00000004     --HOLE--
                  008331e8    00000004     omp_config_pe66.oe66 (.fardata:ti_sdo_ipc_Notify_Module_State_0_notifyHandles_2__A)
                  008331ec    00000004     --HOLE--
                  008331f0    00000004     omp_config_pe66.oe66 (.fardata:ti_sdo_ipc_Notify_Module_State_0_notifyHandles_3__A)
                  008331f4    00000004     --HOLE--
                  008331f8    00000004     omp_config_pe66.oe66 (.fardata:ti_sdo_ipc_Notify_Module_State_0_notifyHandles_4__A)
                  008331fc    00000004     --HOLE--
                  00833200    00000004     omp_config_pe66.oe66 (.fardata:ti_sdo_ipc_Notify_Module_State_0_notifyHandles_5__A)
                  00833204    00000004     --HOLE--
                  00833208    00000004     omp_config_pe66.oe66 (.fardata:ti_sdo_ipc_Notify_Module_State_0_notifyHandles_6__A)
                  0083320c    00000004     --HOLE--
                  00833210    00000004     omp_config_pe66.oe66 (.fardata:ti_sdo_ipc_Notify_Module_State_0_notifyHandles_7__A)
                  00833214    00000004     --HOLE--
                  00833218    00000004     omp_config_pe66.oe66 (.fardata:ti_sysbios_gates_GateHwi_Object__table__V)
                  0083321c    00000004     --HOLE--
                  00833220    00000004     omp_config_pe66.oe66 (.fardata:ti_sysbios_knl_Task_Module_State_0_idleTask__A)
                  00833224    00000004     --HOLE--
                  00833228    00000004     omp_config_pe66.oe66 (.fardata:ti_sysbios_utils_Load_Module_State_0_runningTask__A)
                  0083322c    00000004     --HOLE--
                  00833230    00000004     omp_config_pe66.oe66 (.fardata:ti_sysbios_utils_Load_Module_State_0_taskStartTime__A)
                  00833234    00000004     --HOLE--
                  00833238    00000004     omp_config_pe66.oe66 (.fardata:xdc_runtime_GateNull_Object__table__V)
                  0083323c    00000004     --HOLE--
                  00833240    000001e0     rts6600_elf_mt.lib : defs.obj (.fardata:_ftable)
                  00833420    000000a0                        : lowlev.obj (.fardata:_stream)
                  008334c0    00000078                        : lowlev.obj (.fardata:_device)
                  00833538    00000040                        : cos.obj (.fardata:R$1)
                  00833578    00000040                        : sin.obj (.fardata:R$1)
                  008335b8    00000018                        : _pthread.obj (.fardata)
                  008335d0    00000010                        : exit.obj (.fardata)
                  008335e0    0000000c                        : _data_synch.obj (.fardata)
                  008335ec    00000008                        : _mutex.obj (.fardata)
                  008335f4    00000004                        : _lock.obj (.fardata:_lock)
                  008335f8    00000004                        : _lock.obj (.fardata:_unlock)
                  008335fc    00000004                        : defs.obj (.fardata)
                  00833600    00000004                        : dtor_list.obj (.fardata)

.stack     0    00833608    00001000     UNINITIALIZED
                  00833608    00000008     boot.ae66 : boot.oe66 (.stack)
                  00833610    00000ff8     --HOLE--

ti.sdo.ipc.SharedRegion_1 
*          0    0c000000    00080000     NOLOAD SECTION
                  0c000000    00080000     --HOLE--

.bss       0    0c0c3cd4    00000004     UNINITIALIZED
                  0c0c3cd4    00000004     (.common:Ipc_sr0MemorySetup)

.neardata 
*          0    0c0c3cd8    00000000     UNINITIALIZED

.rodata    0    0c0c3cd8    00000000     UNINITIALIZED

.TI.tls_init 
*          0    0c0c3fbc    00000024     
                  0c0c3fbc    00000009     (.TI.tls_init..tdata.load) [load image, compression = rle]
                  0c0c3fc5    00000003     --HOLE-- [fill = 0]
                  0c0c3fc8    00000008     (.TI.tls_init..tbss.load) [load image, compression = zero_init]
                  0c0c3fd0    00000010     (.ovly:__TI_tls_init_table)

.binit     0    0c0c3fe0    0000001c     
                  0c0c3fe0    0000001c     (.binit)

.neardata 
*          0    0c0c4200    00000019     RUN ADDR = 0c0c3cd8
                  0c0c4200    00000010     ti.omp.navigatorOsal.C6678.ae66 : Navigatorosal.oe66 (.neardata)
                  0c0c4210    00000008     ti.uia.runtime.ae66 : QueueDescriptor.oe66 (.neardata)
                  0c0c4218    00000001     ti.drv.qmss.ae66 : qmss_drv.oe66 (.neardata)

.fardata   0    0c0c4220    0000019c     RUN ADDR = 0c0c3cf8
                  0c0c4220    00000120     ti.omp.navigator.C6678.ae66 : qmss_device.oe66 (.fardata:omp_qmssGblCfgParams)
                  0c0c4340    00000078                                 : cppi_device.oe66 (.fardata:omp_cppiGblCfgParams)
                  0c0c43b8    00000004     ti.drv.cppi.ae66 : cppi_drv.oe66 (.fardata)

.init_array 
*          0    00800000    00000000     UNINITIALIZED

.cinit     0    80c52890    000d91b0     
                  80c52890    0006c4ae     (.cinit..fardata:Right.load) [load image, compression = rle]
                  80cbed3e    00000002     --HOLE-- [fill = 0]
                  80cbed40    0006c19c     (.cinit..fardata:Left.load) [load image, compression = rle]
                  80d2aedc    00000a79     (.cinit..localfar.load) [load image, compression = rle]
                  80d2b955    00000003     --HOLE-- [fill = 0]
                  80d2b958    00000026     (.cinit.gomp_data.2.load) [load image, compression = rle]
                  80d2b97e    00000002     --HOLE-- [fill = 0]
                  80d2b980    0000000d     (.cinit..qmss.1.load) [load image, compression = rle]
                  80d2b98d    00000003     --HOLE-- [fill = 0]
                  80d2b990    0000000c     (__TI_handler_table)
                  80d2b99c    0000000b     (.cinit..qmss.2.load) [load image, compression = rle]
                  80d2b9a7    00000001     --HOLE-- [fill = 0]
                  80d2b9a8    00000009     (.cinit.gomp_data.1.load) [load image, compression = rle]
                  80d2b9b1    00000003     --HOLE-- [fill = 0]
                  80d2b9b4    00000008     (.cinit..MSMC0.load) [load image, compression = zero_init]
                  80d2b9bc    00000008     (.cinit..bss.load) [load image, compression = zero_init]
                  80d2b9c4    00000008     (.cinit..cppi.load) [load image, compression = zero_init]
                  80d2b9cc    00000008     (.cinit..far.load) [load image, compression = zero_init]
                  80d2b9d4    00000008     (.cinit..tls_tp.load) [load image, compression = zero_init]
                  80d2b9dc    00000004     --HOLE-- [fill = 0]
                  80d2b9e0    00000060     (__TI_cinit_table)

ti.sdo.ipc.SharedRegion_2 
*          0    90000000    01000000     NOLOAD SECTION
                  90000000    01000000     --HOLE--

ti.sdo.ipc.SharedRegion_0 
*          0    a03c0000    00025000     NOLOAD SECTION
                  a03c0000    00025000     --HOLE--

.init_array 
*          0    0c000000    00000000     UNINITIALIZED

.tls_tp    0    00833604    00000004     UNINITIALIZED
                  00833604    00000004     ti.omp.utils.ae66 : ThreadLocalStorage.oe66 (.tls_tp)

.cio       0    00834608    00000120     UNINITIALIZED
                  00834608    00000120     rts6600_elf_mt.lib : trgmsg.obj (.cio)

.text      0    0c080000    0003dec0     
                  0c080000    00004160     main.obj (.text)
                  0c084160    000011c0     ipc.lib : Ipc.obj (.text:ti_sdo_ipc_GateMP_Instance_init__F)
                  0c085320    00000a60             : Ipc.obj (.text:ti_sdo_ipc_heaps_HeapMemMP_alloc__E)
                  0c085d80    000009e0             : Ipc.obj (.text:ti_sdo_ipc_heaps_HeapMemMP_free__E)
                  0c086760    000009a0             : Ipc.obj (.text:Ipc_attach)
                  0c087100    00000960     NCC_sa_all.obj (.text)
                  0c087a60    00000920     ipc.lib : Ipc.obj (.text:ti_sdo_ipc_transports_TransportShm_Instance_init__F)
                  0c088380    000008a0             : Ipc.obj (.text:ti_sdo_ipc_ListMP_Instance_init__F)
                  0c088c20    000008a0     sysbios.ae66 : BIOS.obj (.text:ti_sysbios_family_c64p_Exception_handler__I)
                  0c0894c0    000008a0     ti.targets.rts6000.ae66 : System.oe66 (.text:xdc_runtime_System_doPrint__I)
                  0c089d60    00000880     rts6600_elf_mt.lib : _printfi.obj (.text:_pproc_diouxp)
                  0c08a5e0    00000860     ipc.lib : Ipc.obj (.text:ti_sdo_ipc_GateMP_Instance_finalize__F)
                  0c08ae40    00000840             : Ipc.obj (.text:MessageQ_put)
                  0c08b680    000007e0     ti.drv.qmss.ae66 : qmss_drv.oe66 (.text:Qmss_insertMemoryRegion)
                  0c08be60    00000780     rts6600_elf_mt.lib : _printfi.obj (.text:__TI_printfi)
                  0c08c5e0    00000780     ipc.lib : Ipc.obj (.text:ti_sdo_ipc_heaps_HeapMemMP_Instance_init__F)
                  0c08cd60    000006c0             : Ipc.obj (.text:ti_sdo_ipc_nsremote_NameServerRemoteNotify_Instance_init__F)
                  0c08d420    000006a0             : Ipc.obj (.text:NameServer_add)
                  0c08dac0    00000620             : Ipc.obj (.text:Notify_sendEvent)
                  0c08e0e0    00000620     sysbios.ae66 : BIOS.obj (.text:ti_sysbios_knl_Task_Instance_finalize__F)
                  0c08e700    00000600     rts6600_elf_mt.lib : divd.obj (.text:__c6xabi_divd)
                  0c08ed00    00000600     ti.omp.ae66 : team.oe66 (.text:gomp_team_start)
                  0c08f300    00000600     sysbios.ae66 : BIOS.obj (.text:ti_sysbios_heaps_HeapMem_alloc__E)
                  0c08f900    00000600                  : BIOS.obj (.text:ti_sysbios_knl_Semaphore_pend__E)
                  0c08ff00    000005e0     ipc.lib : Ipc.obj (.text:Notify_registerEventSingle)
                  0c0904e0    000005e0     sysbios.ae66 : BIOS.obj (.text:ti_sysbios_heaps_HeapMem_free__E)
                  0c090ac0    000005c0     ipc.lib : Ipc.obj (.text:ListMP_getHead)
                  0c091080    000005c0             : Ipc.obj (.text:Notify_unregisterEventSingle)
                  0c091640    000005c0             : Ipc.obj (.text:ti_sdo_ipc_SharedRegion_start__F)
                  0c091c00    000005a0     rts6600_elf_mt.lib : _printfi.obj (.text:_setfield)
                  0c0921a0    000005a0     sysbios.ae66 : BIOS.obj (.text:ti_sysbios_timers_timer64_Timer_Module_startup__F)
                  0c092740    00000580     ipc.lib : Ipc.obj (.text:ti_sdo_ipc_nsremote_NameServerRemoteNotify_get__F)
                  0c092cc0    00000580             : Ipc.obj (.text:ti_sdo_ipc_transports_TransportShm_put__E)
                  0c093240    00000560     rts6600_elf_mt.lib : _printfi.obj (.text:_pconv_g)
                  0c0937a0    00000540     ipc.lib : Ipc.obj (.text:ti_sdo_ipc_Ipc_procSyncStart__I)
                  0c093ce0    00000520     omp_config_pe66.oe66 (.text:xdc_runtime_System_printfExtend__I)
                  0c094200    00000500     sysbios.ae66 : BIOS.obj (.text:ti_sysbios_utils_Load_update__E)
                  0c094700    000004e0     ipc.lib : Ipc.obj (.text:ti_sdo_ipc_notifyDrivers_NotifyDriverShm_Instance_init__F)
                  0c094be0    000004a0     rts6600_elf_mt.lib : _printfi.obj (.text:_pconv_e)
                  0c095080    000004a0     ipc.lib : Ipc.obj (.text:ti_sdo_ipc_gates_GatePeterson_Instance_init__F)
                  0c095520    00000460             : Ipc.obj (.text:ti_sdo_ipc_GateMP_setRegion0Reserved__F)
                  0c095980    00000460             : Ipc.obj (.text:ti_sdo_ipc_Ipc_procSyncFinish__I)
                  0c095de0    00000440             : Ipc.obj (.text:ListMP_putTail)
                  0c096220    00000440     rts6600_elf_mt.lib : _printfi.obj (.text:_pconv_a)
                  0c096660    00000440     ipc.lib : Ipc.obj (.text:ti_sdo_ipc_heaps_HeapMemMP_getStats__E)
                  0c096aa0    00000440             : Ipc.obj (.text:ti_sdo_ipc_heaps_HeapMemMP_postInit__I)
                  0c096ee0    00000420     sysbios.ae66 : BIOS.obj (.text:ti_sysbios_gates_GateMutexPri_enter__E)
                  0c097300    00000420                  : BIOS.obj (.text:ti_sysbios_utils_Load_logLoads__I)
                  0c097720    00000400     ipc.lib : Ipc.obj (.text:ti_sdo_ipc_Notify_Instance_init__F)
                  0c097b20    00000400     sysbios.ae66 : BIOS.obj (.text:ti_sysbios_knl_Task_Instance_init__F)
                  0c097f20    000003e0                  : BIOS.obj (.text:ti_sysbios_knl_Task_setPri__E)
                  0c098300    000003c0     ti.drv.cppi.ae66 : cppi_desc.oe66 (.text:Cppi_initDescriptor)
                  0c0986c0    000003c0     ti.omp.navigator.C6678.ae66 : Navigator.oe66 (.text:sysInit)
                  0c098a80    000003c0     ti.omp.utils.ae66 : ThreadLocal.oe66 (.text:ti_omp_utils_ThreadLocal_setspecific__E)
                  0c098e40    000003c0     ipc.lib : Ipc.obj (.text:ti_sdo_ipc_SharedRegion_reserveMemory__F)
                  0c099200    000003a0     Stereo_Vision_sa.obj (.text)
                  0c0995a0    00000380     ipc.lib : Ipc.obj (.text:HeapMemMP_sharedMemReq)
                  0c099920    00000360     rts6600_elf_mt.lib : _printfi.obj (.text:acvt)
                  0c099c80    00000360     ti.omp.ae66 : task.oe66 (.text:gomp_barrier_handle_tasks)
                  0c099fe0    00000360                 : iter.oe66 (.text:gomp_iter_static_next)
                  0c09a340    00000340     ipc.lib : Ipc.obj (.text:GateMP_sharedMemReq)
                  0c09a680    00000340     ti.drv.qmss.ae66 : qmss_drv.oe66 (.text:Qmss_init)
                  0c09a9c0    00000340     rts6600_elf_mt.lib : fputs.obj (.text:fputs)
                  0c09ad00    00000340     ipc.lib : Ipc.obj (.text:ti_sdo_ipc_nsremote_NameServerRemoteNotify_swiFxn__I)
                  0c09b040    00000320     rts6600_elf_mt.lib : _printfi.obj (.text:_pproc_fgea)
                  0c09b360    00000320     ti.omp.utils.ae66 : ThreadLocal.oe66 (.text:ti_omp_utils_ThreadLocal_getspecific__E)
                  0c09b680    00000300     ipc.lib : Ipc.obj (.text:GateMP_openByAddr)
                  0c09b980    00000300     rts6600_elf_mt.lib : strtoul.obj (.text:strtoul)
                  0c09bc80    00000300     ipc.lib : Ipc.obj (.text:ti_sdo_ipc_transports_TransportShm_openByAddr__F)
                  0c09bf80    00000300     sysbios.ae66 : BIOS.obj (.text:ti_sysbios_family_c64p_Hwi_dispatchC__I)
                  0c09c280    000002e0     ipc.lib : Ipc.obj (.text:SharedRegion_getEntry)
                  0c09c560    000002e0             : Ipc.obj (.text:SharedRegion_getPtr)
                  0c09c840    000002e0     rts6600_elf_mt.lib : cos.obj (.text:cos)
                  0c09cb20    000002e0     sysbios.ae66 : BIOS.obj (.text:ti_sysbios_heaps_HeapMem_Instance_init__F)
                  0c09ce00    000002c0     ti.omp.ae66 : env.oe66 (.text:parse_affinity)
                  0c09d0c0    000002c0     ipc.lib : Ipc.obj (.text:ti_sdo_ipc_notifyDrivers_NotifyDriverShm_isr__I)
                  0c09d380    000002a0             : Ipc.obj (.text:Ipc_start)
                  0c09d620    000002a0             : Ipc.obj (.text:NameServer_getLocal)
                  0c09d8c0    000002a0     rts6600_elf_mt.lib : _printfi.obj (.text:_pproc_fwp)
                  0c09db60    000002a0                        : sin.obj (.text:sin)
                  0c09de00    000002a0     sysbios.ae66 : BIOS.obj (.text:ti_sysbios_knl_Clock_workFunc__E)
                  0c09e0a0    000002a0                  : BIOS.obj (.text:ti_sysbios_timers_timer64_Timer_deviceConfig__I)
                  0c09e340    000002a0     ti.uia.runtime.ae66 : LoggerCircBuf.oe66 (.text:ti_uia_runtime_LoggerCircBuf_write8__E)
                  0c09e5e0    00000280     ipc.lib : Ipc.obj (.text:SharedRegion_getSRPtr)
                  0c09e860    00000280     rts6600_elf_mt.lib : divf.obj (.text:__c6xabi_divf)
                  0c09eae0    00000280                        : _printfi.obj (.text:_pconv_f)
                  0c09ed60    00000280                        : _printfi.obj (.text:fcvt)
                  0c09efe0    00000280     ti.omp.ae66 : env.oe66 (.text:initialize_env)
                  0c09f260    00000280     ipc.lib : Ipc.obj (.text:ti_sdo_ipc_notifyDrivers_NotifyDriverShm_sharedMemReq__F)
                  0c09f4e0    00000280     ti.targets.rts6000.ae66 : Error.oe66 (.text:xdc_runtime_Error_raiseX__F)
                  0c09f760    00000260     ipc.lib : Ipc.obj (.text:ListMP_sharedMemReq)
                  0c09f9c0    00000260     NCC_sa_last_line.obj (.text)
                  0c09fc20    00000260     ti.omp.ae66 : env.oe66 (.text:parse_spincount)
                  0c09fe80    00000260     ti.omp.utils.ae66 : OpenMP.oe66 (.text:ti_omp_utils_OpenMP_masterTask__I)
                  0c0a00e0    00000260     ipc.lib : Ipc.obj (.text:ti_sdo_ipc_ListMP_Instance_finalize__F)
                  0c0a0340    00000260             : Ipc.obj (.text:ti_sdo_ipc_heaps_HeapMemMP_Instance_finalize__F)
                  0c0a05a0    00000260             : Ipc.obj (.text:ti_sdo_ipc_notifyDrivers_NotifyDriverShm_disableEvent__E)
                  0c0a0800    00000260     sysbios.ae66 : BIOS.obj (.text:ti_sysbios_family_c64p_Exception_internalHandler__I)
                  0c0a0a60    00000260                  : BIOS.obj (.text:ti_sysbios_knl_Semaphore_post__E)
                  0c0a0cc0    00000260     ti.targets.rts6000.ae66 : Startup.oe66 (.text:xdc_runtime_Startup_startMods__I)
                  0c0a0f20    00000240     ti.drv.cppi.ae66 : cppi_drv.oe66 (.text:Cppi_open)
                  0c0a1160    00000240     rts6600_elf_mt.lib : imath64.obj (.text:__c6xabi_divull)
                  0c0a13a0    00000240                        : _printfi.obj (.text:_ltostr)
                  0c0a15e0    00000240                        : fputc.obj (.text:fputc)
                  0c0a1820    00000240     ti.omp.utils.ae66 : OpenMP.oe66 (.text:ti_omp_utils_OpenMP_createThread__E)
                  0c0a1a60    00000240     sysbios.ae66 : BIOS.obj (.text:ti_sysbios_family_c64p_Hwi_reconfig__E)
                  0c0a1ca0    00000240                  : BIOS.obj (.text:ti_sysbios_knl_Task_exit__E)
                  0c0a1ee0    00000240     ti.uia.runtime.ae66 : LoggerCircBuf.oe66 (.text:ti_uia_runtime_LoggerCircBuf_write0__E)
                  0c0a2120    00000240                         : LoggerCircBuf.oe66 (.text:ti_uia_runtime_LoggerCircBuf_write1__E)
                  0c0a2360    00000240                         : LoggerCircBuf.oe66 (.text:ti_uia_runtime_LoggerCircBuf_write2__E)
                  0c0a25a0    00000240                         : LoggerCircBuf.oe66 (.text:ti_uia_runtime_LoggerCircBuf_write4__E)
                  0c0a27e0    00000240                         : LoggerCircBuf.oe66 (.text:ti_uia_runtime_LoggerCircBuf_writeMemoryRange__E)
                  0c0a2a20    00000220     ti.omp.ae66 : env.oe66 (.text:parse_schedule)
                  0c0a2c40    00000220     rts6600_elf_mt.lib : setvbuf.obj (.text:setvbuf)
                  0c0a2e60    00000220     sysbios.ae66 : BIOS.obj (.text:ti_sysbios_knl_Swi_run__I)
                  0c0a3080    00000220                  : BIOS.obj (.text:ti_sysbios_knl_Task_schedule__I)
                  0c0a32a0    00000220                  : BIOS.obj (.text:ti_sysbios_knl_Task_startCore__E)
                  0c0a34c0    00000220     ti.targets.rts6000.ae66 : Core-mem.oe66 (.text:xdc_runtime_Core_createObject__I)
                  0c0a36e0    00000200     ipc.lib : Ipc.obj (.text:GateMP_enter)
                  0c0a38e0    00000200             : Ipc.obj (.text:GateMP_leave)
                  0c0a3ae0    00000200             : Ipc.obj (.text:ListMP_openByAddr)
                  0c0a3ce0    00000200     ti.drv.qmss.ae66 : qmss_drv.oe66 (.text:Qmss_internalQueueOpen)
                  0c0a3ee0    00000200     sysbios.ae66 : c64p_Hwi_disp_always.obj (.text:_ti_sysbios_family_c64p_Hwi_dispatchAlways)
                  0c0a40e0    00000200     ti.drv.cppi.ae66 : cppi_heap.oe66 (.text:cppi_internal_heap_add)
                  0c0a42e0    00000200     ti.omp.ae66 : team.oe66 (.text:gomp_thread_start)
                  0c0a44e0    00000200     ipc.lib : Ipc.obj (.text:ti_sdo_ipc_notifyDrivers_NotifyDriverShm_sendEvent__E)
                  0c0a46e0    00000200             : Ipc.obj (.text:ti_sdo_ipc_transports_TransportShm_Instance_finalize__F)
                  0c0a48e0    00000200     sysbios.ae66 : BIOS.obj (.text:ti_sysbios_utils_Load_taskDeleteHook__E)
                  0c0a4ae0    000001e0     ipc.lib : Ipc.obj (.text:ti_sdo_ipc_GateMP_attach__F)
                  0c0a4cc0    000001e0             : Ipc.obj (.text:ti_sdo_ipc_GateMP_getFreeResource__I)
                  0c0a4ea0    000001e0     sysbios.ae66 : BIOS.obj (.text:ti_sysbios_family_c64p_Exception_externalHandler__I)
                  0c0a5080    000001e0                  : BIOS.obj (.text:ti_sysbios_knl_Swi_Instance_init__F)
                  0c0a5260    000001e0                  : BIOS.obj (.text:ti_sysbios_knl_Task_postInit__I)
                  0c0a5440    000001e0                  : BIOS.obj (.text:ti_sysbios_timers_timer64_Timer_getFreq__E)
                  0c0a5620    000001e0                  : BIOS.obj (.text:ti_sysbios_utils_Load_idleFxn__E)
                  0c0a5800    000001c0     ti.drv.cppi.ae66 : cppi_drv.oe66 (.text:Cppi_initCfg)
                  0c0a59c0    000001c0     Edge_Histogram.obj (.text)
                  0c0a5b80    000001c0     ipc.lib : Ipc.obj (.text:HeapMemMP_openByAddr)
                  0c0a5d40    000001c0     ti.drv.qmss.ae66 : qmss_drv.oe66 (.text:Qmss_internaldownloadFirmware)
                  0c0a5f00    000001c0     rts6600_elf_mt.lib : imath40.obj (.text:__c6xabi_divul)
                  0c0a60c0    000001c0     ti.omp.navigator.C6678.ae66 : Navigator.oe66 (.text:getsysHandles)
                  0c0a6280    000001c0     ti.omp.ae66 : team.oe66 (.text:gomp_new_team)
                  0c0a6440    000001c0     ti.omp.utils.ae66 : ThreadLocal.oe66 (.text:ti_omp_utils_ThreadLocal_key_delete__E)
                  0c0a6600    000001c0     ipc.lib : Ipc.obj (.text:ti_sdo_ipc_notifyDrivers_NotifyDriverShm_registerEvent__E)
                  0c0a67c0    000001c0     sysbios.ae66 : BIOS.obj (.text:ti_sysbios_family_c64p_Exception_decodeMpfsr__I)
                  0c0a6980    000001c0                  : BIOS.obj (.text:ti_sysbios_gates_GateMutex_enter__E)
                  0c0a6b40    000001c0                  : BIOS.obj (.text:ti_sysbios_timers_timer64_Timer_setPeriodMicroSecs__E)
                  0c0a6d00    000001c0     ti.targets.rts6000.ae66 : Text.oe66 (.text:xdc_runtime_Text_putSite__F)
                  0c0a6ec0    000001a0     rts6600_elf_mt.lib : trgdrv.obj (.text:HOSTrename)
                  0c0a7060    000001a0     ipc.lib : Ipc.obj (.text:SharedRegion_getCacheLineSize)
                  0c0a7200    000001a0             : Ipc.obj (.text:SharedRegion_getHeap)
                  0c0a73a0    000001a0             : Ipc.obj (.text:SharedRegion_isCacheEnabled)
                  0c0a7540    000001a0     rts6600_elf_mt.lib : frexp.obj (.text:frexp)
                  0c0a76e0    000001a0                        : lowlev.obj (.text:getdevice)
                  0c0a7880    000001a0     ipc.lib : Ipc.obj (.text:ti_sdo_ipc_GateMP_openRegion0Reserved__F)
                  0c0a7a20    000001a0             : Ipc.obj (.text:ti_sdo_ipc_notifyDrivers_NotifyDriverShm_enableEvent__E)
                  0c0a7bc0    000001a0             : Ipc.obj (.text:ti_sdo_ipc_notifyDrivers_NotifyDriverShm_unregisterEvent__E)
                  0c0a7d60    000001a0             : Ipc.obj (.text:ti_sdo_ipc_nsremote_NameServerRemoteNotify_attach__E)
                  0c0a7f00    000001a0     sysbios.ae66 : BIOS.obj (.text:ti_sysbios_family_c66_Cache_block__I)
                  0c0a80a0    000001a0                  : BIOS.obj (.text:ti_sysbios_heaps_HeapBuf_Module_startup__F)
                  0c0a8240    000001a0                  : BIOS.obj (.text:ti_sysbios_timers_timer64_Timer_start__E)
                  0c0a83e0    00000180     Dilation.obj (.text)
                  0c0a8560    00000180     ipc.lib : Ipc.obj (.text:MultiProc_setLocalId)
                  0c0a86e0    00000180             : Ipc.obj (.text:NameServer_getHandle)
                  0c0a8860    00000180             : Ipc.obj (.text:Notify_intLineRegistered)
                  0c0a89e0    00000180     ti.omp.ae66 : work.oe66 (.text:alloc_work_share)
                  0c0a8b60    00000180                 : parallel.oe66 (.text:gomp_resolve_num_threads)
                  0c0a8ce0    00000180                 : team.oe66 (.text:gomp_team_end)
                  0c0a8e60    00000180                 : env.oe66 (.text:parse_stacksize)
                  0c0a8fe0    00000180     rts6600_elf_mt.lib : _pthread.obj (.text:pthread_once)
                  0c0a9160    00000180     sysbios.ae66 : c64p_Exception_asm.obj (.text)
                  0c0a92e0    00000180     ipc.lib : Ipc.obj (.text:ti_sdo_ipc_MessageQ_registerTransport__F)
                  0c0a9460    00000180             : Ipc.obj (.text:ti_sdo_ipc_Notify_Module_startup__F)
                  0c0a95e0    00000180             : Ipc.obj (.text:ti_sdo_ipc_gates_GatePeterson_enter__E)
                  0c0a9760    00000180             : Ipc.obj (.text:ti_sdo_utils_NameServer_Module_startup__F)
                  0c0a98e0    00000180     sysbios.ae66 : BIOS.obj (.text:ti_sysbios_knl_Swi_schedule__I)
                  0c0a9a60    00000180                  : BIOS.obj (.text:ti_sysbios_knl_Task_unblockI__E)
                  0c0a9be0    00000160     rts6600_elf_mt.lib : _mutex.obj (.text:init_mutexes)
                  0c0a9d40    00000160     ti.omp.utils.C6678.ae66 : OpenMPDnldCore.oe66 (.text:reset_run_core)
                  0c0a9ea0    00000160     ti.omp.navigator.C6678.ae66 : Navigator.oe66 (.text:sysExit)
                  0c0aa000    00000160     ti.omp.utils.ae66 : OpenMP.oe66 (.text:ti_omp_utils_OpenMP_mainTaskExit__F)
                  0c0aa160    00000160     ipc.lib : Ipc.obj (.text:ti_sdo_ipc_GateMP_createLocal__F)
                  0c0aa2c0    00000160             : Ipc.obj (.text:ti_sdo_ipc_MessageQ_unregisterTransport__F)
                  0c0aa420    00000160             : Ipc.obj (.text:ti_sdo_ipc_gates_GateHWSem_Instance_init__F)
                  0c0aa580    00000160             : Ipc.obj (.text:ti_sdo_ipc_transports_TransportShm_sharedMemReq__F)
                  0c0aa6e0    00000160             : Ipc.obj (.text:ti_sdo_utils_NameServer_isRegistered__E)
                  0c0aa840    00000160             : Ipc.obj (.text:ti_sdo_utils_NameServer_registerRemoteDriver__E)
                  0c0aa9a0    00000160             : Ipc.obj (.text:ti_sdo_utils_NameServer_unregisterRemoteDriver__E)
                  0c0aab00    00000160     sysbios.ae66 : BIOS.obj (.text:ti_sysbios_utils_Load_taskCreateHook__E)
                  0c0aac60    00000140     ti.csl.ae66 : csl_chip.oe66 (.text:CSL_chipReadReg)
                  0c0aada0    00000140     ipc.lib : Ipc.obj (.text:GateMP_close)
                  0c0aaee0    00000140             : Ipc.obj (.text:Notify_attach)
                  0c0ab020    00000140     rts6600_elf_mt.lib : fclose.obj (.text:__TI_closefile)
                  0c0ab160    00000140     boot.ae66 : autoinit.oe66 (.text:_auto_init_elf)
                  0c0ab2a0    00000140     rts6600_elf_mt.lib : fseek.obj (.text:fseek)
                  0c0ab3e0    00000140     ti.omp.config.sysbios.ae66 : bar.oe66 (.text:gomp_team_barrier_wait_end)
                  0c0ab520    00000140     rts6600_elf_mt.lib : ldexp.obj (.text:ldexp)
                  0c0ab660    00000140     ipc.lib : Ipc.obj (.text:ti_sdo_ipc_Notify_exec__F)
                  0c0ab7a0    00000140     sysbios.ae66 : BIOS.obj (.text:ti_sysbios_family_c64p_Exception_Module_startup__F)
                  0c0ab8e0    00000140                  : BIOS.obj (.text:ti_sysbios_family_c64p_Hwi_Module_startup__F)
                  0c0aba20    00000140                  : BIOS.obj (.text:ti_sysbios_family_c66_Cache_Module_startup__F)
                  0c0abb60    00000140                  : BIOS.obj (.text:ti_sysbios_gates_GateSwi_enter__E)
                  0c0abca0    00000140                  : BIOS.obj (.text:ti_sysbios_knl_Semaphore_Instance_init__F)
                  0c0abde0    00000140                  : BIOS.obj (.text:ti_sysbios_knl_Swi_post__E)
                  0c0abf20    00000140                  : BIOS.obj (.text:ti_sysbios_knl_Task_Module_startup__F)
                  0c0ac060    00000140                  : BIOS.obj (.text:ti_sysbios_knl_Task_blockI__E)
                  0c0ac1a0    00000140                  : BIOS.obj (.text:ti_sysbios_knl_Task_yield__E)
                  0c0ac2e0    00000120     ti.omp.config.sysbios.ae66 : preinit.oe66 (.text:CSL_XMC_setXMPAXL)
                  0c0ac400    00000120     rts6600_elf_mt.lib : _mutex.obj (.text:__TI_file_lock)
                  0c0ac520    00000120     ti.omp.ae66 : team.oe66 (.text:gomp_free_thread)
                  0c0ac640    00000120     ipc.lib : Ipc.obj (.text:ti_sdo_ipc_MessageQ_Module_startup__F)
                  0c0ac760    00000120             : Ipc.obj (.text:ti_sdo_ipc_family_c647x_Interrupt_intRegister__E)
                  0c0ac880    00000120             : Ipc.obj (.text:ti_sdo_ipc_nsremote_NameServerRemoteNotify_Instance_finalize__F)
                  0c0ac9a0    00000120     sysbios.ae66 : BIOS.obj (.text:ti_sysbios_BIOS_rtsUnlock__I)
                  0c0acac0    00000120                  : BIOS.obj (.text:ti_sysbios_knl_Clock_startI__E)
                  0c0acbe0    00000120     ti.uia.runtime.ae66 : LoggerCircBuf.oe66 (.text:ti_uia_runtime_LoggerCircBuf_setFilterLevel__E)
                  0c0acd00    00000120     ti.targets.rts6000.ae66 : Text.oe66 (.text:xdc_runtime_Text_putMod__F)
                  0c0ace20    00000100     rts6600_elf_mt.lib : trgdrv.obj (.text:HOSTlseek)
                  0c0acf20    00000100                        : copy_decompress_rle.obj (.text:__TI_decompress_rle_core)
                  0c0ad020    00000100                        : _io_perm.obj (.text:__TI_wrt_ok)
                  0c0ad120    00000100                        : atoi.obj (.text:atoi)
                  0c0ad220    00000100                        : lowlev.obj (.text:close)
                  0c0ad320    00000100                        : cpy_tbl.obj (.text:copy_in)
                  0c0ad420    00000100                        : exit.obj (.text:exit)
                  0c0ad520    00000100     ti.omp.ae66 : team.oe66 (.text:initialize_team)
                  0c0ad620    00000100                 : env.oe66 (.text:parse_boolean)
                  0c0ad720    00000100                 : env.oe66 (.text:parse_unsigned_long)
                  0c0ad820    00000100                 : env.oe66 (.text:parse_wait_policy)
                  0c0ad920    00000100     ti.omp.utils.C6678.ae66 : OpenMPDnldCore.oe66 (.text:siu_ibl_download_core)
                  0c0ada20    00000100     ipc.lib : Ipc.obj (.text:ti_sdo_ipc_GateMP_start__F)
                  0c0adb20    00000100             : Ipc.obj (.text:ti_sdo_ipc_Notify_Instance_finalize__F)
                  0c0adc20    00000100             : Ipc.obj (.text:ti_sdo_ipc_SharedRegion_attach__F)
                  0c0add20    00000100             : Ipc.obj (.text:ti_sdo_ipc_SharedRegion_clearReservedMemory__F)
                  0c0ade20    00000100             : Ipc.obj (.text:ti_sdo_ipc_family_c647x_Interrupt_Module_startup__F)
                  0c0adf20    00000100             : Ipc.obj (.text:ti_sdo_ipc_gates_GateHWSem_Module_startup__F)
                  0c0ae020    00000100             : Ipc.obj (.text:ti_sdo_ipc_gates_GateMPSupportNull_enter__E)
                  0c0ae120    00000100             : Ipc.obj (.text:ti_sdo_ipc_gates_GateMPSupportNull_leave__E)
                  0c0ae220    00000100             : Ipc.obj (.text:ti_sdo_ipc_transports_TransportShmSetup_attach__E)
                  0c0ae320    00000100     sysbios.ae66 : BIOS.obj (.text:ti_sysbios_family_c64p_Hwi_Instance_finalize__F)
                  0c0ae420    00000100                  : BIOS.obj (.text:ti_sysbios_gates_GateMutexPri_leave__E)
                  0c0ae520    00000100                  : BIOS.obj (.text:ti_sysbios_knl_Swi_restoreHwi__E)
                  0c0ae620    00000100                  : BIOS.obj (.text:ti_sysbios_timers_timer64_Timer_initDevice__I)
                  0c0ae720    00000100                  : BIOS.obj (.text:ti_sysbios_utils_Load_addTask__E)
                  0c0ae820    00000100     ti.uia.runtime.ae66 : LoggerCircBuf.oe66 (.text:ti_uia_runtime_LoggerCircBuf_getFilterLevel__E)
                  0c0ae920    00000100     ti.targets.rts6000.ae66 : Core-mem.oe66 (.text:xdc_runtime_Core_deleteObject__I)
                  0c0aea20    00000100                             : Startup.oe66 (.text:xdc_runtime_Startup_exec__F)
                  0c0aeb20    00000100                             : Text.oe66 (.text:xdc_runtime_Text_visitRope2__I)
                  0c0aec20    000000e0     rts6600_elf_mt.lib : trgdrv.obj (.text:HOSTopen)
                  0c0aed00    000000e0                        : _mutex.obj (.text:__TI_resource_lock)
                  0c0aede0    000000e0                        : divi.obj (.text:__divi)
                  0c0aeec0    000000e0                        : _mutex.obj (.text:destroy_resource_mutexes)
                  0c0aefa0    000000e0     ti.omp.ae66 : work.oe66 (.text:gomp_init_work_share)
                  0c0af080    000000e0     rts6600_elf_mt.lib : ltoa.obj (.text:ltoa)
                  0c0af160    000000e0                        : memset.obj (.text:memset)
                  0c0af240    000000e0     ti.omp.utils.ae66 : OpenMPMem.oe66 (.text:ompBufferFree)
                  0c0af320    000000e0     rts6600_elf_mt.lib : printf.obj (.text:printf)
                  0c0af400    000000e0     ti.omp.utils.ae66 : ThreadLocal.oe66 (.text:ti_omp_utils_ThreadLocal_key_create__E)
                  0c0af4e0    000000e0     omp_config_pe66.oe66 (.text:ti_sdo_ipc_Notify_Object__create__S)
                  0c0af5c0    000000e0     ipc.lib : Ipc.obj (.text:ti_sdo_ipc_family_c647x_NotifySetup_attach__E)
                  0c0af6a0    000000e0             : Ipc.obj (.text:ti_sdo_ipc_gates_GateHWSem_enter__E)
                  0c0af780    000000e0     omp_config_pe66.oe66 (.text:ti_sdo_ipc_gates_GatePeterson_Object__create__S)
                  0c0af860    000000e0     omp_config_pe66.oe66 (.text:ti_sdo_ipc_nsremote_NameServerRemoteNotify_Object__create__S)
                  0c0af940    000000e0     omp_config_pe66.oe66 (.text:ti_sdo_ipc_transports_TransportShm_Object__create__S)
                  0c0afa20    000000e0     sysbios.ae66 : BIOS.obj (.text:ti_sysbios_family_c64p_Hwi_Instance_init__F)
                  0c0afb00    000000e0     omp_config_pe66.oe66 (.text:ti_sysbios_family_c64p_Hwi_Object__create__S)
                  0c0afbe0    000000e0     omp_config_pe66.oe66 (.text:ti_sysbios_knl_Swi_Object__create__S)
                  0c0afcc0    000000e0     omp_config_pe66.oe66 (.text:ti_sysbios_knl_Task_Object__create__S)
                  0c0afda0    000000e0     ti.uia.runtime.ae66 : LoggerCircBuf.oe66 (.text:ti_uia_runtime_LoggerCircBuf_getContents__E)
                  0c0afe80    000000e0                         : LoggerCircBuf.oe66 (.text:ti_uia_runtime_LoggerCircBuf_writeBlockOfMemory__I)
                  0c0aff60    000000e0     ti.targets.rts6000.ae66 : Error.oe66 (.text:xdc_runtime_Error_print__F)
                  0c0b0040    000000e0                             : Memory.oe66 (.text:xdc_runtime_Memory_alloc__F)
                  0c0b0120    000000c0     ti.drv.cppi.ae66 : cppi_drv.oe66 (.text:Cppi_close)
                  0c0b01e0    000000c0                      : cppi_drv.oe66 (.text:Cppi_exit)
                  0c0b02a0    000000c0     rts6600_elf_mt.lib : trgdrv.obj (.text:HOSTgetenv)
                  0c0b0360    000000c0                        : trgdrv.obj (.text:HOSTread)
                  0c0b0420    000000c0                        : trgdrv.obj (.text:HOSTunlink)
                  0c0b04e0    000000c0                        : trgdrv.obj (.text:HOSTwrite)
                  0c0b05a0    000000c0     ipc.lib : Ipc.obj (.text:HeapMemMP_create)
                  0c0b0660    000000c0             : Ipc.obj (.text:ListMP_create)
                  0c0b0720    000000c0             : Ipc.obj (.text:SharedRegion_getId)
                  0c0b07e0    000000c0     rts6600_elf_mt.lib : fflush.obj (.text:__TI_doflush)
                  0c0b08a0    000000c0                        : _mutex.obj (.text:__TI_resource_unlock)
                  0c0b0960    000000c0                        : dtor_list.obj (.text:__cxa_finalize)
                  0c0b0a20    000000c0                        : divu.obj (.text:__divu)
                  0c0b0ae0    000000c0                        : dtor_list.obj (.text:atexit)
                  0c0b0ba0    000000c0     ti.drv.cppi.ae66 : cppi_heap.oe66 (.text:cppi_internal_heap_release)
                  0c0b0c60    000000c0     ti.omp.ae66 : iter.oe66 (.text:gomp_iter_dynamic_next_locked)
                  0c0b0d20    000000c0     ti.omp.config.sysbios.ae66 : bar.oe66 (.text:gomp_sem_wait_concat)
                  0c0b0de0    000000c0     ti.omp.ae66 : work.oe66 (.text:gomp_work_share_start)
                  0c0b0ea0    000000c0     ti.omp.config.sysbios.ae66 : preinit.oe66 (.text:initMPAX)
                  0c0b0f60    000000c0     rts6600_elf_mt.lib : lowlev.obj (.text:lseek)
                  0c0b1020    000000c0                        : _pthread.obj (.text:pthread_mutex_lock)
                  0c0b10e0    000000c0                        : _pthread.obj (.text:pthread_mutex_unlock)
                  0c0b11a0    000000c0     ti.omp.utils.C6678.ae66 : OpenMPDnldCore.oe66 (.text:reset_core)
                  0c0b1260    000000c0     ti.omp.utils.ae66 : OpenMP.oe66 (.text:ti_omp_utils_OpenMP_threadSpawnLoop__I)
                  0c0b1320    000000c0                       : ThreadLocal.oe66 (.text:ti_omp_utils_ThreadLocal_exitFxn__F)
                  0c0b13e0    000000c0     omp_config_pe66.oe66 (.text:ti_sdo_ipc_GateMP_Object__create__S)
                  0c0b14a0    000000c0     ipc.lib : Ipc.obj (.text:ti_sdo_ipc_GateMP_getRegion0ReservedSize__F)
                  0c0b1560    000000c0     omp_config_pe66.oe66 (.text:ti_sdo_ipc_ListMP_Object__create__S)
                  0c0b1620    000000c0     ipc.lib : Ipc.obj (.text:ti_sdo_ipc_family_c647x_Interrupt_intShmStub__I)
                  0c0b16e0    000000c0     omp_config_pe66.oe66 (.text:ti_sdo_ipc_heaps_HeapMemMP_Object__create__S)
                  0c0b17a0    000000c0     omp_config_pe66.oe66 (.text:ti_sdo_ipc_notifyDrivers_NotifyDriverShm_Object__create__S)
                  0c0b1860    000000c0     sysbios.ae66 : BIOS.obj (.text:ti_sysbios_BIOS_errorRaiseHook__I)
                  0c0b1920    000000c0                  : BIOS.obj (.text:ti_sysbios_gates_GateAll_leave__E)
                  0c0b19e0    000000c0                  : BIOS.obj (.text:ti_sysbios_heaps_HeapMem_getStats__E)
                  0c0b1aa0    000000c0                  : BIOS.obj (.text:ti_sysbios_knl_Clock_logTick__E)
                  0c0b1b60    000000c0                  : BIOS.obj (.text:ti_sysbios_knl_Swi_Instance_finalize__F)
                  0c0b1c20    000000c0                  : BIOS.obj (.text:ti_sysbios_knl_Task_allBlockedFunction__I)
                  0c0b1ce0    000000c0                  : BIOS.obj (.text:ti_sysbios_timers_timer64_Timer_startup__E)
                  0c0b1da0    000000c0                  : BIOS.obj (.text:ti_sysbios_utils_Load_taskSwitchHook__E)
                  0c0b1e60    000000c0     ti.uia.runtime.ae66 : LoggerCircBuf.oe66 (.text:ti_uia_runtime_LoggerCircBuf_Instance_init__F)
                  0c0b1f20    000000c0                         : LoggerCircBuf.oe66 (.text:ti_uia_runtime_LoggerCircBuf_Module_startup__F)
                  0c0b1fe0    000000c0     omp_config_pe66.oe66 (.text:ti_uia_runtime_LoggerCircBuf_Object__create__S)
                  0c0b20a0    000000c0     ti.uia.runtime.ae66 : QueueDescriptor.oe66 (.text:ti_uia_runtime_QueueDescriptor_addToList__E)
                  0c0b2160    000000c0     rts6600_elf_mt.lib : tls.obj (.text:tls:init:__TI_tls_init)
                  0c0b2220    000000c0                        : vfprintf.obj (.text:vfprintf)
                  0c0b22e0    000000c0                        : lowlev.obj (.text:write)
                  0c0b23a0    000000c0     ti.targets.rts6000.ae66 : System.oe66 (.text:xdc_runtime_System_formatNum__I)
                  0c0b2460    000000c0     omp_config_pe66.oe66 (.text:xdc_runtime_knl_GateThread_Object__create__S)
                  0c0b2520    000000a0     ti.omp.config.sysbios.ae66 : preinit.oe66 (.text:CSL_XMC_getXMPAXL)
                  0c0b25c0    000000a0     ti.omp.ae66 : parallel.oe66 (.text:GOMP_parallel_end)
                  0c0b2660    000000a0     ti.drv.qmss.ae66 : qmss_drv.oe66 (.text:Qmss_queueClose)
                  0c0b2700    000000a0                      : qmss_drv.oe66 (.text:Qmss_startCfg)
                  0c0b27a0    000000a0     rts6600_elf_mt.lib : fopen.obj (.text:__TI_cleanup)
                  0c0b2840    000000a0                        : fltulld.obj (.text:__c6xabi_fltulld)
                  0c0b28e0    000000a0                        : round.obj (.text:__c6xabi_nround)
                  0c0b2980    000000a0                        : remu.obj (.text:__remu)
                  0c0b2a20    000000a0     sysbios.ae66 : c64p_Hwi_asm.obj (.text:_ti_sysbios_family_c64p_Hwi_plug__E)
                  0c0b2ac0    000000a0     ti.drv.cppi.ae66 : cppi_heap.oe66 (.text:cppi_internal_heap_malloc)
                  0c0b2b60    000000a0     ti.omp.config.sysbios.ae66 : bar.oe66 (.text:gomp_barrier_wait_end)
                  0c0b2c00    000000a0     ti.omp.ae66 : loop.oe66 (.text:gomp_loop_init)
                  0c0b2ca0    000000a0                 : parallel.oe66 (.text:gomp_sem_wait)
                  0c0b2d40    000000a0                 : sections.oe66 (.text:gomp_sem_wait)
                  0c0b2de0    000000a0                 : task.oe66 (.text:gomp_sem_wait)
                  0c0b2e80    000000a0                 : team.oe66 (.text:gomp_sem_wait)
                  0c0b2f20    000000a0                 : work.oe66 (.text:gomp_sem_wait)
                  0c0b2fc0    000000a0     ti.omp.config.sysbios.ae66 : bar.oe66 (.text:gomp_sem_wait)
                  0c0b3060    000000a0     ti.omp.ae66 : work.oe66 (.text:gomp_work_share_end)
                  0c0b3100    000000a0                 : work.oe66 (.text:gomp_work_share_end_nowait)
                  0c0b31a0    000000a0     ti.omp.navigator.C6678.ae66 : Navigator.oe66 (.text:init_Navigator)
                  0c0b3240    000000a0     rts6600_elf_mt.lib : memcpy64.obj (.text:memcpy)
                  0c0b32e0    000000a0                        : modf.obj (.text:modf)
                  0c0b3380    000000a0                        : _mutex.obj (.text:mutex_unlock)
                  0c0b3420    000000a0     ti.omp.utils.ae66 : OpenMPMem.oe66 (.text:ompBufferMgmtInit)
                  0c0b34c0    000000a0     rts6600_elf_mt.lib : _pthread.obj (.text:pthread_mutex_init)
                  0c0b3560    000000a0     omp_config_pe66.oe66 (.text:realloc)
                  0c0b3600    000000a0     rts6600_elf_mt.lib : strerror.obj (.text:strerror)
                  0c0b36a0    000000a0     ti.omp.utils.ae66 : OpenMP.oe66 (.text:ti_omp_utils_OpenMP_exitThread__F)
                  0c0b3740    000000a0     ipc.lib : Ipc.obj (.text:ti_sdo_ipc_family_c647x_Interrupt_intUnregister__E)
                  0c0b37e0    000000a0             : Ipc.obj (.text:ti_sdo_ipc_gates_GatePeterson_leave__E)
                  0c0b3880    000000a0             : Ipc.obj (.text:ti_sdo_ipc_notifyDrivers_NotifyDriverShm_Instance_finalize__F)
                  0c0b3920    000000a0     sysbios.ae66 : BIOS.obj (.text:ti_sysbios_family_c64p_Hwi_eventMap__E)
                  0c0b39c0    000000a0                  : BIOS.obj (.text:ti_sysbios_family_c64p_Hwi_getStackInfo__E)
                  0c0b3a60    000000a0                  : BIOS.obj (.text:ti_sysbios_gates_GateSwi_leave__E)
                  0c0b3b00    000000a0                  : BIOS.obj (.text:ti_sysbios_heaps_HeapMem_init__I)
                  0c0b3ba0    000000a0                  : BIOS.obj (.text:ti_sysbios_knl_Idle_run__E)
                  0c0b3c40    000000a0                  : BIOS.obj (.text:ti_sysbios_knl_Semaphore_pendTimeout__I)
                  0c0b3ce0    000000a0                  : BIOS.obj (.text:ti_sysbios_knl_Task_deleteTerminatedTasksFunc__I)
                  0c0b3d80    000000a0                  : BIOS.obj (.text:ti_sysbios_knl_Task_processVitalTaskFlag__I)
                  0c0b3e20    000000a0                  : BIOS.obj (.text:ti_sysbios_timers_timer64_Timer_stop__E)
                  0c0b3ec0    000000a0     ti.uia.runtime.ae66 : LoggerCircBuf.oe66 (.text:ti_uia_runtime_LoggerCircBuf_readBlockOfMemory__I)
                  0c0b3f60    000000a0                         : QueueDescriptor.oe66 (.text:ti_uia_runtime_QueueDescriptor_removeFromList__E)
                  0c0b4000    000000a0     ti.targets.rts6000.ae66 : Assert.oe66 (.text:xdc_runtime_Assert_raise__I)
                  0c0b40a0    000000a0                             : SysMin.oe66 (.text:xdc_runtime_SysMin_abort__F)
                  0c0b4140    000000a0                             : SysMin.oe66 (.text:xdc_runtime_SysMin_flush__F)
                  0c0b41e0    000000a0                             : SysMin.oe66 (.text:xdc_runtime_SysMin_putch__F)
                  0c0b4280    000000a0                             : Text.oe66 (.text:xdc_runtime_Text_xprintf__I)
                  0c0b4320    00000080     ti.omp.ae66 : sections.oe66 (.text:GOMP_sections_start)
                  0c0b43a0    00000080     rts6600_elf_mt.lib : trgdrv.obj (.text:HOSTclose)
                  0c0b4420    00000080     ti.drv.qmss.ae66 : qmss_drv.oe66 (.text:Qmss_getMemRegQueueHandle)
                  0c0b44a0    00000080                      : qmss_drv.oe66 (.text:Qmss_queueOpen)
                  0c0b4520    00000080     rts6600_elf_mt.lib : _mutex.obj (.text:__TI_file_unlock)
                  0c0b45a0    00000080                        : trgmsg.obj (.text:__TI_readmsg)
                  0c0b4620    00000080                        : trgmsg.obj (.text:__TI_writemsg)
                  0c0b46a0    00000080                        : fixdu.obj (.text:__c6xabi_fixdu)
                  0c0b4720    00000080                        : llshift.obj (.text:__c6xabi_llshl)
                  0c0b47a0    00000080     sysbios.ae66 : c62_TaskSupport_asm.obj (.text:_ti_sysbios_family_c62_TaskSupport_swap__E)
                  0c0b4820    00000080     ti.drv.cppi.ae66 : cppi_listlib.oe66 (.text:cppi_list_remove)
                  0c0b48a0    00000080     ti.omp.ae66 : work.oe66 (.text:free_work_share)
                  0c0b4920    00000080     ti.omp.config.sysbios.ae66 : bar.oe66 (.text:gomp_barrier_init)
                  0c0b49a0    00000080     ti.omp.ae66 : task.oe66 (.text:gomp_flush0)
                  0c0b4a20    00000080     ti.omp.config.sysbios.ae66 : bar.oe66 (.text:gomp_flush0)
                  0c0b4aa0    00000080     ti.omp.ae66 : task.oe66 (.text:gomp_init_task)
                  0c0b4b20    00000080                 : loop.oe66 (.text:gomp_parallel_loop_start)
                  0c0b4ba0    00000080                 : alloc.oe66 (.text:gomp_realloc)
                  0c0b4c20    00000080     ti.omp.config.sysbios.ae66 : bar.oe66 (.text:gomp_sem_post_num)
                  0c0b4ca0    00000080     ti.omp.utils.ae66 : OpenMPMem.oe66 (.text:ompBufferAlloc)
                  0c0b4d20    00000080     ti.omp.navigator.C6678.ae66 : Navigator.oe66 (.text:queue_pop_elem_wait)
                  0c0b4da0    00000080     omp_config_pe66.oe66 (.text:ti_omp_utils_HeapOMP_Object__create__S)
                  0c0b4e20    00000080     ti.omp.utils.ae66 : OpenMP.oe66 (.text:ti_omp_utils_OpenMP_mainTask__I)
                  0c0b4ea0    00000080                       : ThreadLocalStorage.oe66 (.text:ti_omp_utils_ThreadLocalStorage_createFxn__F)
                  0c0b4f20    00000080     omp_config_pe66.oe66 (.text:ti_sdo_ipc_MessageQ_Object__get__S)
                  0c0b4fa0    00000080     omp_config_pe66.oe66 (.text:ti_sdo_ipc_gates_GateHWSem_Object__create__S)
                  0c0b5020    00000080     omp_config_pe66.oe66 (.text:ti_sdo_ipc_gates_GateMPSupportNull_Object__create__S)
                  0c0b50a0    00000080     ipc.lib : Ipc.obj (.text:ti_sdo_ipc_nsremote_NameServerRemoteNotify_detach__E)
                  0c0b5120    00000080             : Ipc.obj (.text:ti_sdo_ipc_transports_TransportShm_swiFxn__I)
                  0c0b51a0    00000080     omp_config_pe66.oe66 (.text:ti_sdo_utils_List_Object__create__S)
                  0c0b5220    00000080     omp_config_pe66.oe66 (.text:ti_sdo_utils_NameServer_Object__get__S)
                  0c0b52a0    00000080     sysbios.ae66 : BIOS.obj (.text:ti_sysbios_BIOS_exit__E)
                  0c0b5320    00000080                  : BIOS.obj (.text:ti_sysbios_BIOS_registerRTSLock__I)
                  0c0b53a0    00000080                  : BIOS.obj (.text:ti_sysbios_family_c66_Cache_invL1pAll__E)
                  0c0b5420    00000080                  : BIOS.obj (.text:ti_sysbios_family_c66_Cache_wbInvAll__E)
                  0c0b54a0    00000080     omp_config_pe66.oe66 (.text:ti_sysbios_gates_GateAll_Object__create__S)
                  0c0b5520    00000080     omp_config_pe66.oe66 (.text:ti_sysbios_gates_GateHwi_Object__create__S)
                  0c0b55a0    00000080     omp_config_pe66.oe66 (.text:ti_sysbios_gates_GateMutexPri_Object__create__S)
                  0c0b5620    00000080     omp_config_pe66.oe66 (.text:ti_sysbios_gates_GateMutex_Object__create__S)
                  0c0b56a0    00000080     omp_config_pe66.oe66 (.text:ti_sysbios_gates_GateSwi_Object__create__S)
                  0c0b5720    00000080     sysbios.ae66 : BIOS.obj (.text:ti_sysbios_hal_Hwi_checkStack:ti_sysbios_hal_Hwi_checkStack)
                  0c0b57a0    00000080                  : BIOS.obj (.text:ti_sysbios_hal_Hwi_initStack:ti_sysbios_hal_Hwi_initStack)
                  0c0b5820    00000080     omp_config_pe66.oe66 (.text:ti_sysbios_heaps_HeapBuf_Object__get__S)
                  0c0b58a0    00000080     omp_config_pe66.oe66 (.text:ti_sysbios_heaps_HeapMem_Object__create__S)
                  0c0b5920    00000080     omp_config_pe66.oe66 (.text:ti_sysbios_heaps_HeapMem_Object__get__S)
                  0c0b59a0    00000080     sysbios.ae66 : BIOS.obj (.text:ti_sysbios_knl_Clock_Module_startup__F)
                  0c0b5a20    00000080                  : BIOS.obj (.text:ti_sysbios_knl_Clock_getTicks__E)
                  0c0b5aa0    00000080     omp_config_pe66.oe66 (.text:ti_sysbios_knl_Queue_Object__create__S)
                  0c0b5b20    00000080     omp_config_pe66.oe66 (.text:ti_sysbios_knl_Semaphore_Object__create__S)
                  0c0b5ba0    00000080     sysbios.ae66 : BIOS.obj (.text:ti_sysbios_knl_Swi_startup__E)
                  0c0b5c20    00000080                  : BIOS.obj (.text:ti_sysbios_knl_Task_restore__E)
                  0c0b5ca0    00000080                  : BIOS.obj (.text:ti_sysbios_timers_timer64_Timer_getCount__E)
                  0c0b5d20    00000080                  : BIOS.obj (.text:ti_sysbios_timers_timer64_Timer_getPeriod__E)
                  0c0b5da0    00000080     omp_config_pe66.oe66 (.text:ti_sysbios_xdcruntime_GateThreadSupport_Object__create__S)
                  0c0b5e20    00000080     omp_config_pe66.oe66 (.text:ti_uia_runtime_LoggerCircBuf_Object__get__S)
                  0c0b5ea0    00000080     ti.uia.runtime.ae66 : LoggerCircBuf.oe66 (.text:ti_uia_runtime_LoggerCircBuf_disable__E)
                  0c0b5f20    00000080                         : LoggerCircBuf.oe66 (.text:ti_uia_runtime_LoggerCircBuf_enable__E)
                  0c0b5fa0    00000080                         : LoggerCircBuf.oe66 (.text:ti_uia_runtime_LoggerCircBuf_filterOutEvent__I)
                  0c0b6020    00000080                         : LoggerCircBuf.oe66 (.text:ti_uia_runtime_LoggerCircBuf_reset__F)
                  0c0b60a0    00000080     ti.targets.rts6000.ae66 : Core-label.oe66 (.text:xdc_runtime_Core_assignLabel__I)
                  0c0b6120    00000080                             : Core-params.oe66 (.text:xdc_runtime_Core_assignParams__I)
                  0c0b61a0    00000080     omp_config_pe66.oe66 (.text:xdc_runtime_GateNull_Object__create__S)
                  0c0b6220    00000080     ti.targets.rts6000.ae66 : System.oe66 (.text:xdc_runtime_System_atexit__F)
                  0c0b62a0    00000080                             : System.oe66 (.text:xdc_runtime_System_putchar__I)
                  0c0b6320    00000080                             : System.oe66 (.text:xdc_runtime_System_rtsExit__I)
                  0c0b63a0    00000080                             : Text.oe66 (.text:xdc_runtime_Text_printVisFxn__I)
                  0c0b6420    00000060     ti.omp.navigatorOsal.C6678.ae66 : Navigatorosal.oe66 (.text:CACHE_invL1d)
                  0c0b6480    00000060                                     : Navigatorosal.oe66 (.text:CACHE_wbL1d)
                  0c0b64e0    00000060     ti.omp.config.sysbios.ae66 : preinit.oe66 (.text:CSL_XMC_getXMPAXH)
                  0c0b6540    00000060     ti.omp.navigator.C6678.ae66 : Navigator.oe66 (.text:Cppi_setSoftwareInfo0)
                  0c0b65a0    00000060                                 : Navigator.oe66 (.text:Create_Queue)
                  0c0b6600    00000060     ti.omp.ae66 : sections.oe66 (.text:GOMP_parallel_sections_start)
                  0c0b6660    00000060                 : sections.oe66 (.text:GOMP_sections_next)
                  0c0b66c0    00000060     ipc.lib : Ipc.obj (.text:GateMP_Params_init)
                  0c0b6720    00000060             : Ipc.obj (.text:HeapMemMP_Params_init)
                  0c0b6780    00000060     ti.omp.utils.ae66 : HeapOMP.oe66 (.text:HeapOMP_getHeapFromAddr)
                  0c0b67e0    00000060     ipc.lib : Ipc.obj (.text:Notify_numIntLines)
                  0c0b6840    00000060     rts6600_elf_mt.lib : frcmpyd_div.obj (.text:__TI_frcmpyd_div)
                  0c0b68a0    00000060                        : llshift.obj (.text:__c6xabi_llshru)
                  0c0b6900    00000060     ti.drv.cppi.ae66 : cppi_listlib.oe66 (.text:cppi_list_add)
                  0c0b6960    00000060     ti.omp.config.sysbios.ae66 : bar.oe66 (.text:gomp_barrier_destroy)
                  0c0b69c0    00000060     ti.omp.ae66 : work.oe66 (.text:gomp_barrier_wait_start)
                  0c0b6a20    00000060     ti.omp.config.sysbios.ae66 : bar.oe66 (.text:gomp_barrier_wait_start)
                  0c0b6a80    00000060     ti.omp.ae66 : task.oe66 (.text:gomp_clear_parent)
                  0c0b6ae0    00000060                 : work.oe66 (.text:gomp_fini_work_share)
                  0c0b6b40    00000060                 : parallel.oe66 (.text:gomp_icv)
                  0c0b6ba0    00000060                 : alloc.oe66 (.text:gomp_malloc)
                  0c0b6c00    00000060                 : team.oe66 (.text:gomp_new_icv)
                  0c0b6c60    00000060                 : work.oe66 (.text:gomp_ptrlock_get)
                  0c0b6cc0    00000060                 : parallel.oe66 (.text:gomp_sem_post)
                  0c0b6d20    00000060                 : sections.oe66 (.text:gomp_sem_post)
                  0c0b6d80    00000060                 : task.oe66 (.text:gomp_sem_post)
                  0c0b6de0    00000060                 : team.oe66 (.text:gomp_sem_post)
                  0c0b6e40    00000060                 : work.oe66 (.text:gomp_sem_post)
                  0c0b6ea0    00000060     ti.omp.config.sysbios.ae66 : bar.oe66 (.text:gomp_sem_post)
                  0c0b6f00    00000060                                : bar.oe66 (.text:gomp_team_barrier_wake)
                  0c0b6f60    00000060     ti.omp.ae66 : error.oe66 (.text:gomp_verror)
                  0c0b6fc0    00000060     omp_config_pe66.oe66 (.text:malloc)
                  0c0b7020    00000060     rts6600_elf_mt.lib : memccpy.obj (.text:memccpy)
                  0c0b7080    00000060                        : _pthread.obj (.text:pthread_mutex_destroy)
                  0c0b70e0    00000060     ti.omp.navigator.C6678.ae66 : Navigator.oe66 (.text:queue_push_elem)
                  0c0b7140    00000060     rts6600_elf_mt.lib : strncmp.obj (.text:strncmp)
                  0c0b71a0    00000060     ti.omp.ae66 : team.oe66 (.text:team_destructor)
                  0c0b7200    00000060     ti.omp.utils.ae66 : HeapOMP.oe66 (.text:ti_omp_utils_HeapOMP_alloc__E)
                  0c0b7260    00000060                       : OpenMP.oe66 (.text:ti_omp_utils_OpenMP_setProcId__I)
                  0c0b72c0    00000060                       : ThreadLocalStorage.oe66 (.text:ti_omp_utils_ThreadLocalStorage_deleteFxn__F)
                  0c0b7320    00000060     ipc.lib : Ipc.obj (.text:ti_sdo_ipc_family_c647x_NotifySetup_sharedMemReq__E)
                  0c0b7380    00000060             : Ipc.obj (.text:ti_sdo_ipc_gates_GateHWSem_leave__E)
                  0c0b73e0    00000060             : Ipc.obj (.text:ti_sdo_ipc_gates_GatePeterson_Instance_finalize__F)
                  0c0b7440    00000060             : Ipc.obj (.text:ti_sdo_ipc_gates_GatePeterson_sharedMemReq__E)
                  0c0b74a0    00000060             : Ipc.obj (.text:ti_sdo_ipc_notifyDrivers_NotifyDriverShm_setNotifyHandle__E)
                  0c0b7500    00000060             : Ipc.obj (.text:ti_sdo_ipc_transports_TransportShmSetup_sharedMemReq__E)
                  0c0b7560    00000060     omp_config_pe66.oe66 (.text:ti_sdo_utils_List_Object__get__S)
                  0c0b75c0    00000060     omp_config_pe66.oe66 (.text:ti_sysbios_BIOS_exitFunc__I)
                  0c0b7620    00000060     sysbios.ae66 : BIOS.obj (.text:ti_sysbios_BIOS_rtsLock__I)
                  0c0b7680    00000060                  : BIOS.obj (.text:ti_sysbios_family_c62_TaskSupport_start__E)
                  0c0b76e0    00000060                  : BIOS.obj (.text:ti_sysbios_gates_GateAll_enter__E)
                  0c0b7740    00000060                  : BIOS.obj (.text:ti_sysbios_gates_GateMutex_Instance_init__F)
                  0c0b77a0    00000060     omp_config_pe66.oe66 (.text:ti_sysbios_knl_Clock_doTick__I)
                  0c0b7800    00000060     omp_config_pe66.oe66 (.text:ti_sysbios_knl_Queue_Object__get__S)
                  0c0b7860    00000060     sysbios.ae66 : BIOS.obj (.text:ti_sysbios_knl_Swi_Module_startup__F)
                  0c0b78c0    00000060     omp_config_pe66.oe66 (.text:ti_sysbios_knl_Swi_Object__get__S)
                  0c0b7920    00000060     omp_config_pe66.oe66 (.text:ti_sysbios_knl_Task_Object__get__S)
                  0c0b7980    00000060     sysbios.ae66 : BIOS.obj (.text:ti_sysbios_knl_Task_enter__I)
                  0c0b79e0    00000060     ti.uia.runtime.ae66 : LogSync.oe66 (.text:ti_uia_runtime_LogSync_Module_startup__F)
                  0c0b7a40    00000060                         : LoggerCircBuf.oe66 (.text:ti_uia_runtime_LoggerCircBuf_Instance_finalize__F)
                  0c0b7aa0    00000060     rts6600_elf_mt.lib : lowlev.obj (.text:unlink)
                  0c0b7b00    00000060     omp_config_pe66.oe66 (.text:xdc_runtime_Error_raiseX__E)
                  0c0b7b60    00000060     ti.targets.rts6000.ae66 : Memory.oe66 (.text:xdc_runtime_Memory_calloc__F)
                  0c0b7bc0    00000060                             : Memory.oe66 (.text:xdc_runtime_Memory_valloc__F)
                  0c0b7c20    00000060                             : SysMin.oe66 (.text:xdc_runtime_SysMin_Module_startup__F)
                  0c0b7c80    00000060                             : SysMin.oe66 (.text:xdc_runtime_SysMin_exit__F)
                  0c0b7ce0    00000060     omp_config_pe66.oe66 (.text:xdc_runtime_SysMin_output__I)
                  0c0b7d40    00000060     ti.targets.rts6000.ae66 : System.oe66 (.text:xdc_runtime_System_avprintf__F)
                  0c0b7da0    00000060                             : System.oe66 (.text:xdc_runtime_System_vprintf__F)
                  0c0b7e00    00000060                             : Text.oe66 (.text:xdc_runtime_Text_cordText__F)
                  0c0b7e60    00000040     ti.omp.navigatorOsal.C6678.ae66 : Navigatorosal.oe66 (.text:CACHE_invL1dWait)
                  0c0b7ea0    00000040     ti.omp.ae66 : task.oe66 (.text:CACHE_wbInvAllL1d)
                  0c0b7ee0    00000040     ti.omp.config.sysbios.ae66 : bar.oe66 (.text:CACHE_wbInvAllL1d)
                  0c0b7f20    00000040     ti.omp.ae66 : task.oe66 (.text:CACHE_wbInvAllL1dWait)
                  0c0b7f60    00000040     ti.omp.config.sysbios.ae66 : bar.oe66 (.text:CACHE_wbInvAllL1dWait)
                  0c0b7fa0    00000040     ti.omp.ae66 : task.oe66 (.text:CACHE_wbInvAllL2)
                  0c0b7fe0    00000040     ti.omp.config.sysbios.ae66 : bar.oe66 (.text:CACHE_wbInvAllL2)
                  0c0b8020    00000040     ti.omp.ae66 : task.oe66 (.text:CACHE_wbInvAllL2Wait)
                  0c0b8060    00000040     ti.omp.config.sysbios.ae66 : bar.oe66 (.text:CACHE_wbInvAllL2Wait)
                  0c0b80a0    00000040     ti.omp.navigatorOsal.C6678.ae66 : Navigatorosal.oe66 (.text:CACHE_wbL1dWait)
                  0c0b80e0    00000040     ti.omp.config.sysbios.ae66 : preinit.oe66 (.text:CSL_XMC_setXMPAXH)
                  0c0b8120    00000040     ti.omp.ae66 : parallel.oe66 (.text:CSL_semAcquireDirect)
                  0c0b8160    00000040                 : sections.oe66 (.text:CSL_semAcquireDirect)
                  0c0b81a0    00000040                 : task.oe66 (.text:CSL_semAcquireDirect)
                  0c0b81e0    00000040                 : team.oe66 (.text:CSL_semAcquireDirect)
                  0c0b8220    00000040                 : work.oe66 (.text:CSL_semAcquireDirect)
                  0c0b8260    00000040     ti.omp.config.sysbios.ae66 : bar.oe66 (.text:CSL_semAcquireDirect)
                  0c0b82a0    00000040     ti.omp.navigatorOsal.C6678.ae66 : Navigatorosal.oe66 (.text:CSL_semAcquireDirect)
                  0c0b82e0    00000040     ti.omp.utils.ae66 : OpenMPMem.oe66 (.text:CSL_semAcquireDirect)
                  0c0b8320    00000040     ti.omp.ae66 : parallel.oe66 (.text:CSL_semReleaseSemaphore)
                  0c0b8360    00000040                 : sections.oe66 (.text:CSL_semReleaseSemaphore)
                  0c0b83a0    00000040                 : task.oe66 (.text:CSL_semReleaseSemaphore)
                  0c0b83e0    00000040                 : team.oe66 (.text:CSL_semReleaseSemaphore)
                  0c0b8420    00000040                 : work.oe66 (.text:CSL_semReleaseSemaphore)
                  0c0b8460    00000040     ti.omp.config.sysbios.ae66 : bar.oe66 (.text:CSL_semReleaseSemaphore)
                  0c0b84a0    00000040     ti.omp.navigatorOsal.C6678.ae66 : Navigatorosal.oe66 (.text:CSL_semReleaseSemaphore)
                  0c0b84e0    00000040     ti.omp.utils.ae66 : OpenMPMem.oe66 (.text:CSL_semReleaseSemaphore)
                  0c0b8520    00000040     ti.omp.navigator.C6678.ae66 : Navigator.oe66 (.text:Cppi_getSoftwareInfo0)
                  0c0b8560    00000040     ti.omp.ae66 : loop.oe66 (.text:GOMP_parallel_loop_static_start)
                  0c0b85a0    00000040                 : parallel.oe66 (.text:GOMP_parallel_start)
                  0c0b85e0    00000040     ti.omp.navigatorOsal.C6678.ae66 : Navigatorosal.oe66 (.text:Osal_cppiCsEnter)
                  0c0b8620    00000040                                     : Navigatorosal.oe66 (.text:Osal_cppiFree)
                  0c0b8660    00000040                                     : Navigatorosal.oe66 (.text:Osal_cppiMalloc)
                  0c0b86a0    00000040                                     : Navigatorosal.oe66 (.text:Osal_qmssBeginMemAccess)
                  0c0b86e0    00000040                                     : Navigatorosal.oe66 (.text:Osal_qmssCsEnter)
                  0c0b8720    00000040                                     : Navigatorosal.oe66 (.text:Osal_qmssEndMemAccess)
                  0c0b8760    00000040     ti.drv.qmss.ae66 : qmss_drv.oe66 (.text:Qmss_getMemRegDescSize)
                  0c0b87a0    00000040     ti.omp.navigator.C6678.ae66 : Navigator.oe66 (.text:Qmss_getQueueEntryCount)
                  0c0b87e0    00000040                                 : Navigator.oe66 (.text:Qmss_queueEmpty)
                  0c0b8820    00000040                                 : Navigator.oe66 (.text:Qmss_queuePop)
                  0c0b8860    00000040                                 : Navigator.oe66 (.text:Qmss_queuePushDesc)
                  0c0b88a0    00000040     rts6600_elf_mt.lib : _data_synch.obj (.text:__TI_data_synch_INV)
                  0c0b88e0    00000040                        : _data_synch.obj (.text:__TI_data_synch_WBINV)
                  0c0b8920    00000040                        : isinf.obj (.text:__c6xabi_isinf)
                  0c0b8960    00000040                        : _printfi.obj (.text:__c6xabi_isnan)
                  0c0b89a0    00000040                        : args_main.obj (.text:_args_main)
                  0c0b89e0    00000040                        : imath64.obj (.text:_subcull)
                  0c0b8a20    00000040     ti.omp.config.sysbios.ae66 : preinit.oe66 (.text:_system_pre_init)
                  0c0b8a60    00000040     sysbios.ae66 : c62_TaskSupport_asm.obj (.text:_ti_sysbios_family_c62_TaskSupport_buildTaskStack)
                  0c0b8aa0    00000040                  : c64p_Hwi_asm_switch.obj (.text:_ti_sysbios_family_xxx_Hwi_switchToIsrStack)
                  0c0b8ae0    00000040     ti.omp.navigator.C6678.ae66 : Navigator.oe66 (.text:exit_Navigator)
                  0c0b8b20    00000040     omp_config_pe66.oe66 (.text:free)
                  0c0b8b60    00000040     ti.omp.ae66 : team.oe66 (.text:free_team)
                  0c0b8ba0    00000040     ti.omp.config.sysbios.ae66 : bar.oe66 (.text:gomp_barrier_reinit)
                  0c0b8be0    00000040     ti.omp.ae66 : task.oe66 (.text:gomp_end_task)
                  0c0b8c20    00000040                 : error.oe66 (.text:gomp_error)
                  0c0b8c60    00000040                 : error.oe66 (.text:gomp_fatal)
                  0c0b8ca0    00000040                 : alloc.oe66 (.text:gomp_free)
                  0c0b8ce0    00000040                 : team.oe66 (.text:gomp_free_pool_helper)
                  0c0b8d20    00000040                 : critical.oe66 (.text:gomp_mutex_init)
                  0c0b8d60    00000040                 : env.oe66 (.text:gomp_mutex_init)
                  0c0b8da0    00000040                 : team.oe66 (.text:gomp_mutex_init)
                  0c0b8de0    00000040                 : work.oe66 (.text:gomp_mutex_init)
                  0c0b8e20    00000040     ti.omp.config.sysbios.ae66 : bar.oe66 (.text:gomp_mutex_init)
                  0c0b8e60    00000040     ti.omp.ae66 : team.oe66 (.text:gomp_new_thread_pool)
                  0c0b8ea0    00000040                 : work.oe66 (.text:gomp_ptrlock_init)
                  0c0b8ee0    00000040                 : sections.oe66 (.text:gomp_ptrlock_set)
                  0c0b8f20    00000040                 : sections.oe66 (.text:gomp_sections_init)
                  0c0b8f60    00000040                 : critical.oe66 (.text:gomp_sem_init)
                  0c0b8fa0    00000040                 : env.oe66 (.text:gomp_sem_init)
                  0c0b8fe0    00000040                 : task.oe66 (.text:gomp_sem_init)
                  0c0b9020    00000040                 : team.oe66 (.text:gomp_sem_init)
                  0c0b9060    00000040                 : work.oe66 (.text:gomp_sem_init)
                  0c0b90a0    00000040     ti.omp.config.sysbios.ae66 : bar.oe66 (.text:gomp_sem_init)
                  0c0b90e0    00000040     ti.omp.ae66 : task.oe66 (.text:gomp_team_barrier_waiting_for_tasks)
                  0c0b9120    00000040     ti.omp.config.sysbios.ae66 : thread.oe66 (.text:gomp_thread_create)
                  0c0b9160    00000040     ti.omp.ae66 : sections.oe66 (.text:gomp_work_share_init_done)
                  0c0b91a0    00000040                 : critical.oe66 (.text:initialize_critical)
                  0c0b91e0    00000040     ti.omp.utils.ae66 : ThreadLocalStorage.oe66 (.text:isTLSRequired)
                  0c0b9220    00000040     ti.omp.navigator.C6678.ae66 : Navigator.oe66 (.text:l2_global_address)
                  0c0b9260    00000040     ti.omp.ae66 : env.oe66 (.text:omp_check_defines)
                  0c0b92a0    00000040     rts6600_elf_mt.lib : _pthread.obj (.text:pthread_self)
                  0c0b92e0    00000040     omp_config_pe66.oe66 (.text:ti_omp_utils_HeapOMP_Handle__label__S)
                  0c0b9320    00000040     ti.omp.utils.ae66 : HeapOMP.oe66 (.text:ti_omp_utils_HeapOMP_Instance_init__F)
                  0c0b9360    00000040     omp_config_pe66.oe66 (.text:ti_omp_utils_HeapOMP_Object__delete__S)
                  0c0b93a0    00000040     ti.omp.utils.ae66 : HeapOMP.oe66 (.text:ti_omp_utils_HeapOMP_free__E)
                  0c0b93e0    00000040                       : ThreadLocalStorage.oe66 (.text:ti_omp_utils_ThreadLocalStorage_switchFxn__F)
                  0c0b9420    00000040                       : ThreadLocal.oe66 (.text:ti_omp_utils_ThreadLocal_createFxn__F)
[...]
0c0c3b30  ti_sysbios_timers_timer64_Timer_Module__diagsEnabled__C                   
0c0c3b34  ti_sysbios_timers_timer64_Timer_Module__diagsIncluded__C                  
0c0c3b38  ti_sysbios_timers_timer64_Timer_Module__diagsMask__C                      
0c0c3b3c  ti_sysbios_timers_timer64_Timer_anyMask__C                                
0c0c3b40  ti_sysbios_timers_timer64_Timer_freqDivisor__C                            
0c0c3b44  ti_sysbios_timers_timer64_Timer_numLocalTimers__C                         
0c0c3b48  ti_sysbios_timers_timer64_Timer_numTimerDevices__C                        
0c0c3b4c  ti_sysbios_utils_Load_LS_cpuLoad__C                                       
0c0c3b50  ti_sysbios_utils_Load_LS_hwiLoad__C                                       
0c0c3b54  ti_sysbios_utils_Load_LS_swiLoad__C                                       
0c0c3b58  ti_sysbios_utils_Load_LS_taskLoad__C                                      
0c0c3b5c  ti_sysbios_utils_Load_Module_State_taskList__O                            
0c0c3b60  ti_sysbios_utils_Load_Module__diagsEnabled__C                             
0c0c3b64  ti_sysbios_utils_Load_Module__diagsIncluded__C                            
0c0c3b68  ti_sysbios_utils_Load_Module__diagsMask__C                                
0c0c3b6c  ti_sysbios_utils_Load_Module__loggerFxn1__C                               
0c0c3b70  ti_sysbios_utils_Load_Module__loggerFxn2__C                               
0c0c3b74  ti_sysbios_utils_Load_Module__loggerFxn4__C                               
0c0c3b78  ti_sysbios_utils_Load_Module__loggerObj__C                                
0c0c3b7c  ti_sysbios_utils_Load_postUpdate__C                                       
0c0c3b80  ti_sysbios_utils_Load_windowInMs__C                                       
0c0c3b84  ti_sysbios_xdcruntime_GateThreadSupport_Instance_State_gate__O            
0c0c3b88  ti_uia_family_c66_TimestampC66XGlobal_timerBaseAdrs__C                    
0c0c3b8c  ti_uia_runtime_ILoggerSnapshot_Interface__BASE__C                         
0c0c3b90  ti_uia_runtime_IUIATransfer_Interface__BASE__C                            
0c0c3b94  ti_uia_runtime_LoggerCircBuf_E_badLevel__C                                
0c0c3b98  ti_uia_runtime_LoggerCircBuf_Object__count__C                             
0c0c3b9c  ti_uia_runtime_LoggerCircBuf_Object__table__C                             
0c0c3ba0  ti_uia_runtime_LoggerCircBuf_overflowLogger__C                            
0c0c3ba4  ti_uia_runtime_LoggerCircBuf_statusLogger__C                              
0c0c3ba8  xdc_runtime_Assert_E_assertFailed__C                                      
0c0c3bac  xdc_runtime_Core_A_initializedParams__C                                   
0c0c3bb0  xdc_runtime_Core_Module__diagsEnabled__C                                  
0c0c3bb4  xdc_runtime_Core_Module__diagsIncluded__C                                 
0c0c3bb8  xdc_runtime_Core_Module__diagsMask__C                                     
0c0c3bbc  xdc_runtime_Error_E_memory__C                                             
0c0c3bc0  xdc_runtime_Error_Module__diagsEnabled__C                                 
0c0c3bc4  xdc_runtime_Error_Module__diagsIncluded__C                                
0c0c3bc8  xdc_runtime_Error_Module__diagsMask__C                                    
0c0c3bcc  xdc_runtime_Error_Module__loggerFxn8__C                                   
0c0c3bd0  xdc_runtime_Error_Module__loggerObj__C                                    
0c0c3bd4  xdc_runtime_Error_policy__C                                               
0c0c3bd8  xdc_runtime_Error_raiseHook__C                                            
0c0c3bdc  xdc_runtime_IFilterLogger_Interface__BASE__C                              
0c0c3be0  xdc_runtime_IGateProvider_Interface__BASE__C                              
0c0c3be4  xdc_runtime_IHeap_Interface__BASE__C                                      
0c0c3be8  xdc_runtime_ILogger_Interface__BASE__C                                    
0c0c3bec  xdc_runtime_IModule_Interface__BASE__C                                    
0c0c3bf0  xdc_runtime_Log_L_error__C                                                
0c0c3bf4  xdc_runtime_Main_Module__diagsEnabled__C                                  
0c0c3bf8  xdc_runtime_Main_Module__diagsIncluded__C                                 
0c0c3bfc  xdc_runtime_Main_Module__diagsMask__C                                     
0c0c3c00  xdc_runtime_Memory_defaultHeapInstance__C                                 
0c0c3c04  xdc_runtime_Startup_execImpl__C                                           
0c0c3c08  xdc_runtime_Startup_maxPasses__C                                          
0c0c3c0c  xdc_runtime_Startup_sfxnRts__C                                            
0c0c3c10  xdc_runtime_Startup_sfxnTab__C                                            
0c0c3c14  xdc_runtime_Startup_startModsFxn__C                                       
0c0c3c18  xdc_runtime_SysMin_bufSize__C                                             
0c0c3c1c  xdc_runtime_SysMin_outputFunc__C                                          
0c0c3c20  xdc_runtime_System_A_cannotFitIntoArg__C                                  
0c0c3c24  xdc_runtime_System_Module__gateObj__C                                     
0c0c3c28  xdc_runtime_System_extendFxn__C                                           
0c0c3c2c  xdc_runtime_System_maxAtexitHandlers__C                                   
0c0c3c30  xdc_runtime_Text_charTab__C                                               
0c0c3c34  xdc_runtime_Text_nameEmpty__C                                             
0c0c3c38  xdc_runtime_Text_nameStatic__C                                            
0c0c3c3c  xdc_runtime_Text_nameUnknown__C                                           
0c0c3c40  xdc_runtime_Text_nodeTab__C                                               
0c0c3c44  xdc_runtime_Text_visitRopeFxn__C                                          
0c0c3c48  ti_sdo_ipc_GateMP_Module__id__C                                           
0c0c3c4a  ti_sdo_ipc_GateMP_Module__loggerDefined__C                                
0c0c3c4c  ti_sdo_ipc_Ipc_Module__id__C                                              
0c0c3c4e  ti_sdo_ipc_Ipc_generateSlaveDataForHost__C                                
0c0c3c50  ti_sdo_ipc_ListMP_Module__id__C                                           
0c0c3c52  ti_sdo_ipc_MessageQ_Module__id__C                                         
0c0c3c54  ti_sdo_ipc_MessageQ_Module__loggerDefined__C                              
0c0c3c56  ti_sdo_ipc_Notify_Module__id__C                                           
0c0c3c58  ti_sdo_ipc_Notify_numLines__C                                             
0c0c3c5a  ti_sdo_ipc_Notify_reservedEvents__C                                       
0c0c3c5c  ti_sdo_ipc_SharedRegion_Module__id__C                                     
0c0c3c5e  ti_sdo_ipc_SharedRegion_numEntries__C                                     
0c0c3c60  ti_sdo_ipc_SharedRegion_translate__C                                      
0c0c3c62  ti_sdo_ipc_family_c647x_Interrupt_enableKick__C                           
0c0c3c64  ti_sdo_ipc_gates_GateHWSem_Module__id__C                                  
0c0c3c66  ti_sdo_ipc_gates_GateMPSupportNull_Module__id__C                          
0c0c3c68  ti_sdo_ipc_gates_GatePeterson_Module__id__C                               
0c0c3c6a  ti_sdo_ipc_heaps_HeapMemMP_Module__id__C                                  
0c0c3c6c  ti_sdo_ipc_notifyDrivers_NotifyDriverShm_Module__id__C                    
0c0c3c6e  ti_sdo_ipc_nsremote_NameServerRemoteNotify_Module__id__C                  
0c0c3c70  ti_sdo_ipc_transports_TransportShm_Module__id__C                          
0c0c3c72  ti_sdo_ipc_transports_TransportShm_notifyEventId__C                       
0c0c3c74  ti_sdo_utils_MultiProc_Module__id__C                                      
0c0c3c76  ti_sdo_utils_MultiProc_numProcessors__C                                   
0c0c3c78  ti_sdo_utils_MultiProc_numProcsInCluster__C                               
0c0c3c7a  ti_sdo_utils_NameServer_Module__id__C                                     
0c0c3c7c  ti_sysbios_BIOS_Module__id__C                                             
0c0c3c7e  ti_sysbios_family_c64p_Exception_Module__id__C                            
0c0c3c80  ti_sysbios_family_c64p_Exception_enableExternalMPC__C                     
0c0c3c82  ti_sysbios_family_c64p_Exception_enablePrint__C                           
0c0c3c84  ti_sysbios_family_c64p_Exception_useInternalBuffer__C                     
0c0c3c86  ti_sysbios_family_c64p_Hwi_Module__id__C                                  
0c0c3c88  ti_sysbios_family_c64p_Hwi_Module__loggerDefined__C                       
0c0c3c8a  ti_sysbios_gates_GateMutexPri_Module__id__C                               
0c0c3c8c  ti_sysbios_gates_GateMutex_Module__id__C                                  
0c0c3c8e  ti_sysbios_gates_GateSwi_Module__id__C                                    
0c0c3c90  ti_sysbios_hal_Hwi_Module__id__C                                          
0c0c3c92  ti_sysbios_heaps_HeapMem_Module__id__C                                    
0c0c3c94  ti_sysbios_knl_Clock_Module__id__C                                        
0c0c3c96  ti_sysbios_knl_Clock_Module__loggerDefined__C                             
0c0c3c98  ti_sysbios_knl_Semaphore_Module__id__C                                    
0c0c3c9a  ti_sysbios_knl_Semaphore_Module__loggerDefined__C                         
0c0c3c9c  ti_sysbios_knl_Swi_Module__id__C                                          
0c0c3c9e  ti_sysbios_knl_Swi_Module__loggerDefined__C                               
0c0c3ca0  ti_sysbios_knl_Task_Module__id__C                                         
0c0c3ca2  ti_sysbios_knl_Task_Module__loggerDefined__C                              
0c0c3ca4  ti_sysbios_knl_Task_deleteTerminatedTasks__C                              
0c0c3ca6  ti_sysbios_knl_Task_initStackFlag__C                                      
0c0c3ca8  ti_sysbios_timers_timer64_Timer_Module__id__C                             
0c0c3caa  ti_sysbios_timers_timer64_Timer_startupNeeded__C                          
0c0c3cac  ti_sysbios_utils_Load_Module__id__C                                       
0c0c3cae  ti_sysbios_utils_Load_Module__loggerDefined__C                            
0c0c3cb0  ti_sysbios_utils_Load_autoAddTasks__C                                     
0c0c3cb2  ti_sysbios_utils_Load_hwiEnabled__C                                       
0c0c3cb4  ti_sysbios_utils_Load_swiEnabled__C                                       
0c0c3cb6  ti_sysbios_utils_Load_taskEnabled__C                                      
0c0c3cb8  ti_sysbios_utils_Load_updateInIdle__C                                     
0c0c3cba  ti_uia_runtime_LoggerCircBuf_Module__id__C                                
0c0c3cbc  ti_uia_runtime_LoggerCircBuf_filterByLevel__C                             
0c0c3cbe  ti_uia_runtime_LoggerCircBuf_isTimestampEnabled__C                        
0c0c3cc0  xdc_runtime_Core_Module__id__C                                            
0c0c3cc2  xdc_runtime_Error_Module__loggerDefined__C                                
0c0c3cc4  xdc_runtime_Error_maxDepth__C                                             
0c0c3cc6  xdc_runtime_Memory_Module__id__C                                          
0c0c3cc8  xdc_runtime_SysMin_flushAtExit__C                                         
0c0c3cca  xdc_runtime_Text_charCnt__C                                               
0c0c3ccc  xdc_runtime_Text_isLoaded__C                                              
0c0c3cce  xdc_runtime_Text_registryModsLastId__C                                    
0c0c3cd0  xdc_runtime_Text_unnamedModsLastId__C                                     
0c0c3cd4  Ipc_sr0MemorySetup                                                        
0c0c3cd8  __TI_STATIC_BASE                                                          
0c0c3cd8  qmssMallocCounter                                                         
0c0c3cdc  qmssFreeCounter                                                           
0c0c3ce0  cppiMallocCounter                                                         
0c0c3ce4  cppiFreeCounter                                                           
0c0c3ce8  ti_uia_runtime_QueueDescriptor_gPtrToFirstDescriptor                      
0c0c3cec  ti_uia_runtime_QueueDescriptor_gUpdateCount                               
0c0c3cf0  qmssLObjIsValid                                                           
0c0c3cf8  omp_qmssGblCfgParams                                                      
0c0c3e18  omp_cppiGblCfgParams                                                      
0c0c3e90  cppiLObj                                                                  
0c0c3fd0  __TI_TLS_INIT_Base                                                        
0c0c3fe0  __TI_TLS_INIT_Limit                                                       
0c0c3fe0  __TI_table_binit                                                          
0c0c3fe0  __binit__                                                                 
0c0c3fe0  binit                                                                     
0c0c4000  ti_sysbios_family_c64p_Hwi0                                               
0c0c4000  ti_sysbios_family_c64p_Hwi_int0                                           
0c0c4020  ti_sysbios_family_c64p_Hwi_int1                                           
0c0c4040  ti_sysbios_family_c64p_Hwi_int2                                           
0c0c4060  ti_sysbios_family_c64p_Hwi_int3                                           
0c0c4080  ti_sysbios_family_c64p_Hwi_int4                                           
0c0c40a0  ti_sysbios_family_c64p_Hwi_int5                                           
0c0c40c0  ti_sysbios_family_c64p_Hwi_int6                                           
0c0c40e0  ti_sysbios_family_c64p_Hwi_int7                                           
0c0c4100  ti_sysbios_family_c64p_Hwi_int8                                           
0c0c4120  ti_sysbios_family_c64p_Hwi_int9                                           
0c0c4140  ti_sysbios_family_c64p_Hwi_int10                                          
0c0c4160  ti_sysbios_family_c64p_Hwi_int11                                          
0c0c4180  ti_sysbios_family_c64p_Hwi_int12                                          
0c0c41a0  ti_sysbios_family_c64p_Hwi_int13                                          
0c0c41c0  ti_sysbios_family_c64p_Hwi_int14                                          
0c0c41e0  ti_sysbios_family_c64p_Hwi_int15                                          
0c0c43c0  __TI_TLS_MAIN_THREAD_Base                                                 
0c0c43c0  errno                                                                     
0c0c4800  _c_int00                                                                  
80000000  Lookup_L                                                                  
8038dab0  Lookup_R                                                                  
8071b560  Coedge                                                                    
808e22b8  Edgeleft                                                                  
80953e10  New_Dis                                                                   
809c5968  dil                                                                       
80a374c0  ero                                                                       
80aa9018  Acu                                                                       
80aecdb8  VDisbin                                                                   
80af5190  VDisbin1                                                                  
80afd568  qmssLObj                                                                  
80afd688  Disparity                                                                 
80b6f1e0  Left                                                                      
80be0d38  Right                                                                     
80d2b990  __TI_Handler_Table_Base                                                   
80d2b99c  __TI_Handler_Table_Limit                                                  
80d2b9e0  __TI_CINIT_Base                                                           
80d2ba40  __TI_CINIT_Limit                                                          
a03e5000  linkingRAM0                                                               
a03f5000  eventDesc                                                                 
a03f7000  cpdmaCfg                                                                  
a03f7018  qmssInitConfig                                                            
a03f7044  memInfo                                                                   
a03f705c  descCfg                                                                   
a03f708c  cppiHnd                                                                   
a03f7090  completionQueHnd                                                          
a03f7094  eventQueHnd                                                               
a03f7098  EventFreeDescHnd                                                          
a03f709c  releaseHnd                                                                
a03f70a0  release                                                                   
a03f70a4  runCount                                                                  
a03f70a8  isQMSSInitialized                                                         
a03f70b0  gomp_thread_attr                                                          
a03f70e8  gomp_thread_destructor                                                    
a03f70ec  gomp_main_exit                                                            
a03f70f0  BufferMgmt                                                                
a03f70fc  gomp_tls_key                                                              
a03f7100  queueFree                                                                 
a03f9100  qmssGObj                                                                  
a03f96d0  ThreadLocal_destructors                                                   
a03f9710  gomp_cpu_affinity                                                         
a03f9714  gomp_cpu_affinity_len                                                     
a03f9718  gomp_remaining_threads_count                                              
a03f971c  gomp_remaining_threads_lock                                               
a03f9728  gomp_spin_count_var                                                       
a03f9730  gomp_throttled_spin_count_var                                             
a03f9738  gomp_global_icv                                                           
a03f9748  gomp_max_active_levels_var                                                
a03f974c  gomp_thread_limit_var                                                     
a03f9750  gomp_available_cpus                                                       
a03f9754  gomp_managed_threads                                                      
a03f9770  ThreadLocal_usedKeys                                                      
a03f9780  cppiObject                                                                
ffffffff  __TI_pprof_out_hndl                                                       
ffffffff  __TI_prof_data_size                                                       
ffffffff  __TI_prof_data_start                                                      
ffffffff  __c_args__                                                                
UNDEFED   __TI_INITARRAY_Base                                                       
UNDEFED   __TI_INITARRAY_Limit                                                      

[1699 symbols]
